14:32:50 **** Clean-only build of configuration Debug for project Humanoid_Blackbill2 ****
make -j3 clean 
rm -rf ./Drivers/STM32F4xx_HAL_Driver/Src/stm32f4xx_hal.cyclo ./Drivers/STM32F4xx_HAL_Driver/Src/stm32f4xx_hal.d ./Drivers/STM32F4xx_HAL_Driver/Src/stm32f4xx_hal.o ./Drivers/STM32F4xx_HAL_Driver/Src/stm32f4xx_hal.su ./Drivers/STM32F4xx_HAL_Driver/Src/stm32f4xx_hal_cortex.cyclo ./Drivers/STM32F4xx_HAL_Driver/Src/stm32f4xx_hal_cortex.d ./Drivers/STM32F4xx_HAL_Driver/Src/stm32f4xx_hal_cortex.o ./Drivers/STM32F4xx_HAL_Driver/Src/stm32f4xx_hal_cortex.su ./Drivers/STM32F4xx_HAL_Driver/Src/stm32f4xx_hal_dma.cyclo ./Drivers/STM32F4xx_HAL_Driver/Src/stm32f4xx_hal_dma.d ./Drivers/STM32F4xx_HAL_Driver/Src/stm32f4xx_hal_dma.o ./Drivers/STM32F4xx_HAL_Driver/Src/stm32f4xx_hal_dma.su ./Drivers/STM32F4xx_HAL_Driver/Src/stm32f4xx_hal_dma_ex.cyclo ./Drivers/STM32F4xx_HAL_Driver/Src/stm32f4xx_hal_dma_ex.d ./Drivers/STM32F4xx_HAL_Driver/Src/stm32f4xx_hal_dma_ex.o ./Drivers/STM32F4xx_HAL_Driver/Src/stm32f4xx_hal_dma_ex.su ./Drivers/STM32F4xx_HAL_Driver/Src/stm32f4xx_hal_exti.cyclo ./Drivers/STM32F4xx_HAL_Driver/Src/stm32f4xx_hal_exti.d ./Drivers/STM32F4xx_HAL_Driver/Src/stm32f4xx_hal_exti.o ./Drivers/STM32F4xx_HAL_Driver/Src/stm32f4xx_hal_exti.su ./Drivers/STM32F4xx_HAL_Driver/Src/stm32f4xx_hal_flash.cyclo ./Drivers/STM32F4xx_HAL_Driver/Src/stm32f4xx_hal_flash.d ./Drivers/STM32F4xx_HAL_Driver/Src/stm32f4xx_hal_flash.o ./Drivers/STM32F4xx_HAL_Driver/Src/stm32f4xx_hal_flash.su ./Drivers/STM32F4xx_HAL_Driver/Src/stm32f4xx_hal_flash_ex.cyclo ./Drivers/STM32F4xx_HAL_Driver/Src/stm32f4xx_hal_flash_ex.d ./Drivers/STM32F4xx_HAL_Driver/Src/stm32f4xx_hal_flash_ex.o ./Drivers/STM32F4xx_HAL_Driver/Src/stm32f4xx_hal_flash_ex.su ./Drivers/STM32F4xx_HAL_Driver/Src/stm32f4xx_hal_flash_ramfunc.cyclo ./Drivers/STM32F4xx_HAL_Driver/Src/stm32f4xx_hal_flash_ramfunc.d ./Drivers/STM32F4xx_HAL_Driver/Src/stm32f4xx_hal_flash_ramfunc.o ./Drivers/STM32F4xx_HAL_Driver/Src/stm32f4xx_hal_flash_ramfunc.su ./Drivers/STM32F4xx_HAL_Driver/Src/stm32f4xx_hal_gpio.cyclo ./Drivers/STM32F4xx_HAL_Driver/Src/stm32f4xx_hal_gpio.d ./Drivers/STM32F4xx_HAL_Driver/Src/stm32f4xx_hal_gpio.o ./Drivers/STM32F4xx_HAL_Driver/Src/stm32f4xx_hal_gpio.su ./Drivers/STM32F4xx_HAL_Driver/Src/stm32f4xx_hal_i2c.cyclo ./Drivers/STM32F4xx_HAL_Driver/Src/stm32f4xx_hal_i2c.d ./Drivers/STM32F4xx_HAL_Driver/Src/stm32f4xx_hal_i2c.o ./Drivers/STM32F4xx_HAL_Driver/Src/stm32f4xx_hal_i2c.su ./Drivers/STM32F4xx_HAL_Driver/Src/stm32f4xx_hal_i2c_ex.cyclo ./Drivers/STM32F4xx_HAL_Driver/Src/stm32f4xx_hal_i2c_ex.d ./Drivers/STM32F4xx_HAL_Driver/Src/stm32f4xx_hal_i2c_ex.o ./Drivers/STM32F4xx_HAL_Driver/Src/stm32f4xx_hal_i2c_ex.su ./Drivers/STM32F4xx_HAL_Driver/Src/stm32f4xx_hal_pwr.cyclo ./Drivers/STM32F4xx_HAL_Driver/Src/stm32f4xx_hal_pwr.d ./Drivers/STM32F4xx_HAL_Driver/Src/stm32f4xx_hal_pwr.o ./Drivers/STM32F4xx_HAL_Driver/Src/stm32f4xx_hal_pwr.su ./Drivers/STM32F4xx_HAL_Driver/Src/stm32f4xx_hal_pwr_ex.cyclo ./Drivers/STM32F4xx_HAL_Driver/Src/stm32f4xx_hal_pwr_ex.d ./Drivers/STM32F4xx_HAL_Driver/Src/stm32f4xx_hal_pwr_ex.o ./Drivers/STM32F4xx_HAL_Driver/Src/stm32f4xx_hal_pwr_ex.su ./Drivers/STM32F4xx_HAL_Driver/Src/stm32f4xx_hal_rcc.cyclo ./Drivers/STM32F4xx_HAL_Driver/Src/stm32f4xx_hal_rcc.d ./Drivers/STM32F4xx_HAL_Driver/Src/stm32f4xx_hal_rcc.o ./Drivers/STM32F4xx_HAL_Driver/Src/stm32f4xx_hal_rcc.su ./Drivers/STM32F4xx_HAL_Driver/Src/stm32f4xx_hal_rcc_ex.cyclo ./Drivers/STM32F4xx_HAL_Driver/Src/stm32f4xx_hal_rcc_ex.d ./Drivers/STM32F4xx_HAL_Driver/Src/stm32f4xx_hal_rcc_ex.o ./Drivers/STM32F4xx_HAL_Driver/Src/stm32f4xx_hal_rcc_ex.su ./Drivers/STM32F4xx_HAL_Driver/Src/stm32f4xx_hal_tim.cyclo ./Drivers/STM32F4xx_HAL_Driver/Src/stm32f4xx_hal_tim.d ./Drivers/STM32F4xx_HAL_Driver/Src/stm32f4xx_hal_tim.o ./Drivers/STM32F4xx_HAL_Driver/Src/stm32f4xx_hal_tim.su ./Drivers/STM32F4xx_HAL_Driver/Src/stm32f4xx_hal_tim_ex.cyclo ./Drivers/STM32F4xx_HAL_Driver/Src/stm32f4xx_hal_tim_ex.d ./Drivers/STM32F4xx_HAL_Driver/Src/stm32f4xx_hal_tim_ex.o ./Drivers/STM32F4xx_HAL_Driver/Src/stm32f4xx_hal_tim_ex.su
rm -rf ./Core/Startup/startup_stm32f401rctx.d ./Core/Startup/startup_stm32f401rctx.o
rm -rf ./Core/Src/main.cyclo ./Core/Src/main.d ./Core/Src/main.o ./Core/Src/main.su ./Core/Src/pca9685.cyclo ./Core/Src/pca9685.d ./Core/Src/pca9685.o ./Core/Src/pca9685.su ./Core/Src/stm32f4xx_hal_msp.cyclo ./Core/Src/stm32f4xx_hal_msp.d ./Core/Src/stm32f4xx_hal_msp.o ./Core/Src/stm32f4xx_hal_msp.su ./Core/Src/stm32f4xx_it.cyclo ./Core/Src/stm32f4xx_it.d ./Core/Src/stm32f4xx_it.o ./Core/Src/stm32f4xx_it.su ./Core/Src/syscalls.cyclo ./Core/Src/syscalls.d ./Core/Src/syscalls.o ./Core/Src/syscalls.su ./Core/Src/sysmem.cyclo ./Core/Src/sysmem.d ./Core/Src/sysmem.o ./Core/Src/sysmem.su ./Core/Src/system_stm32f4xx.cyclo ./Core/Src/system_stm32f4xx.d ./Core/Src/system_stm32f4xx.o ./Core/Src/system_stm32f4xx.su
rm -rf Humanoid_Blackbill2.bin Humanoid_Blackbill2.elf Humanoid_Blackbill2.hex Humanoid_Blackbill2.list Humanoid_Blackbill2.map default.size.stdout
 
14:33:02 **** Build of configuration Debug for project Humanoid_Blackbill2 ****
make -j3 all 
arm-none-eabi-gcc "../Drivers/STM32F4xx_HAL_Driver/Src/stm32f4xx_hal.c" -mcpu=cortex-m4 -std=gnu11 -g3 -DDEBUG -DUSE_HAL_DRIVER -DSTM32F401xC -c -I../Core/Inc -I../Drivers/STM32F4xx_HAL_Driver/Inc -I../Drivers/STM32F4xx_HAL_Driver/Inc/Legacy -I../Drivers/CMSIS/Device/ST/STM32F4xx/Include -I../Drivers/CMSIS/Include -O0 -ffunction-sections -fdata-sections -Wall -fstack-usage -fcyclomatic-complexity -MMD -MP -MF"Drivers/STM32F4xx_HAL_Driver/Src/stm32f4xx_hal.d" -MT"Drivers/STM32F4xx_HAL_Driver/Src/stm32f4xx_hal.o" --specs=nano.specs -mfpu=fpv4-sp-d16 -mfloat-abi=hard -mthumb -o "Drivers/STM32F4xx_HAL_Driver/Src/stm32f4xx_hal.o"
arm-none-eabi-gcc "../Drivers/STM32F4xx_HAL_Driver/Src/stm32f4xx_hal_cortex.c" -mcpu=cortex-m4 -std=gnu11 -g3 -DDEBUG -DUSE_HAL_DRIVER -DSTM32F401xC -c -I../Core/Inc -I../Drivers/STM32F4xx_HAL_Driver/Inc -I../Drivers/STM32F4xx_HAL_Driver/Inc/Legacy -I../Drivers/CMSIS/Device/ST/STM32F4xx/Include -I../Drivers/CMSIS/Include -O0 -ffunction-sections -fdata-sections -Wall -fstack-usage -fcyclomatic-complexity -MMD -MP -MF"Drivers/STM32F4xx_HAL_Driver/Src/stm32f4xx_hal_cortex.d" -MT"Drivers/STM32F4xx_HAL_Driver/Src/stm32f4xx_hal_cortex.o" --specs=nano.specs -mfpu=fpv4-sp-d16 -mfloat-abi=hard -mthumb -o "Drivers/STM32F4xx_HAL_Driver/Src/stm32f4xx_hal_cortex.o"
arm-none-eabi-gcc "../Drivers/STM32F4xx_HAL_Driver/Src/stm32f4xx_hal_dma.c" -mcpu=cortex-m4 -std=gnu11 -g3 -DDEBUG -DUSE_HAL_DRIVER -DSTM32F401xC -c -I../Core/Inc -I../Drivers/STM32F4xx_HAL_Driver/Inc -I../Drivers/STM32F4xx_HAL_Driver/Inc/Legacy -I../Drivers/CMSIS/Device/ST/STM32F4xx/Include -I../Drivers/CMSIS/Include -O0 -ffunction-sections -fdata-sections -Wall -fstack-usage -fcyclomatic-complexity -MMD -MP -MF"Drivers/STM32F4xx_HAL_Driver/Src/stm32f4xx_hal_dma.d" -MT"Drivers/STM32F4xx_HAL_Driver/Src/stm32f4xx_hal_dma.o" --specs=nano.specs -mfpu=fpv4-sp-d16 -mfloat-abi=hard -mthumb -o "Drivers/STM32F4xx_HAL_Driver/Src/stm32f4xx_hal_dma.o"
arm-none-eabi-gcc "../Drivers/STM32F4xx_HAL_Driver/Src/stm32f4xx_hal_dma_ex.c" -mcpu=cortex-m4 -std=gnu11 -g3 -DDEBUG -DUSE_HAL_DRIVER -DSTM32F401xC -c -I../Core/Inc -I../Drivers/STM32F4xx_HAL_Driver/Inc -I../Drivers/STM32F4xx_HAL_Driver/Inc/Legacy -I../Drivers/CMSIS/Device/ST/STM32F4xx/Include -I../Drivers/CMSIS/Include -O0 -ffunction-sections -fdata-sections -Wall -fstack-usage -fcyclomatic-complexity -MMD -MP -MF"Drivers/STM32F4xx_HAL_Driver/Src/stm32f4xx_hal_dma_ex.d" -MT"Drivers/STM32F4xx_HAL_Driver/Src/stm32f4xx_hal_dma_ex.o" --specs=nano.specs -mfpu=fpv4-sp-d16 -mfloat-abi=hard -mthumb -o "Drivers/STM32F4xx_HAL_Driver/Src/stm32f4xx_hal_dma_ex.o"
arm-none-eabi-gcc "../Drivers/STM32F4xx_HAL_Driver/Src/stm32f4xx_hal_exti.c" -mcpu=cortex-m4 -std=gnu11 -g3 -DDEBUG -DUSE_HAL_DRIVER -DSTM32F401xC -c -I../Core/Inc -I../Drivers/STM32F4xx_HAL_Driver/Inc -I../Drivers/STM32F4xx_HAL_Driver/Inc/Legacy -I../Drivers/CMSIS/Device/ST/STM32F4xx/Include -I../Drivers/CMSIS/Include -O0 -ffunction-sections -fdata-sections -Wall -fstack-usage -fcyclomatic-complexity -MMD -MP -MF"Drivers/STM32F4xx_HAL_Driver/Src/stm32f4xx_hal_exti.d" -MT"Drivers/STM32F4xx_HAL_Driver/Src/stm32f4xx_hal_exti.o" --specs=nano.specs -mfpu=fpv4-sp-d16 -mfloat-abi=hard -mthumb -o "Drivers/STM32F4xx_HAL_Driver/Src/stm32f4xx_hal_exti.o"
arm-none-eabi-gcc "../Drivers/STM32F4xx_HAL_Driver/Src/stm32f4xx_hal_flash.c" -mcpu=cortex-m4 -std=gnu11 -g3 -DDEBUG -DUSE_HAL_DRIVER -DSTM32F401xC -c -I../Core/Inc -I../Drivers/STM32F4xx_HAL_Driver/Inc -I../Drivers/STM32F4xx_HAL_Driver/Inc/Legacy -I../Drivers/CMSIS/Device/ST/STM32F4xx/Include -I../Drivers/CMSIS/Include -O0 -ffunction-sections -fdata-sections -Wall -fstack-usage -fcyclomatic-complexity -MMD -MP -MF"Drivers/STM32F4xx_HAL_Driver/Src/stm32f4xx_hal_flash.d" -MT"Drivers/STM32F4xx_HAL_Driver/Src/stm32f4xx_hal_flash.o" --specs=nano.specs -mfpu=fpv4-sp-d16 -mfloat-abi=hard -mthumb -o "Drivers/STM32F4xx_HAL_Driver/Src/stm32f4xx_hal_flash.o"
arm-none-eabi-gcc "../Drivers/STM32F4xx_HAL_Driver/Src/stm32f4xx_hal_flash_ex.c" -mcpu=cortex-m4 -std=gnu11 -g3 -DDEBUG -DUSE_HAL_DRIVER -DSTM32F401xC -c -I../Core/Inc -I../Drivers/STM32F4xx_HAL_Driver/Inc -I../Drivers/STM32F4xx_HAL_Driver/Inc/Legacy -I../Drivers/CMSIS/Device/ST/STM32F4xx/Include -I../Drivers/CMSIS/Include -O0 -ffunction-sections -fdata-sections -Wall -fstack-usage -fcyclomatic-complexity -MMD -MP -MF"Drivers/STM32F4xx_HAL_Driver/Src/stm32f4xx_hal_flash_ex.d" -MT"Drivers/STM32F4xx_HAL_Driver/Src/stm32f4xx_hal_flash_ex.o" --specs=nano.specs -mfpu=fpv4-sp-d16 -mfloat-abi=hard -mthumb -o "Drivers/STM32F4xx_HAL_Driver/Src/stm32f4xx_hal_flash_ex.o"
arm-none-eabi-gcc "../Drivers/STM32F4xx_HAL_Driver/Src/stm32f4xx_hal_flash_ramfunc.c" -mcpu=cortex-m4 -std=gnu11 -g3 -DDEBUG -DUSE_HAL_DRIVER -DSTM32F401xC -c -I../Core/Inc -I../Drivers/STM32F4xx_HAL_Driver/Inc -I../Drivers/STM32F4xx_HAL_Driver/Inc/Legacy -I../Drivers/CMSIS/Device/ST/STM32F4xx/Include -I../Drivers/CMSIS/Include -O0 -ffunction-sections -fdata-sections -Wall -fstack-usage -fcyclomatic-complexity -MMD -MP -MF"Drivers/STM32F4xx_HAL_Driver/Src/stm32f4xx_hal_flash_ramfunc.d" -MT"Drivers/STM32F4xx_HAL_Driver/Src/stm32f4xx_hal_flash_ramfunc.o" --specs=nano.specs -mfpu=fpv4-sp-d16 -mfloat-abi=hard -mthumb -o "Drivers/STM32F4xx_HAL_Driver/Src/stm32f4xx_hal_flash_ramfunc.o"
arm-none-eabi-gcc "../Drivers/STM32F4xx_HAL_Driver/Src/stm32f4xx_hal_gpio.c" -mcpu=cortex-m4 -std=gnu11 -g3 -DDEBUG -DUSE_HAL_DRIVER -DSTM32F401xC -c -I../Core/Inc -I../Drivers/STM32F4xx_HAL_Driver/Inc -I../Drivers/STM32F4xx_HAL_Driver/Inc/Legacy -I../Drivers/CMSIS/Device/ST/STM32F4xx/Include -I../Drivers/CMSIS/Include -O0 -ffunction-sections -fdata-sections -Wall -fstack-usage -fcyclomatic-complexity -MMD -MP -MF"Drivers/STM32F4xx_HAL_Driver/Src/stm32f4xx_hal_gpio.d" -MT"Drivers/STM32F4xx_HAL_Driver/Src/stm32f4xx_hal_gpio.o" --specs=nano.specs -mfpu=fpv4-sp-d16 -mfloat-abi=hard -mthumb -o "Drivers/STM32F4xx_HAL_Driver/Src/stm32f4xx_hal_gpio.o"
arm-none-eabi-gcc "../Drivers/STM32F4xx_HAL_Driver/Src/stm32f4xx_hal_i2c.c" -mcpu=cortex-m4 -std=gnu11 -g3 -DDEBUG -DUSE_HAL_DRIVER -DSTM32F401xC -c -I../Core/Inc -I../Drivers/STM32F4xx_HAL_Driver/Inc -I../Drivers/STM32F4xx_HAL_Driver/Inc/Legacy -I../Drivers/CMSIS/Device/ST/STM32F4xx/Include -I../Drivers/CMSIS/Include -O0 -ffunction-sections -fdata-sections -Wall -fstack-usage -fcyclomatic-complexity -MMD -MP -MF"Drivers/STM32F4xx_HAL_Driver/Src/stm32f4xx_hal_i2c.d" -MT"Drivers/STM32F4xx_HAL_Driver/Src/stm32f4xx_hal_i2c.o" --specs=nano.specs -mfpu=fpv4-sp-d16 -mfloat-abi=hard -mthumb -o "Drivers/STM32F4xx_HAL_Driver/Src/stm32f4xx_hal_i2c.o"
arm-none-eabi-gcc "../Drivers/STM32F4xx_HAL_Driver/Src/stm32f4xx_hal_i2c_ex.c" -mcpu=cortex-m4 -std=gnu11 -g3 -DDEBUG -DUSE_HAL_DRIVER -DSTM32F401xC -c -I../Core/Inc -I../Drivers/STM32F4xx_HAL_Driver/Inc -I../Drivers/STM32F4xx_HAL_Driver/Inc/Legacy -I../Drivers/CMSIS/Device/ST/STM32F4xx/Include -I../Drivers/CMSIS/Include -O0 -ffunction-sections -fdata-sections -Wall -fstack-usage -fcyclomatic-complexity -MMD -MP -MF"Drivers/STM32F4xx_HAL_Driver/Src/stm32f4xx_hal_i2c_ex.d" -MT"Drivers/STM32F4xx_HAL_Driver/Src/stm32f4xx_hal_i2c_ex.o" --specs=nano.specs -mfpu=fpv4-sp-d16 -mfloat-abi=hard -mthumb -o "Drivers/STM32F4xx_HAL_Driver/Src/stm32f4xx_hal_i2c_ex.o"
arm-none-eabi-gcc "../Drivers/STM32F4xx_HAL_Driver/Src/stm32f4xx_hal_pwr.c" -mcpu=cortex-m4 -std=gnu11 -g3 -DDEBUG -DUSE_HAL_DRIVER -DSTM32F401xC -c -I../Core/Inc -I../Drivers/STM32F4xx_HAL_Driver/Inc -I../Drivers/STM32F4xx_HAL_Driver/Inc/Legacy -I../Drivers/CMSIS/Device/ST/STM32F4xx/Include -I../Drivers/CMSIS/Include -O0 -ffunction-sections -fdata-sections -Wall -fstack-usage -fcyclomatic-complexity -MMD -MP -MF"Drivers/STM32F4xx_HAL_Driver/Src/stm32f4xx_hal_pwr.d" -MT"Drivers/STM32F4xx_HAL_Driver/Src/stm32f4xx_hal_pwr.o" --specs=nano.specs -mfpu=fpv4-sp-d16 -mfloat-abi=hard -mthumb -o "Drivers/STM32F4xx_HAL_Driver/Src/stm32f4xx_hal_pwr.o"
arm-none-eabi-gcc "../Drivers/STM32F4xx_HAL_Driver/Src/stm32f4xx_hal_pwr_ex.c" -mcpu=cortex-m4 -std=gnu11 -g3 -DDEBUG -DUSE_HAL_DRIVER -DSTM32F401xC -c -I../Core/Inc -I../Drivers/STM32F4xx_HAL_Driver/Inc -I../Drivers/STM32F4xx_HAL_Driver/Inc/Legacy -I../Drivers/CMSIS/Device/ST/STM32F4xx/Include -I../Drivers/CMSIS/Include -O0 -ffunction-sections -fdata-sections -Wall -fstack-usage -fcyclomatic-complexity -MMD -MP -MF"Drivers/STM32F4xx_HAL_Driver/Src/stm32f4xx_hal_pwr_ex.d" -MT"Drivers/STM32F4xx_HAL_Driver/Src/stm32f4xx_hal_pwr_ex.o" --specs=nano.specs -mfpu=fpv4-sp-d16 -mfloat-abi=hard -mthumb -o "Drivers/STM32F4xx_HAL_Driver/Src/stm32f4xx_hal_pwr_ex.o"
arm-none-eabi-gcc "../Drivers/STM32F4xx_HAL_Driver/Src/stm32f4xx_hal_rcc.c" -mcpu=cortex-m4 -std=gnu11 -g3 -DDEBUG -DUSE_HAL_DRIVER -DSTM32F401xC -c -I../Core/Inc -I../Drivers/STM32F4xx_HAL_Driver/Inc -I../Drivers/STM32F4xx_HAL_Driver/Inc/Legacy -I../Drivers/CMSIS/Device/ST/STM32F4xx/Include -I../Drivers/CMSIS/Include -O0 -ffunction-sections -fdata-sections -Wall -fstack-usage -fcyclomatic-complexity -MMD -MP -MF"Drivers/STM32F4xx_HAL_Driver/Src/stm32f4xx_hal_rcc.d" -MT"Drivers/STM32F4xx_HAL_Driver/Src/stm32f4xx_hal_rcc.o" --specs=nano.specs -mfpu=fpv4-sp-d16 -mfloat-abi=hard -mthumb -o "Drivers/STM32F4xx_HAL_Driver/Src/stm32f4xx_hal_rcc.o"
arm-none-eabi-gcc "../Drivers/STM32F4xx_HAL_Driver/Src/stm32f4xx_hal_rcc_ex.c" -mcpu=cortex-m4 -std=gnu11 -g3 -DDEBUG -DUSE_HAL_DRIVER -DSTM32F401xC -c -I../Core/Inc -I../Drivers/STM32F4xx_HAL_Driver/Inc -I../Drivers/STM32F4xx_HAL_Driver/Inc/Legacy -I../Drivers/CMSIS/Device/ST/STM32F4xx/Include -I../Drivers/CMSIS/Include -O0 -ffunction-sections -fdata-sections -Wall -fstack-usage -fcyclomatic-complexity -MMD -MP -MF"Drivers/STM32F4xx_HAL_Driver/Src/stm32f4xx_hal_rcc_ex.d" -MT"Drivers/STM32F4xx_HAL_Driver/Src/stm32f4xx_hal_rcc_ex.o" --specs=nano.specs -mfpu=fpv4-sp-d16 -mfloat-abi=hard -mthumb -o "Drivers/STM32F4xx_HAL_Driver/Src/stm32f4xx_hal_rcc_ex.o"
arm-none-eabi-gcc "../Drivers/STM32F4xx_HAL_Driver/Src/stm32f4xx_hal_tim.c" -mcpu=cortex-m4 -std=gnu11 -g3 -DDEBUG -DUSE_HAL_DRIVER -DSTM32F401xC -c -I../Core/Inc -I../Drivers/STM32F4xx_HAL_Driver/Inc -I../Drivers/STM32F4xx_HAL_Driver/Inc/Legacy -I../Drivers/CMSIS/Device/ST/STM32F4xx/Include -I../Drivers/CMSIS/Include -O0 -ffunction-sections -fdata-sections -Wall -fstack-usage -fcyclomatic-complexity -MMD -MP -MF"Drivers/STM32F4xx_HAL_Driver/Src/stm32f4xx_hal_tim.d" -MT"Drivers/STM32F4xx_HAL_Driver/Src/stm32f4xx_hal_tim.o" --specs=nano.specs -mfpu=fpv4-sp-d16 -mfloat-abi=hard -mthumb -o "Drivers/STM32F4xx_HAL_Driver/Src/stm32f4xx_hal_tim.o"
arm-none-eabi-gcc "../Drivers/STM32F4xx_HAL_Driver/Src/stm32f4xx_hal_tim_ex.c" -mcpu=cortex-m4 -std=gnu11 -g3 -DDEBUG -DUSE_HAL_DRIVER -DSTM32F401xC -c -I../Core/Inc -I../Drivers/STM32F4xx_HAL_Driver/Inc -I../Drivers/STM32F4xx_HAL_Driver/Inc/Legacy -I../Drivers/CMSIS/Device/ST/STM32F4xx/Include -I../Drivers/CMSIS/Include -O0 -ffunction-sections -fdata-sections -Wall -fstack-usage -fcyclomatic-complexity -MMD -MP -MF"Drivers/STM32F4xx_HAL_Driver/Src/stm32f4xx_hal_tim_ex.d" -MT"Drivers/STM32F4xx_HAL_Driver/Src/stm32f4xx_hal_tim_ex.o" --specs=nano.specs -mfpu=fpv4-sp-d16 -mfloat-abi=hard -mthumb -o "Drivers/STM32F4xx_HAL_Driver/Src/stm32f4xx_hal_tim_ex.o"
arm-none-eabi-gcc -mcpu=cortex-m4 -g3 -DDEBUG -c -x assembler-with-cpp -MMD -MP -MF"Core/Startup/startup_stm32f401rctx.d" -MT"Core/Startup/startup_stm32f401rctx.o" --specs=nano.specs -mfpu=fpv4-sp-d16 -mfloat-abi=hard -mthumb -o "Core/Startup/startup_stm32f401rctx.o" "../Core/Startup/startup_stm32f401rctx.s"
arm-none-eabi-gcc "../Core/Src/main.c" -mcpu=cortex-m4 -std=gnu11 -g3 -DDEBUG -DUSE_HAL_DRIVER -DSTM32F401xC -c -I../Core/Inc -I../Drivers/STM32F4xx_HAL_Driver/Inc -I../Drivers/STM32F4xx_HAL_Driver/Inc/Legacy -I../Drivers/CMSIS/Device/ST/STM32F4xx/Include -I../Drivers/CMSIS/Include -O0 -ffunction-sections -fdata-sections -Wall -fstack-usage -fcyclomatic-complexity -MMD -MP -MF"Core/Src/main.d" -MT"Core/Src/main.o" --specs=nano.specs -mfpu=fpv4-sp-d16 -mfloat-abi=hard -mthumb -o "Core/Src/main.o"
../Core/Src/main.c: In function 'MX_TIM3_Init':
../Core/Src/main.c:538:27: warning: unused variable 'sMasterConfig' [-Wunused-variable]
  538 |   TIM_MasterConfigTypeDef sMasterConfig = {0};
      |                           ^~~~~~~~~~~~~
../Core/Src/main.c: In function 'MX_TIM4_Init':
../Core/Src/main.c:587:27: warning: unused variable 'sMasterConfig' [-Wunused-variable]
  587 |   TIM_MasterConfigTypeDef sMasterConfig = {0};
      |                           ^~~~~~~~~~~~~
arm-none-eabi-gcc "../Core/Src/pca9685.c" -mcpu=cortex-m4 -std=gnu11 -g3 -DDEBUG -DUSE_HAL_DRIVER -DSTM32F401xC -c -I../Core/Inc -I../Drivers/STM32F4xx_HAL_Driver/Inc -I../Drivers/STM32F4xx_HAL_Driver/Inc/Legacy -I../Drivers/CMSIS/Device/ST/STM32F4xx/Include -I../Drivers/CMSIS/Include -O0 -ffunction-sections -fdata-sections -Wall -fstack-usage -fcyclomatic-complexity -MMD -MP -MF"Core/Src/pca9685.d" -MT"Core/Src/pca9685.o" --specs=nano.specs -mfpu=fpv4-sp-d16 -mfloat-abi=hard -mthumb -o "Core/Src/pca9685.o"
arm-none-eabi-gcc "../Core/Src/stm32f4xx_hal_msp.c" -mcpu=cortex-m4 -std=gnu11 -g3 -DDEBUG -DUSE_HAL_DRIVER -DSTM32F401xC -c -I../Core/Inc -I../Drivers/STM32F4xx_HAL_Driver/Inc -I../Drivers/STM32F4xx_HAL_Driver/Inc/Legacy -I../Drivers/CMSIS/Device/ST/STM32F4xx/Include -I../Drivers/CMSIS/Include -O0 -ffunction-sections -fdata-sections -Wall -fstack-usage -fcyclomatic-complexity -MMD -MP -MF"Core/Src/stm32f4xx_hal_msp.d" -MT"Core/Src/stm32f4xx_hal_msp.o" --specs=nano.specs -mfpu=fpv4-sp-d16 -mfloat-abi=hard -mthumb -o "Core/Src/stm32f4xx_hal_msp.o"
arm-none-eabi-gcc "../Core/Src/stm32f4xx_it.c" -mcpu=cortex-m4 -std=gnu11 -g3 -DDEBUG -DUSE_HAL_DRIVER -DSTM32F401xC -c -I../Core/Inc -I../Drivers/STM32F4xx_HAL_Driver/Inc -I../Drivers/STM32F4xx_HAL_Driver/Inc/Legacy -I../Drivers/CMSIS/Device/ST/STM32F4xx/Include -I../Drivers/CMSIS/Include -O0 -ffunction-sections -fdata-sections -Wall -fstack-usage -fcyclomatic-complexity -MMD -MP -MF"Core/Src/stm32f4xx_it.d" -MT"Core/Src/stm32f4xx_it.o" --specs=nano.specs -mfpu=fpv4-sp-d16 -mfloat-abi=hard -mthumb -o "Core/Src/stm32f4xx_it.o"
arm-none-eabi-gcc "../Core/Src/syscalls.c" -mcpu=cortex-m4 -std=gnu11 -g3 -DDEBUG -DUSE_HAL_DRIVER -DSTM32F401xC -c -I../Core/Inc -I../Drivers/STM32F4xx_HAL_Driver/Inc -I../Drivers/STM32F4xx_HAL_Driver/Inc/Legacy -I../Drivers/CMSIS/Device/ST/STM32F4xx/Include -I../Drivers/CMSIS/Include -O0 -ffunction-sections -fdata-sections -Wall -fstack-usage -fcyclomatic-complexity -MMD -MP -MF"Core/Src/syscalls.d" -MT"Core/Src/syscalls.o" --specs=nano.specs -mfpu=fpv4-sp-d16 -mfloat-abi=hard -mthumb -o "Core/Src/syscalls.o"
arm-none-eabi-gcc "../Core/Src/sysmem.c" -mcpu=cortex-m4 -std=gnu11 -g3 -DDEBUG -DUSE_HAL_DRIVER -DSTM32F401xC -c -I../Core/Inc -I../Drivers/STM32F4xx_HAL_Driver/Inc -I../Drivers/STM32F4xx_HAL_Driver/Inc/Legacy -I../Drivers/CMSIS/Device/ST/STM32F4xx/Include -I../Drivers/CMSIS/Include -O0 -ffunction-sections -fdata-sections -Wall -fstack-usage -fcyclomatic-complexity -MMD -MP -MF"Core/Src/sysmem.d" -MT"Core/Src/sysmem.o" --specs=nano.specs -mfpu=fpv4-sp-d16 -mfloat-abi=hard -mthumb -o "Core/Src/sysmem.o"
arm-none-eabi-gcc "../Core/Src/system_stm32f4xx.c" -mcpu=cortex-m4 -std=gnu11 -g3 -DDEBUG -DUSE_HAL_DRIVER -DSTM32F401xC -c -I../Core/Inc -I../Drivers/STM32F4xx_HAL_Driver/Inc -I../Drivers/STM32F4xx_HAL_Driver/Inc/Legacy -I../Drivers/CMSIS/Device/ST/STM32F4xx/Include -I../Drivers/CMSIS/Include -O0 -ffunction-sections -fdata-sections -Wall -fstack-usage -fcyclomatic-complexity -MMD -MP -MF"Core/Src/system_stm32f4xx.d" -MT"Core/Src/system_stm32f4xx.o" --specs=nano.specs -mfpu=fpv4-sp-d16 -mfloat-abi=hard -mthumb -o "Core/Src/system_stm32f4xx.o"
arm-none-eabi-gcc -o "Humanoid_Blackbill2.elf" @"objects.list"   -mcpu=cortex-m4 -T"E:\Senior2 Mechatronics\Graduation Project\Embedded\Workspace_Humanoid\Humanoid_Blackbill2\STM32F401RCTX_FLASH.ld" --specs=nosys.specs -Wl,-Map="Humanoid_Blackbill2.map" -Wl,--gc-sections -static --specs=nano.specs -mfpu=fpv4-sp-d16 -mfloat-abi=hard -mthumb -Wl,--start-group -lc -lm -Wl,--end-group
Finished building target: Humanoid_Blackbill2.elf
 
arm-none-eabi-size  Humanoid_Blackbill2.elf 
arm-none-eabi-objdump -h -S Humanoid_Blackbill2.elf  > "Humanoid_Blackbill2.list"
arm-none-eabi-objcopy  -O ihex Humanoid_Blackbill2.elf  "Humanoid_Blackbill2.hex"
   text	   data	    bss	    dec	    hex	filename
  21372	     20	   2172	  23564	   5c0c	Humanoid_Blackbill2.elf
Finished building: default.size.stdout
 
arm-none-eabi-objcopy  -O binary Humanoid_Blackbill2.elf  "Humanoid_Blackbill2.bin"
Finished building: Humanoid_Blackbill2.hex
 
Finished building: Humanoid_Blackbill2.bin
Finished building: Humanoid_Blackbill2.list
 
 
14:34:37 **** Incremental Build of configuration Debug for project Humanoid_Blackbill2 ****
make -j3 all 
arm-none-eabi-gcc "../Core/Src/main.c" -mcpu=cortex-m4 -std=gnu11 -g3 -DDEBUG -DUSE_HAL_DRIVER -DSTM32F401xC -c -I../Core/Inc -I../Drivers/STM32F4xx_HAL_Driver/Inc -I../Drivers/STM32F4xx_HAL_Driver/Inc/Legacy -I../Drivers/CMSIS/Device/ST/STM32F4xx/Include -I../Drivers/CMSIS/Include -O0 -ffunction-sections -fdata-sections -Wall -fstack-usage -fcyclomatic-complexity -MMD -MP -MF"Core/Src/main.d" -MT"Core/Src/main.o" --specs=nano.specs -mfpu=fpv4-sp-d16 -mfloat-abi=hard -mthumb -o "Core/Src/main.o"
../Core/Src/main.c: In function 'MX_TIM3_Init':
../Core/Src/main.c:538:27: warning: unused variable 'sMasterConfig' [-Wunused-variable]
  538 |   TIM_MasterConfigTypeDef sMasterConfig = {0};
      |                           ^~~~~~~~~~~~~
../Core/Src/main.c: In function 'MX_TIM4_Init':
../Core/Src/main.c:587:27: warning: unused variable 'sMasterConfig' [-Wunused-variable]
  587 |   TIM_MasterConfigTypeDef sMasterConfig = {0};
      |                           ^~~~~~~~~~~~~
arm-none-eabi-gcc -o "Humanoid_Blackbill2.elf" @"objects.list"   -mcpu=cortex-m4 -T"E:\Senior2 Mechatronics\Graduation Project\Embedded\Workspace_Humanoid\Humanoid_Blackbill2\STM32F401RCTX_FLASH.ld" --specs=nosys.specs -Wl,-Map="Humanoid_Blackbill2.map" -Wl,--gc-sections -static --specs=nano.specs -mfpu=fpv4-sp-d16 -mfloat-abi=hard -mthumb -Wl,--start-group -lc -lm -Wl,--end-group
Finished building target: Humanoid_Blackbill2.elf
 
arm-none-eabi-size  Humanoid_Blackbill2.elf 
arm-none-eabi-objdump -h -S Humanoid_Blackbill2.elf  > "Humanoid_Blackbill2.list"
arm-none-eabi-objcopy  -O ihex Humanoid_Blackbill2.elf  "Humanoid_Blackbill2.hex"
   text	   data	    bss	    dec	    hex	filename
  21372	     20	   2172	  23564	   5c0c	Humanoid_Blackbill2.elf
Finished building: default.size.stdout
 
arm-none-eabi-objcopy  -O binary Humanoid_Blackbill2.elf  "Humanoid_Blackbill2.bin"
Finished building: Humanoid_Blackbill2.hex
 
Finished building: Humanoid_Blackbill2.list
Finished building: Humanoid_Blackbill2.bin
 
 
14:35:03 **** Incremental Build of configuration Debug for project Humanoid_Blackbill2 ****
make -j3 all 
arm-none-eabi-gcc "../Core/Src/main.c" -mcpu=cortex-m4 -std=gnu11 -g3 -DDEBUG -DUSE_HAL_DRIVER -DSTM32F401xC -c -I../Core/Inc -I../Drivers/STM32F4xx_HAL_Driver/Inc -I../Drivers/STM32F4xx_HAL_Driver/Inc/Legacy -I../Drivers/CMSIS/Device/ST/STM32F4xx/Include -I../Drivers/CMSIS/Include -O0 -ffunction-sections -fdata-sections -Wall -fstack-usage -fcyclomatic-complexity -MMD -MP -MF"Core/Src/main.d" -MT"Core/Src/main.o" --specs=nano.specs -mfpu=fpv4-sp-d16 -mfloat-abi=hard -mthumb -o "Core/Src/main.o"
../Core/Src/main.c: In function 'MX_TIM3_Init':
../Core/Src/main.c:538:27: warning: unused variable 'sMasterConfig' [-Wunused-variable]
  538 |   TIM_MasterConfigTypeDef sMasterConfig = {0};
      |                           ^~~~~~~~~~~~~
../Core/Src/main.c: In function 'MX_TIM4_Init':
../Core/Src/main.c:587:27: warning: unused variable 'sMasterConfig' [-Wunused-variable]
  587 |   TIM_MasterConfigTypeDef sMasterConfig = {0};
      |                           ^~~~~~~~~~~~~
arm-none-eabi-gcc -o "Humanoid_Blackbill2.elf" @"objects.list"   -mcpu=cortex-m4 -T"E:\Senior2 Mechatronics\Graduation Project\Embedded\Workspace_Humanoid\Humanoid_Blackbill2\STM32F401RCTX_FLASH.ld" --specs=nosys.specs -Wl,-Map="Humanoid_Blackbill2.map" -Wl,--gc-sections -static --specs=nano.specs -mfpu=fpv4-sp-d16 -mfloat-abi=hard -mthumb -Wl,--start-group -lc -lm -Wl,--end-group
Finished building target: Humanoid_Blackbill2.elf
 
arm-none-eabi-size  Humanoid_Blackbill2.elf 
arm-none-eabi-objdump -h -S Humanoid_Blackbill2.elf  > "Humanoid_Blackbill2.list"
arm-none-eabi-objcopy  -O ihex Humanoid_Blackbill2.elf  "Humanoid_Blackbill2.hex"
   text	   data	    bss	    dec	    hex	filename
  21372	     20	   2172	  23564	   5c0c	Humanoid_Blackbill2.elf
Finished building: default.size.stdout
 
Finished building: Humanoid_Blackbill2.hex
arm-none-eabi-objcopy  -O binary Humanoid_Blackbill2.elf  "Humanoid_Blackbill2.bin"
Finished building: Humanoid_Blackbill2.list
 
 
Finished building: Humanoid_Blackbill2.bin
 
14:35:57 **** Incremental Build of configuration Debug for project Humanoid_Blackbill2 ****
make -j3 all 
arm-none-eabi-gcc "../Core/Src/main.c" -mcpu=cortex-m4 -std=gnu11 -g3 -DDEBUG -DUSE_HAL_DRIVER -DSTM32F401xC -c -I../Core/Inc -I../Drivers/STM32F4xx_HAL_Driver/Inc -I../Drivers/STM32F4xx_HAL_Driver/Inc/Legacy -I../Drivers/CMSIS/Device/ST/STM32F4xx/Include -I../Drivers/CMSIS/Include -O0 -ffunction-sections -fdata-sections -Wall -fstack-usage -fcyclomatic-complexity -MMD -MP -MF"Core/Src/main.d" -MT"Core/Src/main.o" --specs=nano.specs -mfpu=fpv4-sp-d16 -mfloat-abi=hard -mthumb -o "Core/Src/main.o"
../Core/Src/main.c: In function 'MX_TIM3_Init':
../Core/Src/main.c:538:27: warning: unused variable 'sMasterConfig' [-Wunused-variable]
  538 |   TIM_MasterConfigTypeDef sMasterConfig = {0};
      |                           ^~~~~~~~~~~~~
../Core/Src/main.c: In function 'MX_TIM4_Init':
../Core/Src/main.c:587:27: warning: unused variable 'sMasterConfig' [-Wunused-variable]
  587 |   TIM_MasterConfigTypeDef sMasterConfig = {0};
      |                           ^~~~~~~~~~~~~
arm-none-eabi-gcc -o "Humanoid_Blackbill2.elf" @"objects.list"   -mcpu=cortex-m4 -T"E:\Senior2 Mechatronics\Graduation Project\Embedded\Workspace_Humanoid\Humanoid_Blackbill2\STM32F401RCTX_FLASH.ld" --specs=nosys.specs -Wl,-Map="Humanoid_Blackbill2.map" -Wl,--gc-sections -static --specs=nano.specs -mfpu=fpv4-sp-d16 -mfloat-abi=hard -mthumb -Wl,--start-group -lc -lm -Wl,--end-group
Finished building target: Humanoid_Blackbill2.elf
 
arm-none-eabi-size  Humanoid_Blackbill2.elf 
arm-none-eabi-objdump -h -S Humanoid_Blackbill2.elf  > "Humanoid_Blackbill2.list"
arm-none-eabi-objcopy  -O ihex Humanoid_Blackbill2.elf  "Humanoid_Blackbill2.hex"
   text	   data	    bss	    dec	    hex	filename
  21372	     20	   2172	  23564	   5c0c	Humanoid_Blackbill2.elf
Finished building: default.size.stdout
 
arm-none-eabi-objcopy  -O binary Humanoid_Blackbill2.elf  "Humanoid_Blackbill2.bin"
Finished building: Humanoid_Blackbill2.hex
 
Finished building: Humanoid_Blackbill2.bin
Finished building: Humanoid_Blackbill2.list
 
 
14:36:26 **** Incremental Build of configuration Debug for project Humanoid_Blackbill2 ****
make -j3 all 
arm-none-eabi-gcc "../Core/Src/main.c" -mcpu=cortex-m4 -std=gnu11 -g3 -DDEBUG -DUSE_HAL_DRIVER -DSTM32F401xC -c -I../Core/Inc -I../Drivers/STM32F4xx_HAL_Driver/Inc -I../Drivers/STM32F4xx_HAL_Driver/Inc/Legacy -I../Drivers/CMSIS/Device/ST/STM32F4xx/Include -I../Drivers/CMSIS/Include -O0 -ffunction-sections -fdata-sections -Wall -fstack-usage -fcyclomatic-complexity -MMD -MP -MF"Core/Src/main.d" -MT"Core/Src/main.o" --specs=nano.specs -mfpu=fpv4-sp-d16 -mfloat-abi=hard -mthumb -o "Core/Src/main.o"
../Core/Src/main.c: In function 'MX_TIM3_Init':
../Core/Src/main.c:537:27: warning: unused variable 'sMasterConfig' [-Wunused-variable]
  537 |   TIM_MasterConfigTypeDef sMasterConfig = {0};
      |                           ^~~~~~~~~~~~~
../Core/Src/main.c: In function 'MX_TIM4_Init':
../Core/Src/main.c:586:27: warning: unused variable 'sMasterConfig' [-Wunused-variable]
  586 |   TIM_MasterConfigTypeDef sMasterConfig = {0};
      |                           ^~~~~~~~~~~~~
arm-none-eabi-gcc -o "Humanoid_Blackbill2.elf" @"objects.list"   -mcpu=cortex-m4 -T"E:\Senior2 Mechatronics\Graduation Project\Embedded\Workspace_Humanoid\Humanoid_Blackbill2\STM32F401RCTX_FLASH.ld" --specs=nosys.specs -Wl,-Map="Humanoid_Blackbill2.map" -Wl,--gc-sections -static --specs=nano.specs -mfpu=fpv4-sp-d16 -mfloat-abi=hard -mthumb -Wl,--start-group -lc -lm -Wl,--end-group
Finished building target: Humanoid_Blackbill2.elf
 
arm-none-eabi-size  Humanoid_Blackbill2.elf 
arm-none-eabi-objdump -h -S Humanoid_Blackbill2.elf  > "Humanoid_Blackbill2.list"
arm-none-eabi-objcopy  -O ihex Humanoid_Blackbill2.elf  "Humanoid_Blackbill2.hex"
   text	   data	    bss	    dec	    hex	filename
  21820	     20	   2172	  24012	   5dcc	Humanoid_Blackbill2.elf
Finished building: default.size.stdout
Finished building: Humanoid_Blackbill2.hex
 
 
arm-none-eabi-objcopy  -O binary Humanoid_Blackbill2.elf  "Humanoid_Blackbill2.bin"
Finished building: Humanoid_Blackbill2.list
Finished building: Humanoid_Blackbill2.bin
 
 
14:39:14 **** Incremental Build of configuration Debug for project Humanoid_Blackbill2 ****
make -j3 all 
arm-none-eabi-gcc "../Core/Src/main.c" -mcpu=cortex-m4 -std=gnu11 -g3 -DDEBUG -DUSE_HAL_DRIVER -DSTM32F401xC -c -I../Core/Inc -I../Drivers/STM32F4xx_HAL_Driver/Inc -I../Drivers/STM32F4xx_HAL_Driver/Inc/Legacy -I../Drivers/CMSIS/Device/ST/STM32F4xx/Include -I../Drivers/CMSIS/Include -O0 -ffunction-sections -fdata-sections -Wall -fstack-usage -fcyclomatic-complexity -MMD -MP -MF"Core/Src/main.d" -MT"Core/Src/main.o" --specs=nano.specs -mfpu=fpv4-sp-d16 -mfloat-abi=hard -mthumb -o "Core/Src/main.o"
../Core/Src/main.c: In function 'MX_TIM3_Init':
../Core/Src/main.c:537:27: warning: unused variable 'sMasterConfig' [-Wunused-variable]
  537 |   TIM_MasterConfigTypeDef sMasterConfig = {0};
      |                           ^~~~~~~~~~~~~
../Core/Src/main.c: In function 'MX_TIM4_Init':
../Core/Src/main.c:586:27: warning: unused variable 'sMasterConfig' [-Wunused-variable]
  586 |   TIM_MasterConfigTypeDef sMasterConfig = {0};
      |                           ^~~~~~~~~~~~~
arm-none-eabi-gcc -o "Humanoid_Blackbill2.elf" @"objects.list"   -mcpu=cortex-m4 -T"E:\Senior2 Mechatronics\Graduation Project\Embedded\Workspace_Humanoid\Humanoid_Blackbill2\STM32F401RCTX_FLASH.ld" --specs=nosys.specs -Wl,-Map="Humanoid_Blackbill2.map" -Wl,--gc-sections -static --specs=nano.specs -mfpu=fpv4-sp-d16 -mfloat-abi=hard -mthumb -Wl,--start-group -lc -lm -Wl,--end-group
Finished building target: Humanoid_Blackbill2.elf
 
arm-none-eabi-size  Humanoid_Blackbill2.elf 
arm-none-eabi-objdump -h -S Humanoid_Blackbill2.elf  > "Humanoid_Blackbill2.list"
   text	   data	    bss	    dec	    hex	filename
  21820	     20	   2172	  24012	   5dcc	Humanoid_Blackbill2.elf
arm-none-eabi-objcopy  -O ihex Humanoid_Blackbill2.elf  "Humanoid_Blackbill2.hex"
Finished building: default.size.stdout
 
arm-none-eabi-objcopy  -O binary Humanoid_Blackbill2.elf  "Humanoid_Blackbill2.bin"
Finished building: Humanoid_Blackbill2.hex
 
Finished building: Humanoid_Blackbill2.list
Finished building: Humanoid_Blackbill2.bin
 
 
14:40:00 **** Incremental Build of configuration Debug for project Humanoid_Blackbill2 ****
make -j3 all 
arm-none-eabi-gcc "../Core/Src/main.c" -mcpu=cortex-m4 -std=gnu11 -g3 -DDEBUG -DUSE_HAL_DRIVER -DSTM32F401xC -c -I../Core/Inc -I../Drivers/STM32F4xx_HAL_Driver/Inc -I../Drivers/STM32F4xx_HAL_Driver/Inc/Legacy -I../Drivers/CMSIS/Device/ST/STM32F4xx/Include -I../Drivers/CMSIS/Include -O0 -ffunction-sections -fdata-sections -Wall -fstack-usage -fcyclomatic-complexity -MMD -MP -MF"Core/Src/main.d" -MT"Core/Src/main.o" --specs=nano.specs -mfpu=fpv4-sp-d16 -mfloat-abi=hard -mthumb -o "Core/Src/main.o"
../Core/Src/main.c: In function 'MX_TIM3_Init':
../Core/Src/main.c:532:27: warning: unused variable 'sMasterConfig' [-Wunused-variable]
  532 |   TIM_MasterConfigTypeDef sMasterConfig = {0};
      |                           ^~~~~~~~~~~~~
../Core/Src/main.c: In function 'MX_TIM4_Init':
../Core/Src/main.c:581:27: warning: unused variable 'sMasterConfig' [-Wunused-variable]
  581 |   TIM_MasterConfigTypeDef sMasterConfig = {0};
      |                           ^~~~~~~~~~~~~
arm-none-eabi-gcc -o "Humanoid_Blackbill2.elf" @"objects.list"   -mcpu=cortex-m4 -T"E:\Senior2 Mechatronics\Graduation Project\Embedded\Workspace_Humanoid\Humanoid_Blackbill2\STM32F401RCTX_FLASH.ld" --specs=nosys.specs -Wl,-Map="Humanoid_Blackbill2.map" -Wl,--gc-sections -static --specs=nano.specs -mfpu=fpv4-sp-d16 -mfloat-abi=hard -mthumb -Wl,--start-group -lc -lm -Wl,--end-group
Finished building target: Humanoid_Blackbill2.elf
 
arm-none-eabi-size  Humanoid_Blackbill2.elf 
arm-none-eabi-objdump -h -S Humanoid_Blackbill2.elf  > "Humanoid_Blackbill2.list"
arm-none-eabi-objcopy  -O ihex Humanoid_Blackbill2.elf  "Humanoid_Blackbill2.hex"
   text	   data	    bss	    dec	    hex	filename
  21292	     20	   2172	  23484	   5bbc	Humanoid_Blackbill2.elf
Finished building: default.size.stdout
Finished building: Humanoid_Blackbill2.hex
 
 
arm-none-eabi-objcopy  -O binary Humanoid_Blackbill2.elf  "Humanoid_Blackbill2.bin"
Finished building: Humanoid_Blackbill2.list
 
Finished building: Humanoid_Blackbill2.bin
 
14:42:31 **** Incremental Build of configuration Debug for project Humanoid_Blackbill2 ****
make -j3 all 
arm-none-eabi-gcc "../Core/Src/main.c" -mcpu=cortex-m4 -std=gnu11 -g3 -DDEBUG -DUSE_HAL_DRIVER -DSTM32F401xC -c -I../Core/Inc -I../Drivers/STM32F4xx_HAL_Driver/Inc -I../Drivers/STM32F4xx_HAL_Driver/Inc/Legacy -I../Drivers/CMSIS/Device/ST/STM32F4xx/Include -I../Drivers/CMSIS/Include -O0 -ffunction-sections -fdata-sections -Wall -fstack-usage -fcyclomatic-complexity -MMD -MP -MF"Core/Src/main.d" -MT"Core/Src/main.o" --specs=nano.specs -mfpu=fpv4-sp-d16 -mfloat-abi=hard -mthumb -o "Core/Src/main.o"
../Core/Src/main.c: In function 'MX_TIM3_Init':
../Core/Src/main.c:543:27: warning: unused variable 'sMasterConfig' [-Wunused-variable]
  543 |   TIM_MasterConfigTypeDef sMasterConfig = {0};
      |                           ^~~~~~~~~~~~~
../Core/Src/main.c: In function 'MX_TIM4_Init':
../Core/Src/main.c:592:27: warning: unused variable 'sMasterConfig' [-Wunused-variable]
  592 |   TIM_MasterConfigTypeDef sMasterConfig = {0};
      |                           ^~~~~~~~~~~~~
arm-none-eabi-gcc -o "Humanoid_Blackbill2.elf" @"objects.list"   -mcpu=cortex-m4 -T"E:\Senior2 Mechatronics\Graduation Project\Embedded\Workspace_Humanoid\Humanoid_Blackbill2\STM32F401RCTX_FLASH.ld" --specs=nosys.specs -Wl,-Map="Humanoid_Blackbill2.map" -Wl,--gc-sections -static --specs=nano.specs -mfpu=fpv4-sp-d16 -mfloat-abi=hard -mthumb -Wl,--start-group -lc -lm -Wl,--end-group
Finished building target: Humanoid_Blackbill2.elf
 
arm-none-eabi-size  Humanoid_Blackbill2.elf 
arm-none-eabi-objdump -h -S Humanoid_Blackbill2.elf  > "Humanoid_Blackbill2.list"
   text	   data	    bss	    dec	    hex	filename
  21396	     20	   2172	  23588	   5c24	Humanoid_Blackbill2.elf
arm-none-eabi-objcopy  -O ihex Humanoid_Blackbill2.elf  "Humanoid_Blackbill2.hex"
Finished building: default.size.stdout
 
arm-none-eabi-objcopy  -O binary Humanoid_Blackbill2.elf  "Humanoid_Blackbill2.bin"
Finished building: Humanoid_Blackbill2.hex
 
Finished building: Humanoid_Blackbill2.list
 
Finished building: Humanoid_Blackbill2.bin
 
14:44:03 **** Incremental Build of configuration Debug for project Humanoid_Blackbill2 ****
make -j3 all 
arm-none-eabi-gcc "../Core/Src/main.c" -mcpu=cortex-m4 -std=gnu11 -g3 -DDEBUG -DUSE_HAL_DRIVER -DSTM32F401xC -c -I../Core/Inc -I../Drivers/STM32F4xx_HAL_Driver/Inc -I../Drivers/STM32F4xx_HAL_Driver/Inc/Legacy -I../Drivers/CMSIS/Device/ST/STM32F4xx/Include -I../Drivers/CMSIS/Include -O0 -ffunction-sections -fdata-sections -Wall -fstack-usage -fcyclomatic-complexity -MMD -MP -MF"Core/Src/main.d" -MT"Core/Src/main.o" --specs=nano.specs -mfpu=fpv4-sp-d16 -mfloat-abi=hard -mthumb -o "Core/Src/main.o"
../Core/Src/main.c: In function 'MX_TIM3_Init':
../Core/Src/main.c:543:27: warning: unused variable 'sMasterConfig' [-Wunused-variable]
  543 |   TIM_MasterConfigTypeDef sMasterConfig = {0};
      |                           ^~~~~~~~~~~~~
../Core/Src/main.c: In function 'MX_TIM4_Init':
../Core/Src/main.c:592:27: warning: unused variable 'sMasterConfig' [-Wunused-variable]
  592 |   TIM_MasterConfigTypeDef sMasterConfig = {0};
      |                           ^~~~~~~~~~~~~
arm-none-eabi-gcc -o "Humanoid_Blackbill2.elf" @"objects.list"   -mcpu=cortex-m4 -T"E:\Senior2 Mechatronics\Graduation Project\Embedded\Workspace_Humanoid\Humanoid_Blackbill2\STM32F401RCTX_FLASH.ld" --specs=nosys.specs -Wl,-Map="Humanoid_Blackbill2.map" -Wl,--gc-sections -static --specs=nano.specs -mfpu=fpv4-sp-d16 -mfloat-abi=hard -mthumb -Wl,--start-group -lc -lm -Wl,--end-group
Finished building target: Humanoid_Blackbill2.elf
 
arm-none-eabi-size  Humanoid_Blackbill2.elf 
arm-none-eabi-objdump -h -S Humanoid_Blackbill2.elf  > "Humanoid_Blackbill2.list"
   text	   data	    bss	    dec	    hex	filename
  21396	     20	   2172	  23588	   5c24	Humanoid_Blackbill2.elf
arm-none-eabi-objcopy  -O ihex Humanoid_Blackbill2.elf  "Humanoid_Blackbill2.hex"
Finished building: default.size.stdout
 
arm-none-eabi-objcopy  -O binary Humanoid_Blackbill2.elf  "Humanoid_Blackbill2.bin"
Finished building: Humanoid_Blackbill2.hex
 
Finished building: Humanoid_Blackbill2.bin
Finished building: Humanoid_Blackbill2.list
 
 
14:45:10 **** Incremental Build of configuration Debug for project Humanoid_Blackbill2 ****
make -j3 all 
arm-none-eabi-gcc "../Core/Src/main.c" -mcpu=cortex-m4 -std=gnu11 -g3 -DDEBUG -DUSE_HAL_DRIVER -DSTM32F401xC -c -I../Core/Inc -I../Drivers/STM32F4xx_HAL_Driver/Inc -I../Drivers/STM32F4xx_HAL_Driver/Inc/Legacy -I../Drivers/CMSIS/Device/ST/STM32F4xx/Include -I../Drivers/CMSIS/Include -O0 -ffunction-sections -fdata-sections -Wall -fstack-usage -fcyclomatic-complexity -MMD -MP -MF"Core/Src/main.d" -MT"Core/Src/main.o" --specs=nano.specs -mfpu=fpv4-sp-d16 -mfloat-abi=hard -mthumb -o "Core/Src/main.o"
../Core/Src/main.c: In function 'MX_TIM3_Init':
../Core/Src/main.c:543:27: warning: unused variable 'sMasterConfig' [-Wunused-variable]
  543 |   TIM_MasterConfigTypeDef sMasterConfig = {0};
      |                           ^~~~~~~~~~~~~
../Core/Src/main.c: In function 'MX_TIM4_Init':
../Core/Src/main.c:592:27: warning: unused variable 'sMasterConfig' [-Wunused-variable]
  592 |   TIM_MasterConfigTypeDef sMasterConfig = {0};
      |                           ^~~~~~~~~~~~~
arm-none-eabi-gcc -o "Humanoid_Blackbill2.elf" @"objects.list"   -mcpu=cortex-m4 -T"E:\Senior2 Mechatronics\Graduation Project\Embedded\Workspace_Humanoid\Humanoid_Blackbill2\STM32F401RCTX_FLASH.ld" --specs=nosys.specs -Wl,-Map="Humanoid_Blackbill2.map" -Wl,--gc-sections -static --specs=nano.specs -mfpu=fpv4-sp-d16 -mfloat-abi=hard -mthumb -Wl,--start-group -lc -lm -Wl,--end-group
Finished building target: Humanoid_Blackbill2.elf
 
arm-none-eabi-size  Humanoid_Blackbill2.elf 
arm-none-eabi-objdump -h -S Humanoid_Blackbill2.elf  > "Humanoid_Blackbill2.list"
arm-none-eabi-objcopy  -O ihex Humanoid_Blackbill2.elf  "Humanoid_Blackbill2.hex"
   text	   data	    bss	    dec	    hex	filename
  21372	     20	   2172	  23564	   5c0c	Humanoid_Blackbill2.elf
Finished building: default.size.stdout
Finished building: Humanoid_Blackbill2.hex
 
 
arm-none-eabi-objcopy  -O binary Humanoid_Blackbill2.elf  "Humanoid_Blackbill2.bin"
Finished building: Humanoid_Blackbill2.list
 
Finished building: Humanoid_Blackbill2.bin
 
14:46:07 **** Incremental Build of configuration Debug for project Humanoid_Blackbill2 ****
make -j3 all 
arm-none-eabi-gcc "../Core/Src/main.c" -mcpu=cortex-m4 -std=gnu11 -g3 -DDEBUG -DUSE_HAL_DRIVER -DSTM32F401xC -c -I../Core/Inc -I../Drivers/STM32F4xx_HAL_Driver/Inc -I../Drivers/STM32F4xx_HAL_Driver/Inc/Legacy -I../Drivers/CMSIS/Device/ST/STM32F4xx/Include -I../Drivers/CMSIS/Include -O0 -ffunction-sections -fdata-sections -Wall -fstack-usage -fcyclomatic-complexity -MMD -MP -MF"Core/Src/main.d" -MT"Core/Src/main.o" --specs=nano.specs -mfpu=fpv4-sp-d16 -mfloat-abi=hard -mthumb -o "Core/Src/main.o"
../Core/Src/main.c: In function 'MX_TIM3_Init':
../Core/Src/main.c:543:27: warning: unused variable 'sMasterConfig' [-Wunused-variable]
  543 |   TIM_MasterConfigTypeDef sMasterConfig = {0};
      |                           ^~~~~~~~~~~~~
../Core/Src/main.c: In function 'MX_TIM4_Init':
../Core/Src/main.c:592:27: warning: unused variable 'sMasterConfig' [-Wunused-variable]
  592 |   TIM_MasterConfigTypeDef sMasterConfig = {0};
      |                           ^~~~~~~~~~~~~
arm-none-eabi-gcc -o "Humanoid_Blackbill2.elf" @"objects.list"   -mcpu=cortex-m4 -T"E:\Senior2 Mechatronics\Graduation Project\Embedded\Workspace_Humanoid\Humanoid_Blackbill2\STM32F401RCTX_FLASH.ld" --specs=nosys.specs -Wl,-Map="Humanoid_Blackbill2.map" -Wl,--gc-sections -static --specs=nano.specs -mfpu=fpv4-sp-d16 -mfloat-abi=hard -mthumb -Wl,--start-group -lc -lm -Wl,--end-group
Finished building target: Humanoid_Blackbill2.elf
 
arm-none-eabi-size  Humanoid_Blackbill2.elf 
arm-none-eabi-objdump -h -S Humanoid_Blackbill2.elf  > "Humanoid_Blackbill2.list"
arm-none-eabi-objcopy  -O ihex Humanoid_Blackbill2.elf  "Humanoid_Blackbill2.hex"
   text	   data	    bss	    dec	    hex	filename
  21372	     20	   2172	  23564	   5c0c	Humanoid_Blackbill2.elf
Finished building: default.size.stdout
Finished building: Humanoid_Blackbill2.hex
 
 
arm-none-eabi-objcopy  -O binary Humanoid_Blackbill2.elf  "Humanoid_Blackbill2.bin"
Finished building: Humanoid_Blackbill2.list
 
Finished building: Humanoid_Blackbill2.bin
 
14:46:26 **** Incremental Build of configuration Debug for project Humanoid_Blackbill2 ****
make -j3 all 
arm-none-eabi-gcc "../Core/Src/main.c" -mcpu=cortex-m4 -std=gnu11 -g3 -DDEBUG -DUSE_HAL_DRIVER -DSTM32F401xC -c -I../Core/Inc -I../Drivers/STM32F4xx_HAL_Driver/Inc -I../Drivers/STM32F4xx_HAL_Driver/Inc/Legacy -I../Drivers/CMSIS/Device/ST/STM32F4xx/Include -I../Drivers/CMSIS/Include -O0 -ffunction-sections -fdata-sections -Wall -fstack-usage -fcyclomatic-complexity -MMD -MP -MF"Core/Src/main.d" -MT"Core/Src/main.o" --specs=nano.specs -mfpu=fpv4-sp-d16 -mfloat-abi=hard -mthumb -o "Core/Src/main.o"
../Core/Src/main.c: In function 'MX_TIM3_Init':
../Core/Src/main.c:543:27: warning: unused variable 'sMasterConfig' [-Wunused-variable]
  543 |   TIM_MasterConfigTypeDef sMasterConfig = {0};
      |                           ^~~~~~~~~~~~~
../Core/Src/main.c: In function 'MX_TIM4_Init':
../Core/Src/main.c:592:27: warning: unused variable 'sMasterConfig' [-Wunused-variable]
  592 |   TIM_MasterConfigTypeDef sMasterConfig = {0};
      |                           ^~~~~~~~~~~~~
arm-none-eabi-gcc -o "Humanoid_Blackbill2.elf" @"objects.list"   -mcpu=cortex-m4 -T"E:\Senior2 Mechatronics\Graduation Project\Embedded\Workspace_Humanoid\Humanoid_Blackbill2\STM32F401RCTX_FLASH.ld" --specs=nosys.specs -Wl,-Map="Humanoid_Blackbill2.map" -Wl,--gc-sections -static --specs=nano.specs -mfpu=fpv4-sp-d16 -mfloat-abi=hard -mthumb -Wl,--start-group -lc -lm -Wl,--end-group
Finished building target: Humanoid_Blackbill2.elf
 
arm-none-eabi-size  Humanoid_Blackbill2.elf 
arm-none-eabi-objdump -h -S Humanoid_Blackbill2.elf  > "Humanoid_Blackbill2.list"
   text	   data	    bss	    dec	    hex	filename
  21372	     20	   2172	  23564	   5c0c	Humanoid_Blackbill2.elf
arm-none-eabi-objcopy  -O ihex Humanoid_Blackbill2.elf  "Humanoid_Blackbill2.hex"
Finished building: default.size.stdout
 
arm-none-eabi-objcopy  -O binary Humanoid_Blackbill2.elf  "Humanoid_Blackbill2.bin"
Finished building: Humanoid_Blackbill2.hex
 
Finished building: Humanoid_Blackbill2.list
 
Finished building: Humanoid_Blackbill2.bin
 
14:47:02 **** Incremental Build of configuration Debug for project Humanoid_Blackbill2 ****
make -j3 all 
arm-none-eabi-gcc "../Core/Src/main.c" -mcpu=cortex-m4 -std=gnu11 -g3 -DDEBUG -DUSE_HAL_DRIVER -DSTM32F401xC -c -I../Core/Inc -I../Drivers/STM32F4xx_HAL_Driver/Inc -I../Drivers/STM32F4xx_HAL_Driver/Inc/Legacy -I../Drivers/CMSIS/Device/ST/STM32F4xx/Include -I../Drivers/CMSIS/Include -O0 -ffunction-sections -fdata-sections -Wall -fstack-usage -fcyclomatic-complexity -MMD -MP -MF"Core/Src/main.d" -MT"Core/Src/main.o" --specs=nano.specs -mfpu=fpv4-sp-d16 -mfloat-abi=hard -mthumb -o "Core/Src/main.o"
../Core/Src/main.c: In function 'MX_TIM3_Init':
../Core/Src/main.c:534:27: warning: unused variable 'sMasterConfig' [-Wunused-variable]
  534 |   TIM_MasterConfigTypeDef sMasterConfig = {0};
      |                           ^~~~~~~~~~~~~
../Core/Src/main.c: In function 'MX_TIM4_Init':
../Core/Src/main.c:583:27: warning: unused variable 'sMasterConfig' [-Wunused-variable]
  583 |   TIM_MasterConfigTypeDef sMasterConfig = {0};
      |                           ^~~~~~~~~~~~~
arm-none-eabi-gcc -o "Humanoid_Blackbill2.elf" @"objects.list"   -mcpu=cortex-m4 -T"E:\Senior2 Mechatronics\Graduation Project\Embedded\Workspace_Humanoid\Humanoid_Blackbill2\STM32F401RCTX_FLASH.ld" --specs=nosys.specs -Wl,-Map="Humanoid_Blackbill2.map" -Wl,--gc-sections -static --specs=nano.specs -mfpu=fpv4-sp-d16 -mfloat-abi=hard -mthumb -Wl,--start-group -lc -lm -Wl,--end-group
Finished building target: Humanoid_Blackbill2.elf
 
arm-none-eabi-size  Humanoid_Blackbill2.elf 
arm-none-eabi-objdump -h -S Humanoid_Blackbill2.elf  > "Humanoid_Blackbill2.list"
   text	   data	    bss	    dec	    hex	filename
  21276	     20	   2172	  23468	   5bac	Humanoid_Blackbill2.elf
arm-none-eabi-objcopy  -O ihex Humanoid_Blackbill2.elf  "Humanoid_Blackbill2.hex"
Finished building: default.size.stdout
 
Finished building: Humanoid_Blackbill2.hex
arm-none-eabi-objcopy  -O binary Humanoid_Blackbill2.elf  "Humanoid_Blackbill2.bin"
 
Finished building: Humanoid_Blackbill2.bin
Finished building: Humanoid_Blackbill2.list
 
 
