16:19:43 **** Clean-only build of configuration Debug for project Humanoid_Blackbill2 ****
make -j3 clean 
rm -rf ./Drivers/STM32F4xx_HAL_Driver/Src/stm32f4xx_hal.cyclo ./Drivers/STM32F4xx_HAL_Driver/Src/stm32f4xx_hal.d ./Drivers/STM32F4xx_HAL_Driver/Src/stm32f4xx_hal.o ./Drivers/STM32F4xx_HAL_Driver/Src/stm32f4xx_hal.su ./Drivers/STM32F4xx_HAL_Driver/Src/stm32f4xx_hal_cortex.cyclo ./Drivers/STM32F4xx_HAL_Driver/Src/stm32f4xx_hal_cortex.d ./Drivers/STM32F4xx_HAL_Driver/Src/stm32f4xx_hal_cortex.o ./Drivers/STM32F4xx_HAL_Driver/Src/stm32f4xx_hal_cortex.su ./Drivers/STM32F4xx_HAL_Driver/Src/stm32f4xx_hal_dma.cyclo ./Drivers/STM32F4xx_HAL_Driver/Src/stm32f4xx_hal_dma.d ./Drivers/STM32F4xx_HAL_Driver/Src/stm32f4xx_hal_dma.o ./Drivers/STM32F4xx_HAL_Driver/Src/stm32f4xx_hal_dma.su ./Drivers/STM32F4xx_HAL_Driver/Src/stm32f4xx_hal_dma_ex.cyclo ./Drivers/STM32F4xx_HAL_Driver/Src/stm32f4xx_hal_dma_ex.d ./Drivers/STM32F4xx_HAL_Driver/Src/stm32f4xx_hal_dma_ex.o ./Drivers/STM32F4xx_HAL_Driver/Src/stm32f4xx_hal_dma_ex.su ./Drivers/STM32F4xx_HAL_Driver/Src/stm32f4xx_hal_exti.cyclo ./Drivers/STM32F4xx_HAL_Driver/Src/stm32f4xx_hal_exti.d ./Drivers/STM32F4xx_HAL_Driver/Src/stm32f4xx_hal_exti.o ./Drivers/STM32F4xx_HAL_Driver/Src/stm32f4xx_hal_exti.su ./Drivers/STM32F4xx_HAL_Driver/Src/stm32f4xx_hal_flash.cyclo ./Drivers/STM32F4xx_HAL_Driver/Src/stm32f4xx_hal_flash.d ./Drivers/STM32F4xx_HAL_Driver/Src/stm32f4xx_hal_flash.o ./Drivers/STM32F4xx_HAL_Driver/Src/stm32f4xx_hal_flash.su ./Drivers/STM32F4xx_HAL_Driver/Src/stm32f4xx_hal_flash_ex.cyclo ./Drivers/STM32F4xx_HAL_Driver/Src/stm32f4xx_hal_flash_ex.d ./Drivers/STM32F4xx_HAL_Driver/Src/stm32f4xx_hal_flash_ex.o ./Drivers/STM32F4xx_HAL_Driver/Src/stm32f4xx_hal_flash_ex.su ./Drivers/STM32F4xx_HAL_Driver/Src/stm32f4xx_hal_flash_ramfunc.cyclo ./Drivers/STM32F4xx_HAL_Driver/Src/stm32f4xx_hal_flash_ramfunc.d ./Drivers/STM32F4xx_HAL_Driver/Src/stm32f4xx_hal_flash_ramfunc.o ./Drivers/STM32F4xx_HAL_Driver/Src/stm32f4xx_hal_flash_ramfunc.su ./Drivers/STM32F4xx_HAL_Driver/Src/stm32f4xx_hal_gpio.cyclo ./Drivers/STM32F4xx_HAL_Driver/Src/stm32f4xx_hal_gpio.d ./Drivers/STM32F4xx_HAL_Driver/Src/stm32f4xx_hal_gpio.o ./Drivers/STM32F4xx_HAL_Driver/Src/stm32f4xx_hal_gpio.su ./Drivers/STM32F4xx_HAL_Driver/Src/stm32f4xx_hal_i2c.cyclo ./Drivers/STM32F4xx_HAL_Driver/Src/stm32f4xx_hal_i2c.d ./Drivers/STM32F4xx_HAL_Driver/Src/stm32f4xx_hal_i2c.o ./Drivers/STM32F4xx_HAL_Driver/Src/stm32f4xx_hal_i2c.su ./Drivers/STM32F4xx_HAL_Driver/Src/stm32f4xx_hal_i2c_ex.cyclo ./Drivers/STM32F4xx_HAL_Driver/Src/stm32f4xx_hal_i2c_ex.d ./Drivers/STM32F4xx_HAL_Driver/Src/stm32f4xx_hal_i2c_ex.o ./Drivers/STM32F4xx_HAL_Driver/Src/stm32f4xx_hal_i2c_ex.su ./Drivers/STM32F4xx_HAL_Driver/Src/stm32f4xx_hal_pwr.cyclo ./Drivers/STM32F4xx_HAL_Driver/Src/stm32f4xx_hal_pwr.d ./Drivers/STM32F4xx_HAL_Driver/Src/stm32f4xx_hal_pwr.o ./Drivers/STM32F4xx_HAL_Driver/Src/stm32f4xx_hal_pwr.su ./Drivers/STM32F4xx_HAL_Driver/Src/stm32f4xx_hal_pwr_ex.cyclo ./Drivers/STM32F4xx_HAL_Driver/Src/stm32f4xx_hal_pwr_ex.d ./Drivers/STM32F4xx_HAL_Driver/Src/stm32f4xx_hal_pwr_ex.o ./Drivers/STM32F4xx_HAL_Driver/Src/stm32f4xx_hal_pwr_ex.su ./Drivers/STM32F4xx_HAL_Driver/Src/stm32f4xx_hal_rcc.cyclo ./Drivers/STM32F4xx_HAL_Driver/Src/stm32f4xx_hal_rcc.d ./Drivers/STM32F4xx_HAL_Driver/Src/stm32f4xx_hal_rcc.o ./Drivers/STM32F4xx_HAL_Driver/Src/stm32f4xx_hal_rcc.su ./Drivers/STM32F4xx_HAL_Driver/Src/stm32f4xx_hal_rcc_ex.cyclo ./Drivers/STM32F4xx_HAL_Driver/Src/stm32f4xx_hal_rcc_ex.d ./Drivers/STM32F4xx_HAL_Driver/Src/stm32f4xx_hal_rcc_ex.o ./Drivers/STM32F4xx_HAL_Driver/Src/stm32f4xx_hal_rcc_ex.su ./Drivers/STM32F4xx_HAL_Driver/Src/stm32f4xx_hal_tim.cyclo ./Drivers/STM32F4xx_HAL_Driver/Src/stm32f4xx_hal_tim.d ./Drivers/STM32F4xx_HAL_Driver/Src/stm32f4xx_hal_tim.o ./Drivers/STM32F4xx_HAL_Driver/Src/stm32f4xx_hal_tim.su ./Drivers/STM32F4xx_HAL_Driver/Src/stm32f4xx_hal_tim_ex.cyclo ./Drivers/STM32F4xx_HAL_Driver/Src/stm32f4xx_hal_tim_ex.d ./Drivers/STM32F4xx_HAL_Driver/Src/stm32f4xx_hal_tim_ex.o ./Drivers/STM32F4xx_HAL_Driver/Src/stm32f4xx_hal_tim_ex.su ./Drivers/STM32F4xx_HAL_Driver/Src/stm32f4xx_hal_uart.cyclo ./Drivers/STM32F4xx_HAL_Driver/Src/stm32f4xx_hal_uart.d ./Drivers/STM32F4xx_HAL_Driver/Src/stm32f4xx_hal_uart.o ./Drivers/STM32F4xx_HAL_Driver/Src/stm32f4xx_hal_uart.su
rm -rf ./Core/Startup/startup_stm32f401rctx.d ./Core/Startup/startup_stm32f401rctx.o
rm -rf ./Core/Src/main.cyclo ./Core/Src/main.d ./Core/Src/main.o ./Core/Src/main.su ./Core/Src/pca9685.cyclo ./Core/Src/pca9685.d ./Core/Src/pca9685.o ./Core/Src/pca9685.su ./Core/Src/stm32f4xx_hal_msp.cyclo ./Core/Src/stm32f4xx_hal_msp.d ./Core/Src/stm32f4xx_hal_msp.o ./Core/Src/stm32f4xx_hal_msp.su ./Core/Src/stm32f4xx_it.cyclo ./Core/Src/stm32f4xx_it.d ./Core/Src/stm32f4xx_it.o ./Core/Src/stm32f4xx_it.su ./Core/Src/syscalls.cyclo ./Core/Src/syscalls.d ./Core/Src/syscalls.o ./Core/Src/syscalls.su ./Core/Src/sysmem.cyclo ./Core/Src/sysmem.d ./Core/Src/sysmem.o ./Core/Src/sysmem.su ./Core/Src/system_stm32f4xx.cyclo ./Core/Src/system_stm32f4xx.d ./Core/Src/system_stm32f4xx.o ./Core/Src/system_stm32f4xx.su
rm -rf Humanoid_Blackbill2.bin Humanoid_Blackbill2.elf Humanoid_Blackbill2.hex Humanoid_Blackbill2.list Humanoid_Blackbill2.map default.size.stdout
 
16:22:18 **** Build of configuration Debug for project Humanoid_Blackbill2 ****
make -j3 all 
arm-none-eabi-gcc "../Drivers/STM32F4xx_HAL_Driver/Src/stm32f4xx_hal.c" -mcpu=cortex-m4 -std=gnu11 -g3 -DDEBUG -DUSE_HAL_DRIVER -DSTM32F401xC -c -I../Core/Inc -I../Drivers/STM32F4xx_HAL_Driver/Inc -I../Drivers/STM32F4xx_HAL_Driver/Inc/Legacy -I../Drivers/CMSIS/Device/ST/STM32F4xx/Include -I../Drivers/CMSIS/Include -O0 -ffunction-sections -fdata-sections -Wall -fstack-usage -fcyclomatic-complexity -MMD -MP -MF"Drivers/STM32F4xx_HAL_Driver/Src/stm32f4xx_hal.d" -MT"Drivers/STM32F4xx_HAL_Driver/Src/stm32f4xx_hal.o" --specs=nano.specs -mfpu=fpv4-sp-d16 -mfloat-abi=hard -mthumb -o "Drivers/STM32F4xx_HAL_Driver/Src/stm32f4xx_hal.o"
arm-none-eabi-gcc "../Drivers/STM32F4xx_HAL_Driver/Src/stm32f4xx_hal_cortex.c" -mcpu=cortex-m4 -std=gnu11 -g3 -DDEBUG -DUSE_HAL_DRIVER -DSTM32F401xC -c -I../Core/Inc -I../Drivers/STM32F4xx_HAL_Driver/Inc -I../Drivers/STM32F4xx_HAL_Driver/Inc/Legacy -I../Drivers/CMSIS/Device/ST/STM32F4xx/Include -I../Drivers/CMSIS/Include -O0 -ffunction-sections -fdata-sections -Wall -fstack-usage -fcyclomatic-complexity -MMD -MP -MF"Drivers/STM32F4xx_HAL_Driver/Src/stm32f4xx_hal_cortex.d" -MT"Drivers/STM32F4xx_HAL_Driver/Src/stm32f4xx_hal_cortex.o" --specs=nano.specs -mfpu=fpv4-sp-d16 -mfloat-abi=hard -mthumb -o "Drivers/STM32F4xx_HAL_Driver/Src/stm32f4xx_hal_cortex.o"
arm-none-eabi-gcc "../Drivers/STM32F4xx_HAL_Driver/Src/stm32f4xx_hal_dma.c" -mcpu=cortex-m4 -std=gnu11 -g3 -DDEBUG -DUSE_HAL_DRIVER -DSTM32F401xC -c -I../Core/Inc -I../Drivers/STM32F4xx_HAL_Driver/Inc -I../Drivers/STM32F4xx_HAL_Driver/Inc/Legacy -I../Drivers/CMSIS/Device/ST/STM32F4xx/Include -I../Drivers/CMSIS/Include -O0 -ffunction-sections -fdata-sections -Wall -fstack-usage -fcyclomatic-complexity -MMD -MP -MF"Drivers/STM32F4xx_HAL_Driver/Src/stm32f4xx_hal_dma.d" -MT"Drivers/STM32F4xx_HAL_Driver/Src/stm32f4xx_hal_dma.o" --specs=nano.specs -mfpu=fpv4-sp-d16 -mfloat-abi=hard -mthumb -o "Drivers/STM32F4xx_HAL_Driver/Src/stm32f4xx_hal_dma.o"
arm-none-eabi-gcc "../Drivers/STM32F4xx_HAL_Driver/Src/stm32f4xx_hal_dma_ex.c" -mcpu=cortex-m4 -std=gnu11 -g3 -DDEBUG -DUSE_HAL_DRIVER -DSTM32F401xC -c -I../Core/Inc -I../Drivers/STM32F4xx_HAL_Driver/Inc -I../Drivers/STM32F4xx_HAL_Driver/Inc/Legacy -I../Drivers/CMSIS/Device/ST/STM32F4xx/Include -I../Drivers/CMSIS/Include -O0 -ffunction-sections -fdata-sections -Wall -fstack-usage -fcyclomatic-complexity -MMD -MP -MF"Drivers/STM32F4xx_HAL_Driver/Src/stm32f4xx_hal_dma_ex.d" -MT"Drivers/STM32F4xx_HAL_Driver/Src/stm32f4xx_hal_dma_ex.o" --specs=nano.specs -mfpu=fpv4-sp-d16 -mfloat-abi=hard -mthumb -o "Drivers/STM32F4xx_HAL_Driver/Src/stm32f4xx_hal_dma_ex.o"
arm-none-eabi-gcc "../Drivers/STM32F4xx_HAL_Driver/Src/stm32f4xx_hal_exti.c" -mcpu=cortex-m4 -std=gnu11 -g3 -DDEBUG -DUSE_HAL_DRIVER -DSTM32F401xC -c -I../Core/Inc -I../Drivers/STM32F4xx_HAL_Driver/Inc -I../Drivers/STM32F4xx_HAL_Driver/Inc/Legacy -I../Drivers/CMSIS/Device/ST/STM32F4xx/Include -I../Drivers/CMSIS/Include -O0 -ffunction-sections -fdata-sections -Wall -fstack-usage -fcyclomatic-complexity -MMD -MP -MF"Drivers/STM32F4xx_HAL_Driver/Src/stm32f4xx_hal_exti.d" -MT"Drivers/STM32F4xx_HAL_Driver/Src/stm32f4xx_hal_exti.o" --specs=nano.specs -mfpu=fpv4-sp-d16 -mfloat-abi=hard -mthumb -o "Drivers/STM32F4xx_HAL_Driver/Src/stm32f4xx_hal_exti.o"
arm-none-eabi-gcc "../Drivers/STM32F4xx_HAL_Driver/Src/stm32f4xx_hal_flash.c" -mcpu=cortex-m4 -std=gnu11 -g3 -DDEBUG -DUSE_HAL_DRIVER -DSTM32F401xC -c -I../Core/Inc -I../Drivers/STM32F4xx_HAL_Driver/Inc -I../Drivers/STM32F4xx_HAL_Driver/Inc/Legacy -I../Drivers/CMSIS/Device/ST/STM32F4xx/Include -I../Drivers/CMSIS/Include -O0 -ffunction-sections -fdata-sections -Wall -fstack-usage -fcyclomatic-complexity -MMD -MP -MF"Drivers/STM32F4xx_HAL_Driver/Src/stm32f4xx_hal_flash.d" -MT"Drivers/STM32F4xx_HAL_Driver/Src/stm32f4xx_hal_flash.o" --specs=nano.specs -mfpu=fpv4-sp-d16 -mfloat-abi=hard -mthumb -o "Drivers/STM32F4xx_HAL_Driver/Src/stm32f4xx_hal_flash.o"
arm-none-eabi-gcc "../Drivers/STM32F4xx_HAL_Driver/Src/stm32f4xx_hal_flash_ex.c" -mcpu=cortex-m4 -std=gnu11 -g3 -DDEBUG -DUSE_HAL_DRIVER -DSTM32F401xC -c -I../Core/Inc -I../Drivers/STM32F4xx_HAL_Driver/Inc -I../Drivers/STM32F4xx_HAL_Driver/Inc/Legacy -I../Drivers/CMSIS/Device/ST/STM32F4xx/Include -I../Drivers/CMSIS/Include -O0 -ffunction-sections -fdata-sections -Wall -fstack-usage -fcyclomatic-complexity -MMD -MP -MF"Drivers/STM32F4xx_HAL_Driver/Src/stm32f4xx_hal_flash_ex.d" -MT"Drivers/STM32F4xx_HAL_Driver/Src/stm32f4xx_hal_flash_ex.o" --specs=nano.specs -mfpu=fpv4-sp-d16 -mfloat-abi=hard -mthumb -o "Drivers/STM32F4xx_HAL_Driver/Src/stm32f4xx_hal_flash_ex.o"
arm-none-eabi-gcc "../Drivers/STM32F4xx_HAL_Driver/Src/stm32f4xx_hal_flash_ramfunc.c" -mcpu=cortex-m4 -std=gnu11 -g3 -DDEBUG -DUSE_HAL_DRIVER -DSTM32F401xC -c -I../Core/Inc -I../Drivers/STM32F4xx_HAL_Driver/Inc -I../Drivers/STM32F4xx_HAL_Driver/Inc/Legacy -I../Drivers/CMSIS/Device/ST/STM32F4xx/Include -I../Drivers/CMSIS/Include -O0 -ffunction-sections -fdata-sections -Wall -fstack-usage -fcyclomatic-complexity -MMD -MP -MF"Drivers/STM32F4xx_HAL_Driver/Src/stm32f4xx_hal_flash_ramfunc.d" -MT"Drivers/STM32F4xx_HAL_Driver/Src/stm32f4xx_hal_flash_ramfunc.o" --specs=nano.specs -mfpu=fpv4-sp-d16 -mfloat-abi=hard -mthumb -o "Drivers/STM32F4xx_HAL_Driver/Src/stm32f4xx_hal_flash_ramfunc.o"
arm-none-eabi-gcc "../Drivers/STM32F4xx_HAL_Driver/Src/stm32f4xx_hal_gpio.c" -mcpu=cortex-m4 -std=gnu11 -g3 -DDEBUG -DUSE_HAL_DRIVER -DSTM32F401xC -c -I../Core/Inc -I../Drivers/STM32F4xx_HAL_Driver/Inc -I../Drivers/STM32F4xx_HAL_Driver/Inc/Legacy -I../Drivers/CMSIS/Device/ST/STM32F4xx/Include -I../Drivers/CMSIS/Include -O0 -ffunction-sections -fdata-sections -Wall -fstack-usage -fcyclomatic-complexity -MMD -MP -MF"Drivers/STM32F4xx_HAL_Driver/Src/stm32f4xx_hal_gpio.d" -MT"Drivers/STM32F4xx_HAL_Driver/Src/stm32f4xx_hal_gpio.o" --specs=nano.specs -mfpu=fpv4-sp-d16 -mfloat-abi=hard -mthumb -o "Drivers/STM32F4xx_HAL_Driver/Src/stm32f4xx_hal_gpio.o"
arm-none-eabi-gcc "../Drivers/STM32F4xx_HAL_Driver/Src/stm32f4xx_hal_i2c.c" -mcpu=cortex-m4 -std=gnu11 -g3 -DDEBUG -DUSE_HAL_DRIVER -DSTM32F401xC -c -I../Core/Inc -I../Drivers/STM32F4xx_HAL_Driver/Inc -I../Drivers/STM32F4xx_HAL_Driver/Inc/Legacy -I../Drivers/CMSIS/Device/ST/STM32F4xx/Include -I../Drivers/CMSIS/Include -O0 -ffunction-sections -fdata-sections -Wall -fstack-usage -fcyclomatic-complexity -MMD -MP -MF"Drivers/STM32F4xx_HAL_Driver/Src/stm32f4xx_hal_i2c.d" -MT"Drivers/STM32F4xx_HAL_Driver/Src/stm32f4xx_hal_i2c.o" --specs=nano.specs -mfpu=fpv4-sp-d16 -mfloat-abi=hard -mthumb -o "Drivers/STM32F4xx_HAL_Driver/Src/stm32f4xx_hal_i2c.o"
arm-none-eabi-gcc "../Drivers/STM32F4xx_HAL_Driver/Src/stm32f4xx_hal_i2c_ex.c" -mcpu=cortex-m4 -std=gnu11 -g3 -DDEBUG -DUSE_HAL_DRIVER -DSTM32F401xC -c -I../Core/Inc -I../Drivers/STM32F4xx_HAL_Driver/Inc -I../Drivers/STM32F4xx_HAL_Driver/Inc/Legacy -I../Drivers/CMSIS/Device/ST/STM32F4xx/Include -I../Drivers/CMSIS/Include -O0 -ffunction-sections -fdata-sections -Wall -fstack-usage -fcyclomatic-complexity -MMD -MP -MF"Drivers/STM32F4xx_HAL_Driver/Src/stm32f4xx_hal_i2c_ex.d" -MT"Drivers/STM32F4xx_HAL_Driver/Src/stm32f4xx_hal_i2c_ex.o" --specs=nano.specs -mfpu=fpv4-sp-d16 -mfloat-abi=hard -mthumb -o "Drivers/STM32F4xx_HAL_Driver/Src/stm32f4xx_hal_i2c_ex.o"
arm-none-eabi-gcc "../Drivers/STM32F4xx_HAL_Driver/Src/stm32f4xx_hal_pwr.c" -mcpu=cortex-m4 -std=gnu11 -g3 -DDEBUG -DUSE_HAL_DRIVER -DSTM32F401xC -c -I../Core/Inc -I../Drivers/STM32F4xx_HAL_Driver/Inc -I../Drivers/STM32F4xx_HAL_Driver/Inc/Legacy -I../Drivers/CMSIS/Device/ST/STM32F4xx/Include -I../Drivers/CMSIS/Include -O0 -ffunction-sections -fdata-sections -Wall -fstack-usage -fcyclomatic-complexity -MMD -MP -MF"Drivers/STM32F4xx_HAL_Driver/Src/stm32f4xx_hal_pwr.d" -MT"Drivers/STM32F4xx_HAL_Driver/Src/stm32f4xx_hal_pwr.o" --specs=nano.specs -mfpu=fpv4-sp-d16 -mfloat-abi=hard -mthumb -o "Drivers/STM32F4xx_HAL_Driver/Src/stm32f4xx_hal_pwr.o"
arm-none-eabi-gcc "../Drivers/STM32F4xx_HAL_Driver/Src/stm32f4xx_hal_pwr_ex.c" -mcpu=cortex-m4 -std=gnu11 -g3 -DDEBUG -DUSE_HAL_DRIVER -DSTM32F401xC -c -I../Core/Inc -I../Drivers/STM32F4xx_HAL_Driver/Inc -I../Drivers/STM32F4xx_HAL_Driver/Inc/Legacy -I../Drivers/CMSIS/Device/ST/STM32F4xx/Include -I../Drivers/CMSIS/Include -O0 -ffunction-sections -fdata-sections -Wall -fstack-usage -fcyclomatic-complexity -MMD -MP -MF"Drivers/STM32F4xx_HAL_Driver/Src/stm32f4xx_hal_pwr_ex.d" -MT"Drivers/STM32F4xx_HAL_Driver/Src/stm32f4xx_hal_pwr_ex.o" --specs=nano.specs -mfpu=fpv4-sp-d16 -mfloat-abi=hard -mthumb -o "Drivers/STM32F4xx_HAL_Driver/Src/stm32f4xx_hal_pwr_ex.o"
arm-none-eabi-gcc "../Drivers/STM32F4xx_HAL_Driver/Src/stm32f4xx_hal_rcc.c" -mcpu=cortex-m4 -std=gnu11 -g3 -DDEBUG -DUSE_HAL_DRIVER -DSTM32F401xC -c -I../Core/Inc -I../Drivers/STM32F4xx_HAL_Driver/Inc -I../Drivers/STM32F4xx_HAL_Driver/Inc/Legacy -I../Drivers/CMSIS/Device/ST/STM32F4xx/Include -I../Drivers/CMSIS/Include -O0 -ffunction-sections -fdata-sections -Wall -fstack-usage -fcyclomatic-complexity -MMD -MP -MF"Drivers/STM32F4xx_HAL_Driver/Src/stm32f4xx_hal_rcc.d" -MT"Drivers/STM32F4xx_HAL_Driver/Src/stm32f4xx_hal_rcc.o" --specs=nano.specs -mfpu=fpv4-sp-d16 -mfloat-abi=hard -mthumb -o "Drivers/STM32F4xx_HAL_Driver/Src/stm32f4xx_hal_rcc.o"
arm-none-eabi-gcc "../Drivers/STM32F4xx_HAL_Driver/Src/stm32f4xx_hal_rcc_ex.c" -mcpu=cortex-m4 -std=gnu11 -g3 -DDEBUG -DUSE_HAL_DRIVER -DSTM32F401xC -c -I../Core/Inc -I../Drivers/STM32F4xx_HAL_Driver/Inc -I../Drivers/STM32F4xx_HAL_Driver/Inc/Legacy -I../Drivers/CMSIS/Device/ST/STM32F4xx/Include -I../Drivers/CMSIS/Include -O0 -ffunction-sections -fdata-sections -Wall -fstack-usage -fcyclomatic-complexity -MMD -MP -MF"Drivers/STM32F4xx_HAL_Driver/Src/stm32f4xx_hal_rcc_ex.d" -MT"Drivers/STM32F4xx_HAL_Driver/Src/stm32f4xx_hal_rcc_ex.o" --specs=nano.specs -mfpu=fpv4-sp-d16 -mfloat-abi=hard -mthumb -o "Drivers/STM32F4xx_HAL_Driver/Src/stm32f4xx_hal_rcc_ex.o"
arm-none-eabi-gcc "../Drivers/STM32F4xx_HAL_Driver/Src/stm32f4xx_hal_tim.c" -mcpu=cortex-m4 -std=gnu11 -g3 -DDEBUG -DUSE_HAL_DRIVER -DSTM32F401xC -c -I../Core/Inc -I../Drivers/STM32F4xx_HAL_Driver/Inc -I../Drivers/STM32F4xx_HAL_Driver/Inc/Legacy -I../Drivers/CMSIS/Device/ST/STM32F4xx/Include -I../Drivers/CMSIS/Include -O0 -ffunction-sections -fdata-sections -Wall -fstack-usage -fcyclomatic-complexity -MMD -MP -MF"Drivers/STM32F4xx_HAL_Driver/Src/stm32f4xx_hal_tim.d" -MT"Drivers/STM32F4xx_HAL_Driver/Src/stm32f4xx_hal_tim.o" --specs=nano.specs -mfpu=fpv4-sp-d16 -mfloat-abi=hard -mthumb -o "Drivers/STM32F4xx_HAL_Driver/Src/stm32f4xx_hal_tim.o"
arm-none-eabi-gcc "../Drivers/STM32F4xx_HAL_Driver/Src/stm32f4xx_hal_tim_ex.c" -mcpu=cortex-m4 -std=gnu11 -g3 -DDEBUG -DUSE_HAL_DRIVER -DSTM32F401xC -c -I../Core/Inc -I../Drivers/STM32F4xx_HAL_Driver/Inc -I../Drivers/STM32F4xx_HAL_Driver/Inc/Legacy -I../Drivers/CMSIS/Device/ST/STM32F4xx/Include -I../Drivers/CMSIS/Include -O0 -ffunction-sections -fdata-sections -Wall -fstack-usage -fcyclomatic-complexity -MMD -MP -MF"Drivers/STM32F4xx_HAL_Driver/Src/stm32f4xx_hal_tim_ex.d" -MT"Drivers/STM32F4xx_HAL_Driver/Src/stm32f4xx_hal_tim_ex.o" --specs=nano.specs -mfpu=fpv4-sp-d16 -mfloat-abi=hard -mthumb -o "Drivers/STM32F4xx_HAL_Driver/Src/stm32f4xx_hal_tim_ex.o"
arm-none-eabi-gcc "../Drivers/STM32F4xx_HAL_Driver/Src/stm32f4xx_hal_uart.c" -mcpu=cortex-m4 -std=gnu11 -g3 -DDEBUG -DUSE_HAL_DRIVER -DSTM32F401xC -c -I../Core/Inc -I../Drivers/STM32F4xx_HAL_Driver/Inc -I../Drivers/STM32F4xx_HAL_Driver/Inc/Legacy -I../Drivers/CMSIS/Device/ST/STM32F4xx/Include -I../Drivers/CMSIS/Include -O0 -ffunction-sections -fdata-sections -Wall -fstack-usage -fcyclomatic-complexity -MMD -MP -MF"Drivers/STM32F4xx_HAL_Driver/Src/stm32f4xx_hal_uart.d" -MT"Drivers/STM32F4xx_HAL_Driver/Src/stm32f4xx_hal_uart.o" --specs=nano.specs -mfpu=fpv4-sp-d16 -mfloat-abi=hard -mthumb -o "Drivers/STM32F4xx_HAL_Driver/Src/stm32f4xx_hal_uart.o"
arm-none-eabi-gcc -mcpu=cortex-m4 -g3 -DDEBUG -c -x assembler-with-cpp -MMD -MP -MF"Core/Startup/startup_stm32f401rctx.d" -MT"Core/Startup/startup_stm32f401rctx.o" --specs=nano.specs -mfpu=fpv4-sp-d16 -mfloat-abi=hard -mthumb -o "Core/Startup/startup_stm32f401rctx.o" "../Core/Startup/startup_stm32f401rctx.s"
arm-none-eabi-gcc "../Core/Src/MotorDriver.c" -mcpu=cortex-m4 -std=gnu11 -g3 -DDEBUG -DUSE_HAL_DRIVER -DSTM32F401xC -c -I../Core/Inc -I../Drivers/STM32F4xx_HAL_Driver/Inc -I../Drivers/STM32F4xx_HAL_Driver/Inc/Legacy -I../Drivers/CMSIS/Device/ST/STM32F4xx/Include -I../Drivers/CMSIS/Include -O0 -ffunction-sections -fdata-sections -Wall -fstack-usage -fcyclomatic-complexity -MMD -MP -MF"Core/Src/MotorDriver.d" -MT"Core/Src/MotorDriver.o" --specs=nano.specs -mfpu=fpv4-sp-d16 -mfloat-abi=hard -mthumb -o "Core/Src/MotorDriver.o"
arm-none-eabi-gcc "../Core/Src/main.c" -mcpu=cortex-m4 -std=gnu11 -g3 -DDEBUG -DUSE_HAL_DRIVER -DSTM32F401xC -c -I../Core/Inc -I../Drivers/STM32F4xx_HAL_Driver/Inc -I../Drivers/STM32F4xx_HAL_Driver/Inc/Legacy -I../Drivers/CMSIS/Device/ST/STM32F4xx/Include -I../Drivers/CMSIS/Include -O0 -ffunction-sections -fdata-sections -Wall -fstack-usage -fcyclomatic-complexity -MMD -MP -MF"Core/Src/main.d" -MT"Core/Src/main.o" --specs=nano.specs -mfpu=fpv4-sp-d16 -mfloat-abi=hard -mthumb -o "Core/Src/main.o"
arm-none-eabi-gcc "../Core/Src/pca9685.c" -mcpu=cortex-m4 -std=gnu11 -g3 -DDEBUG -DUSE_HAL_DRIVER -DSTM32F401xC -c -I../Core/Inc -I../Drivers/STM32F4xx_HAL_Driver/Inc -I../Drivers/STM32F4xx_HAL_Driver/Inc/Legacy -I../Drivers/CMSIS/Device/ST/STM32F4xx/Include -I../Drivers/CMSIS/Include -O0 -ffunction-sections -fdata-sections -Wall -fstack-usage -fcyclomatic-complexity -MMD -MP -MF"Core/Src/pca9685.d" -MT"Core/Src/pca9685.o" --specs=nano.specs -mfpu=fpv4-sp-d16 -mfloat-abi=hard -mthumb -o "Core/Src/pca9685.o"
../Core/Src/main.c: In function 'main':
../Core/Src/main.c:214:25: warning: implicit declaration of function 'OpenHand' [-Wimplicit-function-declaration]
  214 |                         OpenHand();
      |                         ^~~~~~~~
../Core/Src/main.c:217:25: warning: implicit declaration of function 'CloseHand' [-Wimplicit-function-declaration]
  217 |                         CloseHand();
      |                         ^~~~~~~~~
../Core/Src/main.c: In function 'HAL_UART_RxCpltCallback':
../Core/Src/main.c:782:12: warning: suggest parentheses around assignment used as truth value [-Wparentheses]
  782 |         if(huart->Instance = USART1){
      |            ^~~~~
../Core/Src/pca9685.c: In function 'OpenHand':
../Core/Src/pca9685.c:352:33: error: 'PinkyR_channel1' undeclared (first use in this function)
  352 |          PCA9685_SetServoAngle( PinkyR_channel1 ,  140);
      |                                 ^~~~~~~~~~~~~~~
../Core/Src/pca9685.c:352:33: note: each undeclared identifier is reported only once for each function it appears in
../Core/Src/pca9685.c:354:32: error: 'RingR_channel0' undeclared (first use in this function)
  354 |          PCA9685_SetServoAngle(RingR_channel0,  140);
      |                                ^~~~~~~~~~~~~~
../Core/Src/pca9685.c:356:32: error: 'MiddleR_channel2' undeclared (first use in this function)
  356 |          PCA9685_SetServoAngle(MiddleR_channel2,  140);
      |                                ^~~~~~~~~~~~~~~~
../Core/Src/pca9685.c:358:32: error: 'IndexR_channel3' undeclared (first use in this function)
  358 |          PCA9685_SetServoAngle(IndexR_channel3,  170);
      |                                ^~~~~~~~~~~~~~~
../Core/Src/pca9685.c:360:32: error: 'ThumbR_channel4' undeclared (first use in this function)
  360 |          PCA9685_SetServoAngle(ThumbR_channel4,  15);
      |                                ^~~~~~~~~~~~~~~
../Core/Src/pca9685.c:363:32: error: 'PinkyL_channel5' undeclared (first use in this function)
  363 |          PCA9685_SetServoAngle(PinkyL_channel5,  0);
      |                                ^~~~~~~~~~~~~~~
../Core/Src/pca9685.c:365:32: error: 'RingL_channel7' undeclared (first use in this function)
  365 |          PCA9685_SetServoAngle(RingL_channel7,  0);
      |                                ^~~~~~~~~~~~~~
../Core/Src/pca9685.c:367:32: error: 'MiddleL_channel6' undeclared (first use in this function)
  367 |          PCA9685_SetServoAngle(MiddleL_channel6,  180);
      |                                ^~~~~~~~~~~~~~~~
../Core/Src/pca9685.c:369:32: error: 'IndexL_channel8' undeclared (first use in this function)
  369 |          PCA9685_SetServoAngle(IndexL_channel8,  0);
      |                                ^~~~~~~~~~~~~~~
../Core/Src/pca9685.c:371:32: error: 'ThumbL_channel9' undeclared (first use in this function)
  371 |          PCA9685_SetServoAngle(ThumbL_channel9,  180);
      |                                ^~~~~~~~~~~~~~~
make: *** [Core/Src/subdir.mk:40: Core/Src/pca9685.o] Error 1
make: *** Waiting for unfinished jobs....
"make -j3 all" terminated with exit code 2. Build might be incomplete.
16:23:31 **** Incremental Build of configuration Debug for project Humanoid_Blackbill2 ****
make -j3 all 
arm-none-eabi-gcc "../Core/Src/pca9685.c" -mcpu=cortex-m4 -std=gnu11 -g3 -DDEBUG -DUSE_HAL_DRIVER -DSTM32F401xC -c -I../Core/Inc -I../Drivers/STM32F4xx_HAL_Driver/Inc -I../Drivers/STM32F4xx_HAL_Driver/Inc/Legacy -I../Drivers/CMSIS/Device/ST/STM32F4xx/Include -I../Drivers/CMSIS/Include -O0 -ffunction-sections -fdata-sections -Wall -fstack-usage -fcyclomatic-complexity -MMD -MP -MF"Core/Src/pca9685.d" -MT"Core/Src/pca9685.o" --specs=nano.specs -mfpu=fpv4-sp-d16 -mfloat-abi=hard -mthumb -o "Core/Src/pca9685.o"
arm-none-eabi-gcc "../Core/Src/stm32f4xx_hal_msp.c" -mcpu=cortex-m4 -std=gnu11 -g3 -DDEBUG -DUSE_HAL_DRIVER -DSTM32F401xC -c -I../Core/Inc -I../Drivers/STM32F4xx_HAL_Driver/Inc -I../Drivers/STM32F4xx_HAL_Driver/Inc/Legacy -I../Drivers/CMSIS/Device/ST/STM32F4xx/Include -I../Drivers/CMSIS/Include -O0 -ffunction-sections -fdata-sections -Wall -fstack-usage -fcyclomatic-complexity -MMD -MP -MF"Core/Src/stm32f4xx_hal_msp.d" -MT"Core/Src/stm32f4xx_hal_msp.o" --specs=nano.specs -mfpu=fpv4-sp-d16 -mfloat-abi=hard -mthumb -o "Core/Src/stm32f4xx_hal_msp.o"
arm-none-eabi-gcc "../Core/Src/stm32f4xx_it.c" -mcpu=cortex-m4 -std=gnu11 -g3 -DDEBUG -DUSE_HAL_DRIVER -DSTM32F401xC -c -I../Core/Inc -I../Drivers/STM32F4xx_HAL_Driver/Inc -I../Drivers/STM32F4xx_HAL_Driver/Inc/Legacy -I../Drivers/CMSIS/Device/ST/STM32F4xx/Include -I../Drivers/CMSIS/Include -O0 -ffunction-sections -fdata-sections -Wall -fstack-usage -fcyclomatic-complexity -MMD -MP -MF"Core/Src/stm32f4xx_it.d" -MT"Core/Src/stm32f4xx_it.o" --specs=nano.specs -mfpu=fpv4-sp-d16 -mfloat-abi=hard -mthumb -o "Core/Src/stm32f4xx_it.o"
arm-none-eabi-gcc "../Core/Src/syscalls.c" -mcpu=cortex-m4 -std=gnu11 -g3 -DDEBUG -DUSE_HAL_DRIVER -DSTM32F401xC -c -I../Core/Inc -I../Drivers/STM32F4xx_HAL_Driver/Inc -I../Drivers/STM32F4xx_HAL_Driver/Inc/Legacy -I../Drivers/CMSIS/Device/ST/STM32F4xx/Include -I../Drivers/CMSIS/Include -O0 -ffunction-sections -fdata-sections -Wall -fstack-usage -fcyclomatic-complexity -MMD -MP -MF"Core/Src/syscalls.d" -MT"Core/Src/syscalls.o" --specs=nano.specs -mfpu=fpv4-sp-d16 -mfloat-abi=hard -mthumb -o "Core/Src/syscalls.o"
arm-none-eabi-gcc "../Core/Src/sysmem.c" -mcpu=cortex-m4 -std=gnu11 -g3 -DDEBUG -DUSE_HAL_DRIVER -DSTM32F401xC -c -I../Core/Inc -I../Drivers/STM32F4xx_HAL_Driver/Inc -I../Drivers/STM32F4xx_HAL_Driver/Inc/Legacy -I../Drivers/CMSIS/Device/ST/STM32F4xx/Include -I../Drivers/CMSIS/Include -O0 -ffunction-sections -fdata-sections -Wall -fstack-usage -fcyclomatic-complexity -MMD -MP -MF"Core/Src/sysmem.d" -MT"Core/Src/sysmem.o" --specs=nano.specs -mfpu=fpv4-sp-d16 -mfloat-abi=hard -mthumb -o "Core/Src/sysmem.o"
arm-none-eabi-gcc "../Core/Src/system_stm32f4xx.c" -mcpu=cortex-m4 -std=gnu11 -g3 -DDEBUG -DUSE_HAL_DRIVER -DSTM32F401xC -c -I../Core/Inc -I../Drivers/STM32F4xx_HAL_Driver/Inc -I../Drivers/STM32F4xx_HAL_Driver/Inc/Legacy -I../Drivers/CMSIS/Device/ST/STM32F4xx/Include -I../Drivers/CMSIS/Include -O0 -ffunction-sections -fdata-sections -Wall -fstack-usage -fcyclomatic-complexity -MMD -MP -MF"Core/Src/system_stm32f4xx.d" -MT"Core/Src/system_stm32f4xx.o" --specs=nano.specs -mfpu=fpv4-sp-d16 -mfloat-abi=hard -mthumb -o "Core/Src/system_stm32f4xx.o"
arm-none-eabi-gcc -o "Humanoid_Blackbill2.elf" @"objects.list"   -mcpu=cortex-m4 -T"E:\Senior2 Mechatronics\Graduation Project\Embedded\Workspace_Humanoid\Humanoid_Blackbill2\Humanoid_Blackbill2\STM32F401RCTX_FLASH.ld" --specs=nosys.specs -Wl,-Map="Humanoid_Blackbill2.map" -Wl,--gc-sections -static --specs=nano.specs -mfpu=fpv4-sp-d16 -mfloat-abi=hard -mthumb -Wl,--start-group -lc -lm -Wl,--end-group
Finished building target: Humanoid_Blackbill2.elf
 
arm-none-eabi-size  Humanoid_Blackbill2.elf 
arm-none-eabi-objdump -h -S Humanoid_Blackbill2.elf  > "Humanoid_Blackbill2.list"
   text	   data	    bss	    dec	    hex	filename
  25668	     20	   2308	  27996	   6d5c	Humanoid_Blackbill2.elf
arm-none-eabi-objcopy  -O ihex Humanoid_Blackbill2.elf  "Humanoid_Blackbill2.hex"
Finished building: default.size.stdout
 
arm-none-eabi-objcopy  -O binary Humanoid_Blackbill2.elf  "Humanoid_Blackbill2.bin"
Finished building: Humanoid_Blackbill2.hex
 
Finished building: Humanoid_Blackbill2.bin
 
Finished building: Humanoid_Blackbill2.list
 
16:27:30 **** Incremental Build of configuration Debug for project Humanoid_Blackbill2 ****
make -j3 all 
arm-none-eabi-gcc "../Core/Src/MotorDriver.c" -mcpu=cortex-m4 -std=gnu11 -g3 -DDEBUG -DUSE_HAL_DRIVER -DSTM32F401xC -c -I../Core/Inc -I../Drivers/STM32F4xx_HAL_Driver/Inc -I../Drivers/STM32F4xx_HAL_Driver/Inc/Legacy -I../Drivers/CMSIS/Device/ST/STM32F4xx/Include -I../Drivers/CMSIS/Include -O0 -ffunction-sections -fdata-sections -Wall -fstack-usage -fcyclomatic-complexity -MMD -MP -MF"Core/Src/MotorDriver.d" -MT"Core/Src/MotorDriver.o" --specs=nano.specs -mfpu=fpv4-sp-d16 -mfloat-abi=hard -mthumb -o "Core/Src/MotorDriver.o"
arm-none-eabi-gcc "../Core/Src/main.c" -mcpu=cortex-m4 -std=gnu11 -g3 -DDEBUG -DUSE_HAL_DRIVER -DSTM32F401xC -c -I../Core/Inc -I../Drivers/STM32F4xx_HAL_Driver/Inc -I../Drivers/STM32F4xx_HAL_Driver/Inc/Legacy -I../Drivers/CMSIS/Device/ST/STM32F4xx/Include -I../Drivers/CMSIS/Include -O0 -ffunction-sections -fdata-sections -Wall -fstack-usage -fcyclomatic-complexity -MMD -MP -MF"Core/Src/main.d" -MT"Core/Src/main.o" --specs=nano.specs -mfpu=fpv4-sp-d16 -mfloat-abi=hard -mthumb -o "Core/Src/main.o"
../Core/Src/main.c: In function 'main':
../Core/Src/main.c:168:25: warning: implicit declaration of function 'OpenHand' [-Wimplicit-function-declaration]
  168 |                         OpenHand();
      |                         ^~~~~~~~
../Core/Src/main.c:171:25: warning: implicit declaration of function 'CloseHand' [-Wimplicit-function-declaration]
  171 |                         CloseHand();
      |                         ^~~~~~~~~
../Core/Src/main.c: In function 'HAL_UART_RxCpltCallback':
../Core/Src/main.c:736:12: warning: suggest parentheses around assignment used as truth value [-Wparentheses]
  736 |         if(huart->Instance = USART1){
      |            ^~~~~
../Core/Src/MotorDriver.c:15:45: error: 'htim5' undeclared here (not in a function)
   15 | MotorConfig motorShoulderInRightStructG = {&htim5, TIM_CHANNEL_1}; // Configuration for shoulder motor right Label A
      |                                             ^~~~~
../Core/Src/MotorDriver.c:18:35: error: 'htim9' undeclared here (not in a function)
   18 | MotorConfig headUpDownStructG = {&htim9,TIM_CHANNEL_2}; // Configuration for head up-down
      |                                   ^~~~~
../Core/Src/MotorDriver.c:29:27: error: 'htim2' undeclared here (not in a function)
   29 |     .timer             = &htim2,
      |                           ^~~~~
../Core/Src/MotorDriver.c:42:27: error: 'htim1' undeclared here (not in a function)
   42 |     .timer             = &htim1,
      |                           ^~~~~
make: *** [Core/Src/subdir.mk:40: Core/Src/MotorDriver.o] Error 1
make: *** Waiting for unfinished jobs....
"make -j3 all" terminated with exit code 2. Build might be incomplete.
16:27:54 **** Incremental Build of configuration Debug for project Humanoid_Blackbill2 ****
make -j3 all 
arm-none-eabi-gcc "../Core/Src/MotorDriver.c" -mcpu=cortex-m4 -std=gnu11 -g3 -DDEBUG -DUSE_HAL_DRIVER -DSTM32F401xC -c -I../Core/Inc -I../Drivers/STM32F4xx_HAL_Driver/Inc -I../Drivers/STM32F4xx_HAL_Driver/Inc/Legacy -I../Drivers/CMSIS/Device/ST/STM32F4xx/Include -I../Drivers/CMSIS/Include -O0 -ffunction-sections -fdata-sections -Wall -fstack-usage -fcyclomatic-complexity -MMD -MP -MF"Core/Src/MotorDriver.d" -MT"Core/Src/MotorDriver.o" --specs=nano.specs -mfpu=fpv4-sp-d16 -mfloat-abi=hard -mthumb -o "Core/Src/MotorDriver.o"
arm-none-eabi-gcc "../Core/Src/main.c" -mcpu=cortex-m4 -std=gnu11 -g3 -DDEBUG -DUSE_HAL_DRIVER -DSTM32F401xC -c -I../Core/Inc -I../Drivers/STM32F4xx_HAL_Driver/Inc -I../Drivers/STM32F4xx_HAL_Driver/Inc/Legacy -I../Drivers/CMSIS/Device/ST/STM32F4xx/Include -I../Drivers/CMSIS/Include -O0 -ffunction-sections -fdata-sections -Wall -fstack-usage -fcyclomatic-complexity -MMD -MP -MF"Core/Src/main.d" -MT"Core/Src/main.o" --specs=nano.specs -mfpu=fpv4-sp-d16 -mfloat-abi=hard -mthumb -o "Core/Src/main.o"
../Core/Src/main.c:67:1: error: unknown type name 'MotorConfig'
   67 | MotorConfig motorShoulderInRightStructG = {&htim5, TIM_CHANNEL_1}; // Configuration for shoulder motor right Label A
      | ^~~~~~~~~~~
../Core/Src/main.c:67:44: warning: initialization of 'int' from 'TIM_HandleTypeDef *' makes integer from pointer without a cast [-Wint-conversion]
   67 | MotorConfig motorShoulderInRightStructG = {&htim5, TIM_CHANNEL_1}; // Configuration for shoulder motor right Label A
      |                                            ^
../Core/Src/main.c:67:44: note: (near initialization for 'motorShoulderInRightStructG')
In file included from ../Core/Inc/stm32f4xx_hal_conf.h:407,
                 from ../Drivers/STM32F4xx_HAL_Driver/Inc/stm32f4xx_hal.h:29,
                 from ../Core/Inc/main.h:30,
                 from ../Core/Src/main.c:20:
../Drivers/STM32F4xx_HAL_Driver/Inc/stm32f4xx_hal_tim.h:738:44: warning: excess elements in scalar initializer
  738 | #define TIM_CHANNEL_1                      0x00000000U                          /*!< Capture/compare channel 1 identifier      */
      |                                            ^~~~~~~~~~~
../Core/Src/main.c:67:52: note: in expansion of macro 'TIM_CHANNEL_1'
   67 | MotorConfig motorShoulderInRightStructG = {&htim5, TIM_CHANNEL_1}; // Configuration for shoulder motor right Label A
      |                                                    ^~~~~~~~~~~~~
../Drivers/STM32F4xx_HAL_Driver/Inc/stm32f4xx_hal_tim.h:738:44: note: (near initialization for 'motorShoulderInRightStructG')
  738 | #define TIM_CHANNEL_1                      0x00000000U                          /*!< Capture/compare channel 1 identifier      */
      |                                            ^~~~~~~~~~~
../Core/Src/main.c:67:52: note: in expansion of macro 'TIM_CHANNEL_1'
   67 | MotorConfig motorShoulderInRightStructG = {&htim5, TIM_CHANNEL_1}; // Configuration for shoulder motor right Label A
      |                                                    ^~~~~~~~~~~~~
../Core/Src/main.c:68:1: error: unknown type name 'MotorConfig'
   68 | MotorConfig motorShoulderInLeftStructG = {&htim5, TIM_CHANNEL_2}; // Configuration for shoulder motor left Label A'
      | ^~~~~~~~~~~
../Core/Src/main.c:68:43: warning: initialization of 'int' from 'TIM_HandleTypeDef *' makes integer from pointer without a cast [-Wint-conversion]
   68 | MotorConfig motorShoulderInLeftStructG = {&htim5, TIM_CHANNEL_2}; // Configuration for shoulder motor left Label A'
      |                                           ^
../Core/Src/main.c:68:43: note: (near initialization for 'motorShoulderInLeftStructG')
In file included from ../Core/Inc/stm32f4xx_hal_conf.h:407,
                 from ../Drivers/STM32F4xx_HAL_Driver/Inc/stm32f4xx_hal.h:29,
                 from ../Core/Inc/main.h:30,
                 from ../Core/Src/main.c:20:
../Drivers/STM32F4xx_HAL_Driver/Inc/stm32f4xx_hal_tim.h:739:44: warning: excess elements in scalar initializer
  739 | #define TIM_CHANNEL_2                      0x00000004U                          /*!< Capture/compare channel 2 identifier      */
      |                                            ^~~~~~~~~~~
../Core/Src/main.c:68:51: note: in expansion of macro 'TIM_CHANNEL_2'
   68 | MotorConfig motorShoulderInLeftStructG = {&htim5, TIM_CHANNEL_2}; // Configuration for shoulder motor left Label A'
      |                                                   ^~~~~~~~~~~~~
../Drivers/STM32F4xx_HAL_Driver/Inc/stm32f4xx_hal_tim.h:739:44: note: (near initialization for 'motorShoulderInLeftStructG')
  739 | #define TIM_CHANNEL_2                      0x00000004U                          /*!< Capture/compare channel 2 identifier      */
      |                                            ^~~~~~~~~~~
../Core/Src/main.c:68:51: note: in expansion of macro 'TIM_CHANNEL_2'
   68 | MotorConfig motorShoulderInLeftStructG = {&htim5, TIM_CHANNEL_2}; // Configuration for shoulder motor left Label A'
      |                                                   ^~~~~~~~~~~~~
../Core/Src/main.c:69:1: error: unknown type name 'MotorConfig'
   69 | MotorConfig headRotationStructG = {&htim5, TIM_CHANNEL_3}; // Configuration for head rotation
      | ^~~~~~~~~~~
../Core/Src/main.c:69:36: warning: initialization of 'int' from 'TIM_HandleTypeDef *' makes integer from pointer without a cast [-Wint-conversion]
   69 | MotorConfig headRotationStructG = {&htim5, TIM_CHANNEL_3}; // Configuration for head rotation
      |                                    ^
../Core/Src/main.c:69:36: note: (near initialization for 'headRotationStructG')
In file included from ../Core/Inc/stm32f4xx_hal_conf.h:407,
                 from ../Drivers/STM32F4xx_HAL_Driver/Inc/stm32f4xx_hal.h:29,
                 from ../Core/Inc/main.h:30,
                 from ../Core/Src/main.c:20:
../Drivers/STM32F4xx_HAL_Driver/Inc/stm32f4xx_hal_tim.h:740:44: warning: excess elements in scalar initializer
  740 | #define TIM_CHANNEL_3                      0x00000008U                          /*!< Capture/compare channel 3 identifier      */
      |                                            ^~~~~~~~~~~
../Core/Src/main.c:69:44: note: in expansion of macro 'TIM_CHANNEL_3'
   69 | MotorConfig headRotationStructG = {&htim5, TIM_CHANNEL_3}; // Configuration for head rotation
      |                                            ^~~~~~~~~~~~~
../Drivers/STM32F4xx_HAL_Driver/Inc/stm32f4xx_hal_tim.h:740:44: note: (near initialization for 'headRotationStructG')
  740 | #define TIM_CHANNEL_3                      0x00000008U                          /*!< Capture/compare channel 3 identifier      */
      |                                            ^~~~~~~~~~~
../Core/Src/main.c:69:44: note: in expansion of macro 'TIM_CHANNEL_3'
   69 | MotorConfig headRotationStructG = {&htim5, TIM_CHANNEL_3}; // Configuration for head rotation
      |                                            ^~~~~~~~~~~~~
../Core/Src/main.c:70:1: error: unknown type name 'MotorConfig'
   70 | MotorConfig headUpDownStructG = {&htim9,TIM_CHANNEL_2}; // Configuration for head up-down
      | ^~~~~~~~~~~
../Core/Src/main.c:70:34: warning: initialization of 'int' from 'TIM_HandleTypeDef *' makes integer from pointer without a cast [-Wint-conversion]
   70 | MotorConfig headUpDownStructG = {&htim9,TIM_CHANNEL_2}; // Configuration for head up-down
      |                                  ^
../Core/Src/main.c:70:34: note: (near initialization for 'headUpDownStructG')
In file included from ../Core/Inc/stm32f4xx_hal_conf.h:407,
                 from ../Drivers/STM32F4xx_HAL_Driver/Inc/stm32f4xx_hal.h:29,
                 from ../Core/Inc/main.h:30,
                 from ../Core/Src/main.c:20:
../Drivers/STM32F4xx_HAL_Driver/Inc/stm32f4xx_hal_tim.h:739:44: warning: excess elements in scalar initializer
  739 | #define TIM_CHANNEL_2                      0x00000004U                          /*!< Capture/compare channel 2 identifier      */
      |                                            ^~~~~~~~~~~
../Core/Src/main.c:70:41: note: in expansion of macro 'TIM_CHANNEL_2'
   70 | MotorConfig headUpDownStructG = {&htim9,TIM_CHANNEL_2}; // Configuration for head up-down
      |                                         ^~~~~~~~~~~~~
../Drivers/STM32F4xx_HAL_Driver/Inc/stm32f4xx_hal_tim.h:739:44: note: (near initialization for 'headUpDownStructG')
  739 | #define TIM_CHANNEL_2                      0x00000004U                          /*!< Capture/compare channel 2 identifier      */
      |                                            ^~~~~~~~~~~
../Core/Src/main.c:70:41: note: in expansion of macro 'TIM_CHANNEL_2'
   70 | MotorConfig headUpDownStructG = {&htim9,TIM_CHANNEL_2}; // Configuration for head up-down
      |                                         ^~~~~~~~~~~~~
../Core/Src/main.c:73:1: error: unknown type name 'Dc_Motor'
   73 | Dc_Motor motorDCRightStructG = {
      | ^~~~~~~~
../Core/Src/main.c:75:5: error: field name not in record or union initializer
   75 |     .enablePort        = GPIOC,
      |     ^
../Core/Src/main.c:75:5: note: (near initialization for 'motorDCRightStructG')
In file included from ../Drivers/CMSIS/Device/ST/STM32F4xx/Include/stm32f4xx.h:144,
                 from ../Drivers/STM32F4xx_HAL_Driver/Inc/stm32f4xx_hal_def.h:29,
                 from ../Drivers/STM32F4xx_HAL_Driver/Inc/stm32f4xx_hal_rcc.h:27,
                 from ../Core/Inc/stm32f4xx_hal_conf.h:275,
                 from ../Drivers/STM32F4xx_HAL_Driver/Inc/stm32f4xx_hal.h:29,
                 from ../Core/Inc/main.h:30,
                 from ../Core/Src/main.c:20:
../Drivers/CMSIS/Device/ST/STM32F4xx/Include/stm32f401xc.h:781:29: warning: initialization of 'int' from 'GPIO_TypeDef *' makes integer from pointer without a cast [-Wint-conversion]
  781 | #define GPIOC               ((GPIO_TypeDef *) GPIOC_BASE)
      |                             ^
../Core/Src/main.c:75:26: note: in expansion of macro 'GPIOC'
   75 |     .enablePort        = GPIOC,
      |                          ^~~~~
../Drivers/CMSIS/Device/ST/STM32F4xx/Include/stm32f401xc.h:781:29: note: (near initialization for 'motorDCRightStructG')
  781 | #define GPIOC               ((GPIO_TypeDef *) GPIOC_BASE)
      |                             ^
../Core/Src/main.c:75:26: note: in expansion of macro 'GPIOC'
   75 |     .enablePort        = GPIOC,
      |                          ^~~~~
../Core/Src/main.c:76:5: error: field name not in record or union initializer
   76 |     .EnableRight       = GPIO_PIN_13,
      |     ^
../Core/Src/main.c:76:5: note: (near initialization for 'motorDCRightStructG')
In file included from ../Core/Inc/stm32f4xx_hal_conf.h:279,
                 from ../Drivers/STM32F4xx_HAL_Driver/Inc/stm32f4xx_hal.h:29,
                 from ../Core/Inc/main.h:30,
                 from ../Core/Src/main.c:20:
../Drivers/STM32F4xx_HAL_Driver/Inc/stm32f4xx_hal_gpio.h:98:36: warning: excess elements in scalar initializer
   98 | #define GPIO_PIN_13                ((uint16_t)0x2000)  /* Pin 13 selected   */
      |                                    ^
../Core/Src/main.c:76:26: note: in expansion of macro 'GPIO_PIN_13'
   76 |     .EnableRight       = GPIO_PIN_13,
      |                          ^~~~~~~~~~~
../Drivers/STM32F4xx_HAL_Driver/Inc/stm32f4xx_hal_gpio.h:98:36: note: (near initialization for 'motorDCRightStructG')
   98 | #define GPIO_PIN_13                ((uint16_t)0x2000)  /* Pin 13 selected   */
      |                                    ^
../Core/Src/main.c:76:26: note: in expansion of macro 'GPIO_PIN_13'
   76 |     .EnableRight       = GPIO_PIN_13,
      |                          ^~~~~~~~~~~
../Core/Src/main.c:77:5: error: field name not in record or union initializer
   77 |     .EnableLeft        = GPIO_PIN_14,
      |     ^
../Core/Src/main.c:77:5: note: (near initialization for 'motorDCRightStructG')
In file included from ../Core/Inc/stm32f4xx_hal_conf.h:279,
                 from ../Drivers/STM32F4xx_HAL_Driver/Inc/stm32f4xx_hal.h:29,
                 from ../Core/Inc/main.h:30,
                 from ../Core/Src/main.c:20:
../Drivers/STM32F4xx_HAL_Driver/Inc/stm32f4xx_hal_gpio.h:99:36: warning: excess elements in scalar initializer
   99 | #define GPIO_PIN_14                ((uint16_t)0x4000)  /* Pin 14 selected   */
      |                                    ^
../Core/Src/main.c:77:26: note: in expansion of macro 'GPIO_PIN_14'
   77 |     .EnableLeft        = GPIO_PIN_14,
      |                          ^~~~~~~~~~~
../Drivers/STM32F4xx_HAL_Driver/Inc/stm32f4xx_hal_gpio.h:99:36: note: (near initialization for 'motorDCRightStructG')
   99 | #define GPIO_PIN_14                ((uint16_t)0x4000)  /* Pin 14 selected   */
      |                                    ^
../Core/Src/main.c:77:26: note: in expansion of macro 'GPIO_PIN_14'
   77 |     .EnableLeft        = GPIO_PIN_14,
      |                          ^~~~~~~~~~~
../Core/Src/main.c:78:5: error: field name not in record or union initializer
   78 |     .ISPort            = GPIOB,
      |     ^
../Core/Src/main.c:78:5: note: (near initialization for 'motorDCRightStructG')
In file included from ../Drivers/CMSIS/Device/ST/STM32F4xx/Include/stm32f4xx.h:144,
                 from ../Drivers/STM32F4xx_HAL_Driver/Inc/stm32f4xx_hal_def.h:29,
                 from ../Drivers/STM32F4xx_HAL_Driver/Inc/stm32f4xx_hal_rcc.h:27,
                 from ../Core/Inc/stm32f4xx_hal_conf.h:275,
                 from ../Drivers/STM32F4xx_HAL_Driver/Inc/stm32f4xx_hal.h:29,
                 from ../Core/Inc/main.h:30,
                 from ../Core/Src/main.c:20:
../Drivers/CMSIS/Device/ST/STM32F4xx/Include/stm32f401xc.h:780:29: warning: excess elements in scalar initializer
  780 | #define GPIOB               ((GPIO_TypeDef *) GPIOB_BASE)
      |                             ^
../Core/Src/main.c:78:26: note: in expansion of macro 'GPIOB'
   78 |     .ISPort            = GPIOB,
      |                          ^~~~~
../Drivers/CMSIS/Device/ST/STM32F4xx/Include/stm32f401xc.h:780:29: note: (near initialization for 'motorDCRightStructG')
  780 | #define GPIOB               ((GPIO_TypeDef *) GPIOB_BASE)
      |                             ^
../Core/Src/main.c:78:26: note: in expansion of macro 'GPIOB'
   78 |     .ISPort            = GPIOB,
      |                          ^~~~~
../Core/Src/main.c:79:5: error: field name not in record or union initializer
   79 |     .IS_Right          = GPIO_PIN_5,
      |     ^
../Core/Src/main.c:79:5: note: (near initialization for 'motorDCRightStructG')
In file included from ../Core/Inc/stm32f4xx_hal_conf.h:279,
                 from ../Drivers/STM32F4xx_HAL_Driver/Inc/stm32f4xx_hal.h:29,
                 from ../Core/Inc/main.h:30,
                 from ../Core/Src/main.c:20:
../Drivers/STM32F4xx_HAL_Driver/Inc/stm32f4xx_hal_gpio.h:90:36: warning: excess elements in scalar initializer
   90 | #define GPIO_PIN_5                 ((uint16_t)0x0020)  /* Pin 5 selected    */
      |                                    ^
../Core/Src/main.c:79:26: note: in expansion of macro 'GPIO_PIN_5'
   79 |     .IS_Right          = GPIO_PIN_5,
      |                          ^~~~~~~~~~
../Drivers/STM32F4xx_HAL_Driver/Inc/stm32f4xx_hal_gpio.h:90:36: note: (near initialization for 'motorDCRightStructG')
   90 | #define GPIO_PIN_5                 ((uint16_t)0x0020)  /* Pin 5 selected    */
      |                                    ^
../Core/Src/main.c:79:26: note: in expansion of macro 'GPIO_PIN_5'
   79 |     .IS_Right          = GPIO_PIN_5,
      |                          ^~~~~~~~~~
../Core/Src/main.c:80:9: error: field name not in record or union initializer
   80 |         .IS_Left           = GPIO_PIN_4,
      |         ^
../Core/Src/main.c:80:9: note: (near initialization for 'motorDCRightStructG')
In file included from ../Core/Inc/stm32f4xx_hal_conf.h:279,
                 from ../Drivers/STM32F4xx_HAL_Driver/Inc/stm32f4xx_hal.h:29,
                 from ../Core/Inc/main.h:30,
                 from ../Core/Src/main.c:20:
../Drivers/STM32F4xx_HAL_Driver/Inc/stm32f4xx_hal_gpio.h:89:36: warning: excess elements in scalar initializer
   89 | #define GPIO_PIN_4                 ((uint16_t)0x0010)  /* Pin 4 selected    */
      |                                    ^
../Core/Src/main.c:80:30: note: in expansion of macro 'GPIO_PIN_4'
   80 |         .IS_Left           = GPIO_PIN_4,
      |                              ^~~~~~~~~~
../Drivers/STM32F4xx_HAL_Driver/Inc/stm32f4xx_hal_gpio.h:89:36: note: (near initialization for 'motorDCRightStructG')
   89 | #define GPIO_PIN_4                 ((uint16_t)0x0010)  /* Pin 4 selected    */
      |                                    ^
../Core/Src/main.c:80:30: note: in expansion of macro 'GPIO_PIN_4'
   80 |         .IS_Left           = GPIO_PIN_4,
      |                              ^~~~~~~~~~
../Core/Src/main.c:81:5: error: field name not in record or union initializer
   81 |     .timer             = &htim2,
      |     ^
../Core/Src/main.c:81:5: note: (near initialization for 'motorDCRightStructG')
../Core/Src/main.c:81:26: warning: excess elements in scalar initializer
   81 |     .timer             = &htim2,
      |                          ^
../Core/Src/main.c:81:26: note: (near initialization for 'motorDCRightStructG')
../Core/Src/main.c:82:9: error: field name not in record or union initializer
   82 |         .PWM_Left_Channel  = TIM_CHANNEL_1,
      |         ^
../Core/Src/main.c:82:9: note: (near initialization for 'motorDCRightStructG')
In file included from ../Core/Inc/stm32f4xx_hal_conf.h:407,
                 from ../Drivers/STM32F4xx_HAL_Driver/Inc/stm32f4xx_hal.h:29,
                 from ../Core/Inc/main.h:30,
                 from ../Core/Src/main.c:20:
../Drivers/STM32F4xx_HAL_Driver/Inc/stm32f4xx_hal_tim.h:738:44: warning: excess elements in scalar initializer
  738 | #define TIM_CHANNEL_1                      0x00000000U                          /*!< Capture/compare channel 1 identifier      */
      |                                            ^~~~~~~~~~~
../Core/Src/main.c:82:30: note: in expansion of macro 'TIM_CHANNEL_1'
   82 |         .PWM_Left_Channel  = TIM_CHANNEL_1,
      |                              ^~~~~~~~~~~~~
../Drivers/STM32F4xx_HAL_Driver/Inc/stm32f4xx_hal_tim.h:738:44: note: (near initialization for 'motorDCRightStructG')
  738 | #define TIM_CHANNEL_1                      0x00000000U                          /*!< Capture/compare channel 1 identifier      */
      |                                            ^~~~~~~~~~~
../Core/Src/main.c:82:30: note: in expansion of macro 'TIM_CHANNEL_1'
   82 |         .PWM_Left_Channel  = TIM_CHANNEL_1,
      |                              ^~~~~~~~~~~~~
../Core/Src/main.c:83:9: error: field name not in record or union initializer
   83 |         .PWM_Right_Channel = TIM_CHANNEL_2
      |         ^
../Core/Src/main.c:83:9: note: (near initialization for 'motorDCRightStructG')
In file included from ../Core/Inc/stm32f4xx_hal_conf.h:407,
                 from ../Drivers/STM32F4xx_HAL_Driver/Inc/stm32f4xx_hal.h:29,
                 from ../Core/Inc/main.h:30,
                 from ../Core/Src/main.c:20:
../Drivers/STM32F4xx_HAL_Driver/Inc/stm32f4xx_hal_tim.h:739:44: warning: excess elements in scalar initializer
  739 | #define TIM_CHANNEL_2                      0x00000004U                          /*!< Capture/compare channel 2 identifier      */
      |                                            ^~~~~~~~~~~
../Core/Src/main.c:83:30: note: in expansion of macro 'TIM_CHANNEL_2'
   83 |         .PWM_Right_Channel = TIM_CHANNEL_2
      |                              ^~~~~~~~~~~~~
../Drivers/STM32F4xx_HAL_Driver/Inc/stm32f4xx_hal_tim.h:739:44: note: (near initialization for 'motorDCRightStructG')
  739 | #define TIM_CHANNEL_2                      0x00000004U                          /*!< Capture/compare channel 2 identifier      */
      |                                            ^~~~~~~~~~~
../Core/Src/main.c:83:30: note: in expansion of macro 'TIM_CHANNEL_2'
   83 |         .PWM_Right_Channel = TIM_CHANNEL_2
      |                              ^~~~~~~~~~~~~
../Core/Src/main.c:87:1: error: unknown type name 'Dc_Motor'
   87 | Dc_Motor motorDCLeftStructG = {
      | ^~~~~~~~
../Core/Src/main.c:88:5: error: field name not in record or union initializer
   88 |     .enablePort        = GPIOB,
      |     ^
../Core/Src/main.c:88:5: note: (near initialization for 'motorDCLeftStructG')
In file included from ../Drivers/CMSIS/Device/ST/STM32F4xx/Include/stm32f4xx.h:144,
                 from ../Drivers/STM32F4xx_HAL_Driver/Inc/stm32f4xx_hal_def.h:29,
                 from ../Drivers/STM32F4xx_HAL_Driver/Inc/stm32f4xx_hal_rcc.h:27,
                 from ../Core/Inc/stm32f4xx_hal_conf.h:275,
                 from ../Drivers/STM32F4xx_HAL_Driver/Inc/stm32f4xx_hal.h:29,
                 from ../Core/Inc/main.h:30,
                 from ../Core/Src/main.c:20:
../Drivers/CMSIS/Device/ST/STM32F4xx/Include/stm32f401xc.h:780:29: warning: initialization of 'int' from 'GPIO_TypeDef *' makes integer from pointer without a cast [-Wint-conversion]
  780 | #define GPIOB               ((GPIO_TypeDef *) GPIOB_BASE)
      |                             ^
../Core/Src/main.c:88:26: note: in expansion of macro 'GPIOB'
   88 |     .enablePort        = GPIOB,
      |                          ^~~~~
../Drivers/CMSIS/Device/ST/STM32F4xx/Include/stm32f401xc.h:780:29: note: (near initialization for 'motorDCLeftStructG')
  780 | #define GPIOB               ((GPIO_TypeDef *) GPIOB_BASE)
      |                             ^
../Core/Src/main.c:88:26: note: in expansion of macro 'GPIOB'
   88 |     .enablePort        = GPIOB,
      |                          ^~~~~
../Core/Src/main.c:89:5: error: field name not in record or union initializer
   89 |     .EnableRight       = GPIO_PIN_15,
      |     ^
../Core/Src/main.c:89:5: note: (near initialization for 'motorDCLeftStructG')
In file included from ../Core/Inc/stm32f4xx_hal_conf.h:279,
                 from ../Drivers/STM32F4xx_HAL_Driver/Inc/stm32f4xx_hal.h:29,
                 from ../Core/Inc/main.h:30,
                 from ../Core/Src/main.c:20:
../Drivers/STM32F4xx_HAL_Driver/Inc/stm32f4xx_hal_gpio.h:100:36: warning: excess elements in scalar initializer
  100 | #define GPIO_PIN_15                ((uint16_t)0x8000)  /* Pin 15 selected   */
      |                                    ^
../Core/Src/main.c:89:26: note: in expansion of macro 'GPIO_PIN_15'
   89 |     .EnableRight       = GPIO_PIN_15,
      |                          ^~~~~~~~~~~
../Drivers/STM32F4xx_HAL_Driver/Inc/stm32f4xx_hal_gpio.h:100:36: note: (near initialization for 'motorDCLeftStructG')
  100 | #define GPIO_PIN_15                ((uint16_t)0x8000)  /* Pin 15 selected   */
      |                                    ^
../Core/Src/main.c:89:26: note: in expansion of macro 'GPIO_PIN_15'
   89 |     .EnableRight       = GPIO_PIN_15,
      |                          ^~~~~~~~~~~
../Core/Src/main.c:90:5: error: field name not in record or union initializer
   90 |     .EnableLeft        = GPIO_PIN_14,
      |     ^
../Core/Src/main.c:90:5: note: (near initialization for 'motorDCLeftStructG')
In file included from ../Core/Inc/stm32f4xx_hal_conf.h:279,
                 from ../Drivers/STM32F4xx_HAL_Driver/Inc/stm32f4xx_hal.h:29,
                 from ../Core/Inc/main.h:30,
                 from ../Core/Src/main.c:20:
../Drivers/STM32F4xx_HAL_Driver/Inc/stm32f4xx_hal_gpio.h:99:36: warning: excess elements in scalar initializer
   99 | #define GPIO_PIN_14                ((uint16_t)0x4000)  /* Pin 14 selected   */
      |                                    ^
../Core/Src/main.c:90:26: note: in expansion of macro 'GPIO_PIN_14'
   90 |     .EnableLeft        = GPIO_PIN_14,
      |                          ^~~~~~~~~~~
../Drivers/STM32F4xx_HAL_Driver/Inc/stm32f4xx_hal_gpio.h:99:36: note: (near initialization for 'motorDCLeftStructG')
   99 | #define GPIO_PIN_14                ((uint16_t)0x4000)  /* Pin 14 selected   */
      |                                    ^
../Core/Src/main.c:90:26: note: in expansion of macro 'GPIO_PIN_14'
   90 |     .EnableLeft        = GPIO_PIN_14,
      |                          ^~~~~~~~~~~
../Core/Src/main.c:91:5: error: field name not in record or union initializer
   91 |     .ISPort            = GPIOB,
      |     ^
../Core/Src/main.c:91:5: note: (near initialization for 'motorDCLeftStructG')
In file included from ../Drivers/CMSIS/Device/ST/STM32F4xx/Include/stm32f4xx.h:144,
                 from ../Drivers/STM32F4xx_HAL_Driver/Inc/stm32f4xx_hal_def.h:29,
                 from ../Drivers/STM32F4xx_HAL_Driver/Inc/stm32f4xx_hal_rcc.h:27,
                 from ../Core/Inc/stm32f4xx_hal_conf.h:275,
                 from ../Drivers/STM32F4xx_HAL_Driver/Inc/stm32f4xx_hal.h:29,
                 from ../Core/Inc/main.h:30,
                 from ../Core/Src/main.c:20:
../Drivers/CMSIS/Device/ST/STM32F4xx/Include/stm32f401xc.h:780:29: warning: excess elements in scalar initializer
  780 | #define GPIOB               ((GPIO_TypeDef *) GPIOB_BASE)
      |                             ^
../Core/Src/main.c:91:26: note: in expansion of macro 'GPIOB'
   91 |     .ISPort            = GPIOB,
      |                          ^~~~~
../Drivers/CMSIS/Device/ST/STM32F4xx/Include/stm32f401xc.h:780:29: note: (near initialization for 'motorDCLeftStructG')
  780 | #define GPIOB               ((GPIO_TypeDef *) GPIOB_BASE)
      |                             ^
../Core/Src/main.c:91:26: note: in expansion of macro 'GPIOB'
   91 |     .ISPort            = GPIOB,
      |                          ^~~~~
../Core/Src/main.c:92:5: error: field name not in record or union initializer
   92 |     .IS_Right          = GPIO_PIN_13,
      |     ^
../Core/Src/main.c:92:5: note: (near initialization for 'motorDCLeftStructG')
In file included from ../Core/Inc/stm32f4xx_hal_conf.h:279,
                 from ../Drivers/STM32F4xx_HAL_Driver/Inc/stm32f4xx_hal.h:29,
                 from ../Core/Inc/main.h:30,
                 from ../Core/Src/main.c:20:
../Drivers/STM32F4xx_HAL_Driver/Inc/stm32f4xx_hal_gpio.h:98:36: warning: excess elements in scalar initializer
   98 | #define GPIO_PIN_13                ((uint16_t)0x2000)  /* Pin 13 selected   */
      |                                    ^
../Core/Src/main.c:92:26: note: in expansion of macro 'GPIO_PIN_13'
   92 |     .IS_Right          = GPIO_PIN_13,
      |                          ^~~~~~~~~~~
../Drivers/STM32F4xx_HAL_Driver/Inc/stm32f4xx_hal_gpio.h:98:36: note: (near initialization for 'motorDCLeftStructG')
   98 | #define GPIO_PIN_13                ((uint16_t)0x2000)  /* Pin 13 selected   */
      |                                    ^
../Core/Src/main.c:92:26: note: in expansion of macro 'GPIO_PIN_13'
   92 |     .IS_Right          = GPIO_PIN_13,
      |                          ^~~~~~~~~~~
../Core/Src/main.c:93:9: error: field name not in record or union initializer
   93 |         .IS_Left           = GPIO_PIN_12,
      |         ^
../Core/Src/main.c:93:9: note: (near initialization for 'motorDCLeftStructG')
In file included from ../Core/Inc/stm32f4xx_hal_conf.h:279,
                 from ../Drivers/STM32F4xx_HAL_Driver/Inc/stm32f4xx_hal.h:29,
                 from ../Core/Inc/main.h:30,
                 from ../Core/Src/main.c:20:
../Drivers/STM32F4xx_HAL_Driver/Inc/stm32f4xx_hal_gpio.h:97:36: warning: excess elements in scalar initializer
   97 | #define GPIO_PIN_12                ((uint16_t)0x1000)  /* Pin 12 selected   */
      |                                    ^
../Core/Src/main.c:93:30: note: in expansion of macro 'GPIO_PIN_12'
   93 |         .IS_Left           = GPIO_PIN_12,
      |                              ^~~~~~~~~~~
../Drivers/STM32F4xx_HAL_Driver/Inc/stm32f4xx_hal_gpio.h:97:36: note: (near initialization for 'motorDCLeftStructG')
   97 | #define GPIO_PIN_12                ((uint16_t)0x1000)  /* Pin 12 selected   */
      |                                    ^
../Core/Src/main.c:93:30: note: in expansion of macro 'GPIO_PIN_12'
   93 |         .IS_Left           = GPIO_PIN_12,
      |                              ^~~~~~~~~~~
../Core/Src/main.c:94:5: error: field name not in record or union initializer
   94 |     .timer             = &htim1,
      |     ^
../Core/Src/main.c:94:5: note: (near initialization for 'motorDCLeftStructG')
../Core/Src/main.c:94:26: warning: excess elements in scalar initializer
   94 |     .timer             = &htim1,
      |                          ^
../Core/Src/main.c:94:26: note: (near initialization for 'motorDCLeftStructG')
../Core/Src/main.c:95:9: error: field name not in record or union initializer
   95 |         .PWM_Left_Channel  = TIM_CHANNEL_4,
      |         ^
../Core/Src/main.c:95:9: note: (near initialization for 'motorDCLeftStructG')
In file included from ../Core/Inc/stm32f4xx_hal_conf.h:407,
                 from ../Drivers/STM32F4xx_HAL_Driver/Inc/stm32f4xx_hal.h:29,
                 from ../Core/Inc/main.h:30,
                 from ../Core/Src/main.c:20:
../Drivers/STM32F4xx_HAL_Driver/Inc/stm32f4xx_hal_tim.h:741:44: warning: excess elements in scalar initializer
  741 | #define TIM_CHANNEL_4                      0x0000000CU                          /*!< Capture/compare channel 4 identifier      */
      |                                            ^~~~~~~~~~~
../Core/Src/main.c:95:30: note: in expansion of macro 'TIM_CHANNEL_4'
   95 |         .PWM_Left_Channel  = TIM_CHANNEL_4,
      |                              ^~~~~~~~~~~~~
../Drivers/STM32F4xx_HAL_Driver/Inc/stm32f4xx_hal_tim.h:741:44: note: (near initialization for 'motorDCLeftStructG')
  741 | #define TIM_CHANNEL_4                      0x0000000CU                          /*!< Capture/compare channel 4 identifier      */
      |                                            ^~~~~~~~~~~
../Core/Src/main.c:95:30: note: in expansion of macro 'TIM_CHANNEL_4'
   95 |         .PWM_Left_Channel  = TIM_CHANNEL_4,
      |                              ^~~~~~~~~~~~~
../Core/Src/main.c:96:9: error: field name not in record or union initializer
   96 |         .PWM_Right_Channel = TIM_CHANNEL_1
      |         ^
../Core/Src/main.c:96:9: note: (near initialization for 'motorDCLeftStructG')
In file included from ../Core/Inc/stm32f4xx_hal_conf.h:407,
                 from ../Drivers/STM32F4xx_HAL_Driver/Inc/stm32f4xx_hal.h:29,
                 from ../Core/Inc/main.h:30,
                 from ../Core/Src/main.c:20:
../Drivers/STM32F4xx_HAL_Driver/Inc/stm32f4xx_hal_tim.h:738:44: warning: excess elements in scalar initializer
  738 | #define TIM_CHANNEL_1                      0x00000000U                          /*!< Capture/compare channel 1 identifier      */
      |                                            ^~~~~~~~~~~
../Core/Src/main.c:96:30: note: in expansion of macro 'TIM_CHANNEL_1'
   96 |         .PWM_Right_Channel = TIM_CHANNEL_1
      |                              ^~~~~~~~~~~~~
../Drivers/STM32F4xx_HAL_Driver/Inc/stm32f4xx_hal_tim.h:738:44: note: (near initialization for 'motorDCLeftStructG')
  738 | #define TIM_CHANNEL_1                      0x00000000U                          /*!< Capture/compare channel 1 identifier      */
      |                                            ^~~~~~~~~~~
../Core/Src/main.c:96:30: note: in expansion of macro 'TIM_CHANNEL_1'
   96 |         .PWM_Right_Channel = TIM_CHANNEL_1
      |                              ^~~~~~~~~~~~~
../Core/Src/main.c: In function 'main':
../Core/Src/main.c:198:25: warning: implicit declaration of function 'OpenHand' [-Wimplicit-function-declaration]
  198 |                         OpenHand();
      |                         ^~~~~~~~
../Core/Src/main.c:201:25: warning: implicit declaration of function 'CloseHand' [-Wimplicit-function-declaration]
  201 |                         CloseHand();
      |                         ^~~~~~~~~
../Core/Src/main.c: In function 'HAL_UART_RxCpltCallback':
../Core/Src/main.c:766:12: warning: suggest parentheses around assignment used as truth value [-Wparentheses]
  766 |         if(huart->Instance = USART1){
      |            ^~~~~
make: *** [Core/Src/subdir.mk:40: Core/Src/main.o] Error 1
make: *** Waiting for unfinished jobs....
"make -j3 all" terminated with exit code 2. Build might be incomplete.
16:28:03 **** Incremental Build of configuration Debug for project Humanoid_Blackbill2 ****
make -j3 all 
arm-none-eabi-gcc "../Core/Src/main.c" -mcpu=cortex-m4 -std=gnu11 -g3 -DDEBUG -DUSE_HAL_DRIVER -DSTM32F401xC -c -I../Core/Inc -I../Drivers/STM32F4xx_HAL_Driver/Inc -I../Drivers/STM32F4xx_HAL_Driver/Inc/Legacy -I../Drivers/CMSIS/Device/ST/STM32F4xx/Include -I../Drivers/CMSIS/Include -O0 -ffunction-sections -fdata-sections -Wall -fstack-usage -fcyclomatic-complexity -MMD -MP -MF"Core/Src/main.d" -MT"Core/Src/main.o" --specs=nano.specs -mfpu=fpv4-sp-d16 -mfloat-abi=hard -mthumb -o "Core/Src/main.o"
../Core/Src/main.c: In function 'main':
../Core/Src/main.c:214:25: warning: implicit declaration of function 'OpenHand' [-Wimplicit-function-declaration]
  214 |                         OpenHand();
      |                         ^~~~~~~~
../Core/Src/main.c:217:25: warning: implicit declaration of function 'CloseHand' [-Wimplicit-function-declaration]
  217 |                         CloseHand();
      |                         ^~~~~~~~~
../Core/Src/main.c: In function 'HAL_UART_RxCpltCallback':
../Core/Src/main.c:782:12: warning: suggest parentheses around assignment used as truth value [-Wparentheses]
  782 |         if(huart->Instance = USART1){
      |            ^~~~~
arm-none-eabi-gcc -o "Humanoid_Blackbill2.elf" @"objects.list"   -mcpu=cortex-m4 -T"E:\Senior2 Mechatronics\Graduation Project\Embedded\Workspace_Humanoid\Humanoid_Blackbill2\Humanoid_Blackbill2\STM32F401RCTX_FLASH.ld" --specs=nosys.specs -Wl,-Map="Humanoid_Blackbill2.map" -Wl,--gc-sections -static --specs=nano.specs -mfpu=fpv4-sp-d16 -mfloat-abi=hard -mthumb -Wl,--start-group -lc -lm -Wl,--end-group
Finished building target: Humanoid_Blackbill2.elf
 
arm-none-eabi-size  Humanoid_Blackbill2.elf 
arm-none-eabi-objdump -h -S Humanoid_Blackbill2.elf  > "Humanoid_Blackbill2.list"
   text	   data	    bss	    dec	    hex	filename
  25668	     20	   2308	  27996	   6d5c	Humanoid_Blackbill2.elf
arm-none-eabi-objcopy  -O ihex Humanoid_Blackbill2.elf  "Humanoid_Blackbill2.hex"
Finished building: default.size.stdout
 
arm-none-eabi-objcopy  -O binary Humanoid_Blackbill2.elf  "Humanoid_Blackbill2.bin"
Finished building: Humanoid_Blackbill2.hex
 
Finished building: Humanoid_Blackbill2.bin
 
Finished building: Humanoid_Blackbill2.list
 
16:30:12 **** Incremental Build of configuration Debug for project Humanoid_Blackbill2 ****
make -j3 all 
arm-none-eabi-gcc "../Core/Src/main.c" -mcpu=cortex-m4 -std=gnu11 -g3 -DDEBUG -DUSE_HAL_DRIVER -DSTM32F401xC -c -I../Core/Inc -I../Drivers/STM32F4xx_HAL_Driver/Inc -I../Drivers/STM32F4xx_HAL_Driver/Inc/Legacy -I../Drivers/CMSIS/Device/ST/STM32F4xx/Include -I../Drivers/CMSIS/Include -O0 -ffunction-sections -fdata-sections -Wall -fstack-usage -fcyclomatic-complexity -MMD -MP -MF"Core/Src/main.d" -MT"Core/Src/main.o" --specs=nano.specs -mfpu=fpv4-sp-d16 -mfloat-abi=hard -mthumb -o "Core/Src/main.o"
../Core/Src/main.c: In function 'main':
../Core/Src/main.c:212:25: warning: implicit declaration of function 'OpenHand' [-Wimplicit-function-declaration]
  212 |                         OpenHand();
      |                         ^~~~~~~~
../Core/Src/main.c:215:25: warning: implicit declaration of function 'CloseHand' [-Wimplicit-function-declaration]
  215 |                         CloseHand();
      |                         ^~~~~~~~~
../Core/Src/main.c: In function 'HAL_UART_RxCpltCallback':
../Core/Src/main.c:780:12: warning: suggest parentheses around assignment used as truth value [-Wparentheses]
  780 |         if(huart->Instance = USART1){
      |            ^~~~~
arm-none-eabi-gcc -o "Humanoid_Blackbill2.elf" @"objects.list"   -mcpu=cortex-m4 -T"E:\Senior2 Mechatronics\Graduation Project\Embedded\Workspace_Humanoid\Humanoid_Blackbill2\Humanoid_Blackbill2\STM32F401RCTX_FLASH.ld" --specs=nosys.specs -Wl,-Map="Humanoid_Blackbill2.map" -Wl,--gc-sections -static --specs=nano.specs -mfpu=fpv4-sp-d16 -mfloat-abi=hard -mthumb -Wl,--start-group -lc -lm -Wl,--end-group
Finished building target: Humanoid_Blackbill2.elf
 
arm-none-eabi-size  Humanoid_Blackbill2.elf 
arm-none-eabi-objdump -h -S Humanoid_Blackbill2.elf  > "Humanoid_Blackbill2.list"
arm-none-eabi-objcopy  -O ihex Humanoid_Blackbill2.elf  "Humanoid_Blackbill2.hex"
   text	   data	    bss	    dec	    hex	filename
  25644	     20	   2308	  27972	   6d44	Humanoid_Blackbill2.elf
Finished building: default.size.stdout
 
arm-none-eabi-objcopy  -O binary Humanoid_Blackbill2.elf  "Humanoid_Blackbill2.bin"
Finished building: Humanoid_Blackbill2.hex
 
Finished building: Humanoid_Blackbill2.list
Finished building: Humanoid_Blackbill2.bin
 
 
16:41:19 **** Incremental Build of configuration Debug for project Humanoid_Blackbill2 ****
make -j3 all 
arm-none-eabi-gcc "../Core/Src/main.c" -mcpu=cortex-m4 -std=gnu11 -g3 -DDEBUG -DUSE_HAL_DRIVER -DSTM32F401xC -c -I../Core/Inc -I../Drivers/STM32F4xx_HAL_Driver/Inc -I../Drivers/STM32F4xx_HAL_Driver/Inc/Legacy -I../Drivers/CMSIS/Device/ST/STM32F4xx/Include -I../Drivers/CMSIS/Include -O0 -ffunction-sections -fdata-sections -Wall -fstack-usage -fcyclomatic-complexity -MMD -MP -MF"Core/Src/main.d" -MT"Core/Src/main.o" --specs=nano.specs -mfpu=fpv4-sp-d16 -mfloat-abi=hard -mthumb -o "Core/Src/main.o"
../Core/Src/main.c: In function 'main':
../Core/Src/main.c:211:25: warning: implicit declaration of function 'OpenHand' [-Wimplicit-function-declaration]
  211 |                         OpenHand();
      |                         ^~~~~~~~
../Core/Src/main.c:214:25: warning: implicit declaration of function 'CloseHand' [-Wimplicit-function-declaration]
  214 |                         CloseHand();
      |                         ^~~~~~~~~
../Core/Src/main.c: In function 'HAL_UART_RxCpltCallback':
../Core/Src/main.c:779:12: warning: suggest parentheses around assignment used as truth value [-Wparentheses]
  779 |         if(huart->Instance = USART1){
      |            ^~~~~
arm-none-eabi-gcc -o "Humanoid_Blackbill2.elf" @"objects.list"   -mcpu=cortex-m4 -T"E:\Senior2 Mechatronics\Graduation Project\Embedded\Workspace_Humanoid\Humanoid_Blackbill2\Humanoid_Blackbill2\STM32F401RCTX_FLASH.ld" --specs=nosys.specs -Wl,-Map="Humanoid_Blackbill2.map" -Wl,--gc-sections -static --specs=nano.specs -mfpu=fpv4-sp-d16 -mfloat-abi=hard -mthumb -Wl,--start-group -lc -lm -Wl,--end-group
Finished building target: Humanoid_Blackbill2.elf
 
arm-none-eabi-size  Humanoid_Blackbill2.elf 
arm-none-eabi-objdump -h -S Humanoid_Blackbill2.elf  > "Humanoid_Blackbill2.list"
   text	   data	    bss	    dec	    hex	filename
  25644	     20	   2308	  27972	   6d44	Humanoid_Blackbill2.elf
arm-none-eabi-objcopy  -O ihex Humanoid_Blackbill2.elf  "Humanoid_Blackbill2.hex"
Finished building: default.size.stdout
 
arm-none-eabi-objcopy  -O binary Humanoid_Blackbill2.elf  "Humanoid_Blackbill2.bin"
Finished building: Humanoid_Blackbill2.hex
 
Finished building: Humanoid_Blackbill2.bin
Finished building: Humanoid_Blackbill2.list
 
 
16:41:46 **** Incremental Build of configuration Debug for project Humanoid_Blackbill2 ****
make -j3 all 
arm-none-eabi-size  Humanoid_Blackbill2.elf 
   text	   data	    bss	    dec	    hex	filename
  25644	     20	   2308	  27972	   6d44	Humanoid_Blackbill2.elf
Finished building: default.size.stdout
 
16:59:55 **** Incremental Build of configuration Debug for project Humanoid_Blackbill2 ****
make -j3 all 
arm-none-eabi-gcc "../Core/Src/main.c" -mcpu=cortex-m4 -std=gnu11 -g3 -DDEBUG -DUSE_HAL_DRIVER -DSTM32F401xC -c -I../Core/Inc -I../Drivers/STM32F4xx_HAL_Driver/Inc -I../Drivers/STM32F4xx_HAL_Driver/Inc/Legacy -I../Drivers/CMSIS/Device/ST/STM32F4xx/Include -I../Drivers/CMSIS/Include -O0 -ffunction-sections -fdata-sections -Wall -fstack-usage -fcyclomatic-complexity -MMD -MP -MF"Core/Src/main.d" -MT"Core/Src/main.o" --specs=nano.specs -mfpu=fpv4-sp-d16 -mfloat-abi=hard -mthumb -o "Core/Src/main.o"
../Core/Src/main.c: In function 'main':
../Core/Src/main.c:212:25: warning: implicit declaration of function 'OpenHand' [-Wimplicit-function-declaration]
  212 |                         OpenHand();
      |                         ^~~~~~~~
../Core/Src/main.c:215:25: warning: implicit declaration of function 'CloseHand' [-Wimplicit-function-declaration]
  215 |                         CloseHand();
      |                         ^~~~~~~~~
../Core/Src/main.c:223:41: error: 'PinkyR_channel1' undeclared (first use in this function)
  223 |                  PCA9685_SetServoAngle( PinkyR_channel1 ,  140);
      |                                         ^~~~~~~~~~~~~~~
../Core/Src/main.c:223:41: note: each undeclared identifier is reported only once for each function it appears in
../Core/Src/main.c:225:40: error: 'RingR_channel0' undeclared (first use in this function)
  225 |                  PCA9685_SetServoAngle(RingR_channel0,  140);
      |                                        ^~~~~~~~~~~~~~
../Core/Src/main.c:227:40: error: 'MiddleR_channel2' undeclared (first use in this function)
  227 |                  PCA9685_SetServoAngle(MiddleR_channel2,  140);
      |                                        ^~~~~~~~~~~~~~~~
../Core/Src/main.c:229:40: error: 'IndexR_channel3' undeclared (first use in this function)
  229 |                  PCA9685_SetServoAngle(IndexR_channel3,  170);
      |                                        ^~~~~~~~~~~~~~~
../Core/Src/main.c:231:40: error: 'ThumbR_channel4' undeclared (first use in this function)
  231 |                  PCA9685_SetServoAngle(ThumbR_channel4,  15);
      |                                        ^~~~~~~~~~~~~~~
../Core/Src/main.c:234:40: error: 'PinkyL_channel5' undeclared (first use in this function)
  234 |                  PCA9685_SetServoAngle(PinkyL_channel5,  0);
      |                                        ^~~~~~~~~~~~~~~
../Core/Src/main.c:236:40: error: 'RingL_channel7' undeclared (first use in this function)
  236 |                  PCA9685_SetServoAngle(RingL_channel7,  0);
      |                                        ^~~~~~~~~~~~~~
../Core/Src/main.c:238:40: error: 'MiddleL_channel6' undeclared (first use in this function)
  238 |                  PCA9685_SetServoAngle(MiddleL_channel6,  180);
      |                                        ^~~~~~~~~~~~~~~~
../Core/Src/main.c:240:40: error: 'IndexL_channel8' undeclared (first use in this function)
  240 |                  PCA9685_SetServoAngle(IndexL_channel8,  0);
      |                                        ^~~~~~~~~~~~~~~
../Core/Src/main.c:242:40: error: 'ThumbL_channel9' undeclared (first use in this function)
  242 |                  PCA9685_SetServoAngle(ThumbL_channel9,  180);
      |                                        ^~~~~~~~~~~~~~~
../Core/Src/main.c: In function 'HAL_UART_RxCpltCallback':
../Core/Src/main.c:804:12: warning: suggest parentheses around assignment used as truth value [-Wparentheses]
  804 |         if(huart->Instance = USART1){
      |            ^~~~~
make: *** [Core/Src/subdir.mk:40: Core/Src/main.o] Error 1
"make -j3 all" terminated with exit code 2. Build might be incomplete.
17:00:13 **** Incremental Build of configuration Debug for project Humanoid_Blackbill2 ****
make -j3 all 
arm-none-eabi-gcc "../Core/Src/main.c" -mcpu=cortex-m4 -std=gnu11 -g3 -DDEBUG -DUSE_HAL_DRIVER -DSTM32F401xC -c -I../Core/Inc -I../Drivers/STM32F4xx_HAL_Driver/Inc -I../Drivers/STM32F4xx_HAL_Driver/Inc/Legacy -I../Drivers/CMSIS/Device/ST/STM32F4xx/Include -I../Drivers/CMSIS/Include -O0 -ffunction-sections -fdata-sections -Wall -fstack-usage -fcyclomatic-complexity -MMD -MP -MF"Core/Src/main.d" -MT"Core/Src/main.o" --specs=nano.specs -mfpu=fpv4-sp-d16 -mfloat-abi=hard -mthumb -o "Core/Src/main.o"
../Core/Src/main.c:34:2: error: conflicting types for 'MotorConfig'; have 'struct <anonymous>'
   34 | }MotorConfig;
      |  ^~~~~~~~~~~
In file included from ../Core/Src/main.c:26:
../Core/Inc/MotorDriver.h:39:2: note: previous declaration of 'MotorConfig' with type 'MotorConfig'
   39 | }MotorConfig;
      |  ^~~~~~~~~~~
../Core/Src/main.c:47:2: error: conflicting types for 'Dc_Motor'; have 'struct <anonymous>'
   47 | }Dc_Motor;
      |  ^~~~~~~~
In file included from ../Core/Src/main.c:26:
../Core/Inc/MotorDriver.h:52:2: note: previous declaration of 'Dc_Motor' with type 'Dc_Motor'
   52 | }Dc_Motor;
      |  ^~~~~~~~
../Core/Src/main.c: In function 'HAL_UART_RxCpltCallback':
../Core/Src/main.c:804:12: warning: suggest parentheses around assignment used as truth value [-Wparentheses]
  804 |         if(huart->Instance = USART1){
      |            ^~~~~
make: *** [Core/Src/subdir.mk:40: Core/Src/main.o] Error 1
"make -j3 all" terminated with exit code 2. Build might be incomplete.
17:00:39 **** Incremental Build of configuration Debug for project Humanoid_Blackbill2 ****
make -j3 all 
arm-none-eabi-gcc "../Core/Src/main.c" -mcpu=cortex-m4 -std=gnu11 -g3 -DDEBUG -DUSE_HAL_DRIVER -DSTM32F401xC -c -I../Core/Inc -I../Drivers/STM32F4xx_HAL_Driver/Inc -I../Drivers/STM32F4xx_HAL_Driver/Inc/Legacy -I../Drivers/CMSIS/Device/ST/STM32F4xx/Include -I../Drivers/CMSIS/Include -O0 -ffunction-sections -fdata-sections -Wall -fstack-usage -fcyclomatic-complexity -MMD -MP -MF"Core/Src/main.d" -MT"Core/Src/main.o" --specs=nano.specs -mfpu=fpv4-sp-d16 -mfloat-abi=hard -mthumb -o "Core/Src/main.o"
../Core/Src/main.c: In function 'HAL_UART_RxCpltCallback':
../Core/Src/main.c:790:12: warning: suggest parentheses around assignment used as truth value [-Wparentheses]
  790 |         if(huart->Instance = USART1){
      |            ^~~~~
arm-none-eabi-gcc -o "Humanoid_Blackbill2.elf" @"objects.list"   -mcpu=cortex-m4 -T"E:\Senior2 Mechatronics\Graduation Project\Embedded\Workspace_Humanoid\Humanoid_Blackbill2\Humanoid_Blackbill2\STM32F401RCTX_FLASH.ld" --specs=nosys.specs -Wl,-Map="Humanoid_Blackbill2.map" -Wl,--gc-sections -static --specs=nano.specs -mfpu=fpv4-sp-d16 -mfloat-abi=hard -mthumb -Wl,--start-group -lc -lm -Wl,--end-group
Finished building target: Humanoid_Blackbill2.elf
 
arm-none-eabi-size  Humanoid_Blackbill2.elf 
arm-none-eabi-objdump -h -S Humanoid_Blackbill2.elf  > "Humanoid_Blackbill2.list"
   text	   data	    bss	    dec	    hex	filename
  25764	     20	   2308	  28092	   6dbc	Humanoid_Blackbill2.elf
arm-none-eabi-objcopy  -O ihex Humanoid_Blackbill2.elf  "Humanoid_Blackbill2.hex"
Finished building: default.size.stdout
 
arm-none-eabi-objcopy  -O binary Humanoid_Blackbill2.elf  "Humanoid_Blackbill2.bin"
Finished building: Humanoid_Blackbill2.list
Finished building: Humanoid_Blackbill2.hex
 
Finished building: Humanoid_Blackbill2.bin
 
 
17:01:31 **** Incremental Build of configuration Debug for project Humanoid_Blackbill2 ****
make -j3 all 
arm-none-eabi-size  Humanoid_Blackbill2.elf 
   text	   data	    bss	    dec	    hex	filename
  25764	     20	   2308	  28092	   6dbc	Humanoid_Blackbill2.elf
Finished building: default.size.stdout
 
17:02:24 **** Incremental Build of configuration Debug for project Humanoid_Blackbill2 ****
make -j3 all 
arm-none-eabi-size  Humanoid_Blackbill2.elf 
   text	   data	    bss	    dec	    hex	filename
  25764	     20	   2308	  28092	   6dbc	Humanoid_Blackbill2.elf
Finished building: default.size.stdout
 
17:02:42 **** Incremental Build of configuration Debug for project Humanoid_Blackbill2 ****
make -j3 all 
arm-none-eabi-gcc "../Core/Src/main.c" -mcpu=cortex-m4 -std=gnu11 -g3 -DDEBUG -DUSE_HAL_DRIVER -DSTM32F401xC -c -I../Core/Inc -I../Drivers/STM32F4xx_HAL_Driver/Inc -I../Drivers/STM32F4xx_HAL_Driver/Inc/Legacy -I../Drivers/CMSIS/Device/ST/STM32F4xx/Include -I../Drivers/CMSIS/Include -O0 -ffunction-sections -fdata-sections -Wall -fstack-usage -fcyclomatic-complexity -MMD -MP -MF"Core/Src/main.d" -MT"Core/Src/main.o" --specs=nano.specs -mfpu=fpv4-sp-d16 -mfloat-abi=hard -mthumb -o "Core/Src/main.o"
../Core/Src/main.c: In function 'HAL_UART_RxCpltCallback':
../Core/Src/main.c:790:12: warning: suggest parentheses around assignment used as truth value [-Wparentheses]
  790 |         if(huart->Instance = USART1){
      |            ^~~~~
arm-none-eabi-gcc -o "Humanoid_Blackbill2.elf" @"objects.list"   -mcpu=cortex-m4 -T"E:\Senior2 Mechatronics\Graduation Project\Embedded\Workspace_Humanoid\Humanoid_Blackbill2\Humanoid_Blackbill2\STM32F401RCTX_FLASH.ld" --specs=nosys.specs -Wl,-Map="Humanoid_Blackbill2.map" -Wl,--gc-sections -static --specs=nano.specs -mfpu=fpv4-sp-d16 -mfloat-abi=hard -mthumb -Wl,--start-group -lc -lm -Wl,--end-group
Finished building target: Humanoid_Blackbill2.elf
 
arm-none-eabi-size  Humanoid_Blackbill2.elf 
arm-none-eabi-objdump -h -S Humanoid_Blackbill2.elf  > "Humanoid_Blackbill2.list"
   text	   data	    bss	    dec	    hex	filename
  25764	     20	   2308	  28092	   6dbc	Humanoid_Blackbill2.elf
arm-none-eabi-objcopy  -O ihex Humanoid_Blackbill2.elf  "Humanoid_Blackbill2.hex"
Finished building: default.size.stdout
 
arm-none-eabi-objcopy  -O binary Humanoid_Blackbill2.elf  "Humanoid_Blackbill2.bin"
Finished building: Humanoid_Blackbill2.hex
 
Finished building: Humanoid_Blackbill2.bin
Finished building: Humanoid_Blackbill2.list
 
 
17:02:49 **** Incremental Build of configuration Debug for project Humanoid_Blackbill2 ****
make -j3 all 
arm-none-eabi-size  Humanoid_Blackbill2.elf 
   text	   data	    bss	    dec	    hex	filename
  25764	     20	   2308	  28092	   6dbc	Humanoid_Blackbill2.elf
Finished building: default.size.stdout
 
17:04:01 **** Incremental Build of configuration Debug for project Humanoid_Blackbill2 ****
make -j3 all 
arm-none-eabi-gcc "../Core/Src/main.c" -mcpu=cortex-m4 -std=gnu11 -g3 -DDEBUG -DUSE_HAL_DRIVER -DSTM32F401xC -c -I../Core/Inc -I../Drivers/STM32F4xx_HAL_Driver/Inc -I../Drivers/STM32F4xx_HAL_Driver/Inc/Legacy -I../Drivers/CMSIS/Device/ST/STM32F4xx/Include -I../Drivers/CMSIS/Include -O0 -ffunction-sections -fdata-sections -Wall -fstack-usage -fcyclomatic-complexity -MMD -MP -MF"Core/Src/main.d" -MT"Core/Src/main.o" --specs=nano.specs -mfpu=fpv4-sp-d16 -mfloat-abi=hard -mthumb -o "Core/Src/main.o"
../Core/Src/main.c: In function 'HAL_UART_RxCpltCallback':
../Core/Src/main.c:793:12: warning: suggest parentheses around assignment used as truth value [-Wparentheses]
  793 |         if(huart->Instance = USART1){
      |            ^~~~~
[...]
In file included from ../Core/Inc/stm32f4xx_hal_conf.h:407,
                 from ../Drivers/STM32F4xx_HAL_Driver/Inc/stm32f4xx_hal.h:29,
                 from ../Core/Inc/main.h:30,
                 from ../Core/Inc/MotorDriver.h:10,
                 from ../Core/Src/MotorDriver.c:10:
../Drivers/STM32F4xx_HAL_Driver/Inc/stm32f4xx_hal_tim.h:1940:56: note: expected 'TIM_HandleTypeDef *' but argument is of type 'TIM_HandleTypeDef **'
 1940 | HAL_StatusTypeDef HAL_TIM_PWM_Start(TIM_HandleTypeDef *htim, uint32_t Channel);
      |                                     ~~~~~~~~~~~~~~~~~~~^~~~
arm-none-eabi-gcc -o "Humanoid_Blackbill2.elf" @"objects.list"   -mcpu=cortex-m4 -T"E:\Senior2 Mechatronics\Graduation Project\Embedded\Workspace_Humanoid\Humanoid_Blackbill2\Humanoid_Blackbill2\STM32F401RCTX_FLASH.ld" --specs=nosys.specs -Wl,-Map="Humanoid_Blackbill2.map" -Wl,--gc-sections -static --specs=nano.specs -mfpu=fpv4-sp-d16 -mfloat-abi=hard -mthumb -Wl,--start-group -lc -lm -Wl,--end-group
Finished building target: Humanoid_Blackbill2.elf
 
arm-none-eabi-size  Humanoid_Blackbill2.elf 
arm-none-eabi-objdump -h -S Humanoid_Blackbill2.elf  > "Humanoid_Blackbill2.list"
arm-none-eabi-objcopy  -O ihex Humanoid_Blackbill2.elf  "Humanoid_Blackbill2.hex"
   text	   data	    bss	    dec	    hex	filename
  26500	     28	   2308	  28836	   70a4	Humanoid_Blackbill2.elf
Finished building: default.size.stdout
 
arm-none-eabi-objcopy  -O binary Humanoid_Blackbill2.elf  "Humanoid_Blackbill2.bin"
Finished building: Humanoid_Blackbill2.hex
 
Finished building: Humanoid_Blackbill2.list
Finished building: Humanoid_Blackbill2.bin
 
 
08:29:09 **** Incremental Build of configuration Debug for project Humanoid_Blackbill2 ****
make -j3 all 
arm-none-eabi-gcc "../Core/Src/MotorDriver.c" -mcpu=cortex-m4 -std=gnu11 -g3 -DDEBUG -DUSE_HAL_DRIVER -DSTM32F401xC -c -I../Core/Inc -I../Drivers/STM32F4xx_HAL_Driver/Inc -I../Drivers/STM32F4xx_HAL_Driver/Inc/Legacy -I../Drivers/CMSIS/Device/ST/STM32F4xx/Include -I../Drivers/CMSIS/Include -O0 -ffunction-sections -fdata-sections -Wall -fstack-usage -fcyclomatic-complexity -MMD -MP -MF"Core/Src/MotorDriver.d" -MT"Core/Src/MotorDriver.o" --specs=nano.specs -mfpu=fpv4-sp-d16 -mfloat-abi=hard -mthumb -o "Core/Src/MotorDriver.o"
arm-none-eabi-gcc "../Core/Src/main.c" -mcpu=cortex-m4 -std=gnu11 -g3 -DDEBUG -DUSE_HAL_DRIVER -DSTM32F401xC -c -I../Core/Inc -I../Drivers/STM32F4xx_HAL_Driver/Inc -I../Drivers/STM32F4xx_HAL_Driver/Inc/Legacy -I../Drivers/CMSIS/Device/ST/STM32F4xx/Include -I../Drivers/CMSIS/Include -O0 -ffunction-sections -fdata-sections -Wall -fstack-usage -fcyclomatic-complexity -MMD -MP -MF"Core/Src/main.d" -MT"Core/Src/main.o" --specs=nano.specs -mfpu=fpv4-sp-d16 -mfloat-abi=hard -mthumb -o "Core/Src/main.o"
../Core/Src/main.c: In function 'HAL_UART_RxCpltCallback':
../Core/Src/main.c:773:12: warning: suggest parentheses around assignment used as truth value [-Wparentheses]
  773 |         if(huart->Instance = USART1){
      |            ^~~~~
arm-none-eabi-gcc -o "Humanoid_Blackbill2.elf" @"objects.list"   -mcpu=cortex-m4 -T"E:\Senior2 Mechatronics\Graduation Project\Embedded\Workspace_Humanoid\Humanoid_Blackbill2\Humanoid_Blackbill2\STM32F401RCTX_FLASH.ld" --specs=nosys.specs -Wl,-Map="Humanoid_Blackbill2.map" -Wl,--gc-sections -static --specs=nano.specs -mfpu=fpv4-sp-d16 -mfloat-abi=hard -mthumb -Wl,--start-group -lc -lm -Wl,--end-group
Finished building target: Humanoid_Blackbill2.elf
 
arm-none-eabi-size  Humanoid_Blackbill2.elf 
arm-none-eabi-objdump -h -S Humanoid_Blackbill2.elf  > "Humanoid_Blackbill2.list"
arm-none-eabi-objcopy  -O ihex Humanoid_Blackbill2.elf  "Humanoid_Blackbill2.hex"
   text	   data	    bss	    dec	    hex	filename
  26508	     28	   2308	  28844	   70ac	Humanoid_Blackbill2.elf
Finished building: default.size.stdout
 
arm-none-eabi-objcopy  -O binary Humanoid_Blackbill2.elf  "Humanoid_Blackbill2.bin"
Finished building: Humanoid_Blackbill2.hex
Finished building: Humanoid_Blackbill2.list
 
Finished building: Humanoid_Blackbill2.bin
 
 
08:35:00 **** Incremental Build of configuration Debug for project Humanoid_Blackbill2 ****
make -j3 all 
arm-none-eabi-gcc "../Core/Src/main.c" -mcpu=cortex-m4 -std=gnu11 -g3 -DDEBUG -DUSE_HAL_DRIVER -DSTM32F401xC -c -I../Core/Inc -I../Drivers/STM32F4xx_HAL_Driver/Inc -I../Drivers/STM32F4xx_HAL_Driver/Inc/Legacy -I../Drivers/CMSIS/Device/ST/STM32F4xx/Include -I../Drivers/CMSIS/Include -O0 -ffunction-sections -fdata-sections -Wall -fstack-usage -fcyclomatic-complexity -MMD -MP -MF"Core/Src/main.d" -MT"Core/Src/main.o" --specs=nano.specs -mfpu=fpv4-sp-d16 -mfloat-abi=hard -mthumb -o "Core/Src/main.o"
../Core/Src/main.c: In function 'main':
../Core/Src/main.c:202:33: error: expected ':' or '...' before 'MotorDriver_HoldObject_OneHand'
  202 |                                 MotorDriver_HoldObject_OneHand(&motorShoulderInRight_gt, 65.9);
      |                                 ^~~~~~~~~~~~~~~~~~~~~~~~~~~~~~
../Core/Src/main.c:204:33: error: expected ':' or '...' before 'MotorDriver_HoldObject_OneHand'
  204 |                                 MotorDriver_HoldObject_OneHand(&motorShoulderInRight_gt, 65.9);
      |                                 ^~~~~~~~~~~~~~~~~~~~~~~~~~~~~~
../Core/Src/main.c:206:33: error: expected ':' or '...' before 'MotorDriver_ShakeHand'
  206 |                                 MotorDriver_ShakeHand(&motorShoulderInRight_gt, 65.9);
      |                                 ^~~~~~~~~~~~~~~~~~~~~
../Core/Src/main.c: In function 'HAL_UART_RxCpltCallback':
../Core/Src/main.c:783:12: warning: suggest parentheses around assignment used as truth value [-Wparentheses]
  783 |         if(huart->Instance = USART1){
      |            ^~~~~
../Core/Src/main.c: In function 'main':
../Core/Src/main.c:202:33: warning: statement will never be executed [-Wswitch-unreachable]
  202 |                                 MotorDriver_HoldObject_OneHand(&motorShoulderInRight_gt, 65.9);
      |                                 ^~~~~~~~~~~~~~~~~~~~~~~~~~~~~~~~~~~~~~~~~~~~~~~~~~~~~~~~~~~~~~
make: *** [Core/Src/subdir.mk:40: Core/Src/main.o] Error 1
"make -j3 all" terminated with exit code 2. Build might be incomplete.
08:41:07 **** Incremental Build of configuration Debug for project Humanoid_Blackbill2 ****
make -j3 all 
arm-none-eabi-gcc "../Core/Src/main.c" -mcpu=cortex-m4 -std=gnu11 -g3 -DDEBUG -DUSE_HAL_DRIVER -DSTM32F401xC -c -I../Core/Inc -I../Drivers/STM32F4xx_HAL_Driver/Inc -I../Drivers/STM32F4xx_HAL_Driver/Inc/Legacy -I../Drivers/CMSIS/Device/ST/STM32F4xx/Include -I../Drivers/CMSIS/Include -O0 -ffunction-sections -fdata-sections -Wall -fstack-usage -fcyclomatic-complexity -MMD -MP -MF"Core/Src/main.d" -MT"Core/Src/main.o" --specs=nano.specs -mfpu=fpv4-sp-d16 -mfloat-abi=hard -mthumb -o "Core/Src/main.o"
../Core/Src/main.c: In function 'HAL_UART_RxCpltCallback':
../Core/Src/main.c:784:12: warning: suggest parentheses around assignment used as truth value [-Wparentheses]
  784 |         if(huart->Instance = USART1){
      |            ^~~~~
arm-none-eabi-gcc -o "Humanoid_Blackbill2.elf" @"objects.list"   -mcpu=cortex-m4 -T"E:\Senior2 Mechatronics\Graduation Project\Embedded\Workspace_Humanoid\Humanoid_Blackbill2\Humanoid_Blackbill2\STM32F401RCTX_FLASH.ld" --specs=nosys.specs -Wl,-Map="Humanoid_Blackbill2.map" -Wl,--gc-sections -static --specs=nano.specs -mfpu=fpv4-sp-d16 -mfloat-abi=hard -mthumb -Wl,--start-group -lc -lm -Wl,--end-group
Finished building target: Humanoid_Blackbill2.elf
 
arm-none-eabi-size  Humanoid_Blackbill2.elf 
arm-none-eabi-objdump -h -S Humanoid_Blackbill2.elf  > "Humanoid_Blackbill2.list"
arm-none-eabi-objcopy  -O ihex Humanoid_Blackbill2.elf  "Humanoid_Blackbill2.hex"
   text	   data	    bss	    dec	    hex	filename
  26292	     28	   2308	  28628	   6fd4	Humanoid_Blackbill2.elf
Finished building: default.size.stdout
 
arm-none-eabi-objcopy  -O binary Humanoid_Blackbill2.elf  "Humanoid_Blackbill2.bin"
Finished building: Humanoid_Blackbill2.hex
 
Finished building: Humanoid_Blackbill2.bin
 
Finished building: Humanoid_Blackbill2.list
 
08:43:52 **** Incremental Build of configuration Debug for project Humanoid_Blackbill2 ****
make -j3 all 
arm-none-eabi-gcc "../Core/Src/main.c" -mcpu=cortex-m4 -std=gnu11 -g3 -DDEBUG -DUSE_HAL_DRIVER -DSTM32F401xC -c -I../Core/Inc -I../Drivers/STM32F4xx_HAL_Driver/Inc -I../Drivers/STM32F4xx_HAL_Driver/Inc/Legacy -I../Drivers/CMSIS/Device/ST/STM32F4xx/Include -I../Drivers/CMSIS/Include -O0 -ffunction-sections -fdata-sections -Wall -fstack-usage -fcyclomatic-complexity -MMD -MP -MF"Core/Src/main.d" -MT"Core/Src/main.o" --specs=nano.specs -mfpu=fpv4-sp-d16 -mfloat-abi=hard -mthumb -o "Core/Src/main.o"
../Core/Src/main.c: In function 'main':
../Core/Src/main.c:202:34: error: 'Take_this' undeclared (first use in this function)
  202 |                             case Take_this:
      |                                  ^~~~~~~~~
../Core/Src/main.c:202:34: note: each undeclared identifier is reported only once for each function it appears in
../Core/Src/main.c:204:34: error: 'Open_hand' undeclared (first use in this function)
  204 |                             case Open_hand:
      |                                  ^~~~~~~~~
../Core/Src/main.c:206:35: error: 'Shake_hand' undeclared (first use in this function)
  206 |                             case  Shake_hand:
      |                                   ^~~~~~~~~~
../Core/Src/main.c: In function 'HAL_UART_RxCpltCallback':
../Core/Src/main.c:775:12: warning: suggest parentheses around assignment used as truth value [-Wparentheses]
  775 |         if(huart->Instance = USART1){
      |            ^~~~~
make: *** [Core/Src/subdir.mk:40: Core/Src/main.o] Error 1
"make -j3 all" terminated with exit code 2. Build might be incomplete.
08:44:09 **** Incremental Build of configuration Debug for project Humanoid_Blackbill2 ****
make -j3 all 
arm-none-eabi-gcc "../Core/Src/main.c" -mcpu=cortex-m4 -std=gnu11 -g3 -DDEBUG -DUSE_HAL_DRIVER -DSTM32F401xC -c -I../Core/Inc -I../Drivers/STM32F4xx_HAL_Driver/Inc -I../Drivers/STM32F4xx_HAL_Driver/Inc/Legacy -I../Drivers/CMSIS/Device/ST/STM32F4xx/Include -I../Drivers/CMSIS/Include -O0 -ffunction-sections -fdata-sections -Wall -fstack-usage -fcyclomatic-complexity -MMD -MP -MF"Core/Src/main.d" -MT"Core/Src/main.o" --specs=nano.specs -mfpu=fpv4-sp-d16 -mfloat-abi=hard -mthumb -o "Core/Src/main.o"
../Core/Src/main.c: In function 'main':
../Core/Src/main.c:202:34: error: 'Take_this' undeclared (first use in this function)
  202 |                             case Take_this:
      |                                  ^~~~~~~~~
../Core/Src/main.c:202:34: note: each undeclared identifier is reported only once for each function it appears in
../Core/Src/main.c:204:34: error: 'Open_hand' undeclared (first use in this function)
  204 |                             case Open_hand:
      |                                  ^~~~~~~~~
../Core/Src/main.c:206:35: error: 'Shake_hand' undeclared (first use in this function)
  206 |                             case  Shake_hand:
      |                                   ^~~~~~~~~~
../Core/Src/main.c: In function 'HAL_UART_RxCpltCallback':
../Core/Src/main.c:786:12: warning: suggest parentheses around assignment used as truth value [-Wparentheses]
  786 |         if(huart->Instance = USART1){
      |            ^~~~~
make: *** [Core/Src/subdir.mk:40: Core/Src/main.o] Error 1
"make -j3 all" terminated with exit code 2. Build might be incomplete.
08:44:49 **** Incremental Build of configuration Debug for project Humanoid_Blackbill2 ****
make -j3 all 
arm-none-eabi-gcc "../Core/Src/main.c" -mcpu=cortex-m4 -std=gnu11 -g3 -DDEBUG -DUSE_HAL_DRIVER -DSTM32F401xC -c -I../Core/Inc -I../Drivers/STM32F4xx_HAL_Driver/Inc -I../Drivers/STM32F4xx_HAL_Driver/Inc/Legacy -I../Drivers/CMSIS/Device/ST/STM32F4xx/Include -I../Drivers/CMSIS/Include -O0 -ffunction-sections -fdata-sections -Wall -fstack-usage -fcyclomatic-complexity -MMD -MP -MF"Core/Src/main.d" -MT"Core/Src/main.o" --specs=nano.specs -mfpu=fpv4-sp-d16 -mfloat-abi=hard -mthumb -o "Core/Src/main.o"
../Core/Src/main.c: In function 'HAL_UART_RxCpltCallback':
../Core/Src/main.c:775:12: warning: suggest parentheses around assignment used as truth value [-Wparentheses]
  775 |         if(huart->Instance = USART1){
      |            ^~~~~
arm-none-eabi-gcc -o "Humanoid_Blackbill2.elf" @"objects.list"   -mcpu=cortex-m4 -T"E:\Senior2 Mechatronics\Graduation Project\Embedded\Workspace_Humanoid\Humanoid_Blackbill2\Humanoid_Blackbill2\STM32F401RCTX_FLASH.ld" --specs=nosys.specs -Wl,-Map="Humanoid_Blackbill2.map" -Wl,--gc-sections -static --specs=nano.specs -mfpu=fpv4-sp-d16 -mfloat-abi=hard -mthumb -Wl,--start-group -lc -lm -Wl,--end-group
Finished building target: Humanoid_Blackbill2.elf
 
arm-none-eabi-size  Humanoid_Blackbill2.elf 
arm-none-eabi-objdump -h -S Humanoid_Blackbill2.elf  > "Humanoid_Blackbill2.list"
arm-none-eabi-objcopy  -O ihex Humanoid_Blackbill2.elf  "Humanoid_Blackbill2.hex"
   text	   data	    bss	    dec	    hex	filename
  26300	     28	   2308	  28636	   6fdc	Humanoid_Blackbill2.elf
Finished building: default.size.stdout
 
arm-none-eabi-objcopy  -O binary Humanoid_Blackbill2.elf  "Humanoid_Blackbill2.bin"
Finished building: Humanoid_Blackbill2.hex
 
Finished building: Humanoid_Blackbill2.bin
 
Finished building: Humanoid_Blackbill2.list
 
08:45:07 **** Incremental Build of configuration Debug for project Humanoid_Blackbill2 ****
make -j3 all 
arm-none-eabi-gcc "../Core/Src/main.c" -mcpu=cortex-m4 -std=gnu11 -g3 -DDEBUG -DUSE_HAL_DRIVER -DSTM32F401xC -c -I../Core/Inc -I../Drivers/STM32F4xx_HAL_Driver/Inc -I../Drivers/STM32F4xx_HAL_Driver/Inc/Legacy -I../Drivers/CMSIS/Device/ST/STM32F4xx/Include -I../Drivers/CMSIS/Include -O0 -ffunction-sections -fdata-sections -Wall -fstack-usage -fcyclomatic-complexity -MMD -MP -MF"Core/Src/main.d" -MT"Core/Src/main.o" --specs=nano.specs -mfpu=fpv4-sp-d16 -mfloat-abi=hard -mthumb -o "Core/Src/main.o"
../Core/Src/main.c: In function 'HAL_UART_RxCpltCallback':
../Core/Src/main.c:775:12: warning: suggest parentheses around assignment used as truth value [-Wparentheses]
  775 |         if(huart->Instance = USART1){
      |            ^~~~~
arm-none-eabi-gcc -o "Humanoid_Blackbill2.elf" @"objects.list"   -mcpu=cortex-m4 -T"E:\Senior2 Mechatronics\Graduation Project\Embedded\Workspace_Humanoid\Humanoid_Blackbill2\Humanoid_Blackbill2\STM32F401RCTX_FLASH.ld" --specs=nosys.specs -Wl,-Map="Humanoid_Blackbill2.map" -Wl,--gc-sections -static --specs=nano.specs -mfpu=fpv4-sp-d16 -mfloat-abi=hard -mthumb -Wl,--start-group -lc -lm -Wl,--end-group
Finished building target: Humanoid_Blackbill2.elf
 
arm-none-eabi-size  Humanoid_Blackbill2.elf 
arm-none-eabi-objdump -h -S Humanoid_Blackbill2.elf  > "Humanoid_Blackbill2.list"
   text	   data	    bss	    dec	    hex	filename
  26300	     28	   2308	  28636	   6fdc	Humanoid_Blackbill2.elf
arm-none-eabi-objcopy  -O ihex Humanoid_Blackbill2.elf  "Humanoid_Blackbill2.hex"
Finished building: default.size.stdout
 
arm-none-eabi-objcopy  -O binary Humanoid_Blackbill2.elf  "Humanoid_Blackbill2.bin"
Finished building: Humanoid_Blackbill2.hex
 
Finished building: Humanoid_Blackbill2.bin
 
Finished building: Humanoid_Blackbill2.list
 
08:50:21 **** Incremental Build of configuration Debug for project Humanoid_Blackbill2 ****
make -j3 all 
arm-none-eabi-gcc "../Core/Src/main.c" -mcpu=cortex-m4 -std=gnu11 -g3 -DDEBUG -DUSE_HAL_DRIVER -DSTM32F401xC -c -I../Core/Inc -I../Drivers/STM32F4xx_HAL_Driver/Inc -I../Drivers/STM32F4xx_HAL_Driver/Inc/Legacy -I../Drivers/CMSIS/Device/ST/STM32F4xx/Include -I../Drivers/CMSIS/Include -O0 -ffunction-sections -fdata-sections -Wall -fstack-usage -fcyclomatic-complexity -MMD -MP -MF"Core/Src/main.d" -MT"Core/Src/main.o" --specs=nano.specs -mfpu=fpv4-sp-d16 -mfloat-abi=hard -mthumb -o "Core/Src/main.o"
../Core/Src/main.c: In function 'HAL_UART_RxCpltCallback':
../Core/Src/main.c:775:29: error: expected expression before '[' token
  775 |         if(huart->Instance =[ USART1]){
      |                             ^
make: *** [Core/Src/subdir.mk:40: Core/Src/main.o] Error 1
"make -j3 all" terminated with exit code 2. Build might be incomplete.
08:50:27 **** Incremental Build of configuration Debug for project Humanoid_Blackbill2 ****
make -j3 all 
arm-none-eabi-gcc "../Core/Src/main.c" -mcpu=cortex-m4 -std=gnu11 -g3 -DDEBUG -DUSE_HAL_DRIVER -DSTM32F401xC -c -I../Core/Inc -I../Drivers/STM32F4xx_HAL_Driver/Inc -I../Drivers/STM32F4xx_HAL_Driver/Inc/Legacy -I../Drivers/CMSIS/Device/ST/STM32F4xx/Include -I../Drivers/CMSIS/Include -O0 -ffunction-sections -fdata-sections -Wall -fstack-usage -fcyclomatic-complexity -MMD -MP -MF"Core/Src/main.d" -MT"Core/Src/main.o" --specs=nano.specs -mfpu=fpv4-sp-d16 -mfloat-abi=hard -mthumb -o "Core/Src/main.o"
../Core/Src/main.c: In function 'HAL_UART_RxCpltCallback':
../Core/Src/main.c:775:12: warning: suggest parentheses around assignment used as truth value [-Wparentheses]
  775 |         if(huart->Instance = USART1){
      |            ^~~~~
arm-none-eabi-gcc -o "Humanoid_Blackbill2.elf" @"objects.list"   -mcpu=cortex-m4 -T"E:\Senior2 Mechatronics\Graduation Project\Embedded\Workspace_Humanoid\Humanoid_Blackbill2\Humanoid_Blackbill2\STM32F401RCTX_FLASH.ld" --specs=nosys.specs -Wl,-Map="Humanoid_Blackbill2.map" -Wl,--gc-sections -static --specs=nano.specs -mfpu=fpv4-sp-d16 -mfloat-abi=hard -mthumb -Wl,--start-group -lc -lm -Wl,--end-group
Finished building target: Humanoid_Blackbill2.elf
 
arm-none-eabi-size  Humanoid_Blackbill2.elf 
arm-none-eabi-objdump -h -S Humanoid_Blackbill2.elf  > "Humanoid_Blackbill2.list"
arm-none-eabi-objcopy  -O ihex Humanoid_Blackbill2.elf  "Humanoid_Blackbill2.hex"
   text	   data	    bss	    dec	    hex	filename
  26300	     28	   2308	  28636	   6fdc	Humanoid_Blackbill2.elf
Finished building: default.size.stdout
 
arm-none-eabi-objcopy  -O binary Humanoid_Blackbill2.elf  "Humanoid_Blackbill2.bin"
Finished building: Humanoid_Blackbill2.hex
 
Finished building: Humanoid_Blackbill2.bin
 
Finished building: Humanoid_Blackbill2.list
 
08:53:46 **** Incremental Build of configuration Debug for project Humanoid_Blackbill2 ****
make -j3 all 
arm-none-eabi-gcc "../Core/Src/main.c" -mcpu=cortex-m4 -std=gnu11 -g3 -DDEBUG -DUSE_HAL_DRIVER -DSTM32F401xC -c -I../Core/Inc -I../Drivers/STM32F4xx_HAL_Driver/Inc -I../Drivers/STM32F4xx_HAL_Driver/Inc/Legacy -I../Drivers/CMSIS/Device/ST/STM32F4xx/Include -I../Drivers/CMSIS/Include -O0 -ffunction-sections -fdata-sections -Wall -fstack-usage -fcyclomatic-complexity -MMD -MP -MF"Core/Src/main.d" -MT"Core/Src/main.o" --specs=nano.specs -mfpu=fpv4-sp-d16 -mfloat-abi=hard -mthumb -o "Core/Src/main.o"
../Core/Src/main.c: In function 'HAL_UART_RxCpltCallback':
../Core/Src/main.c:777:12: warning: suggest parentheses around assignment used as truth value [-Wparentheses]
  777 |         if(huart->Instance = USART1){
      |            ^~~~~
arm-none-eabi-gcc -o "Humanoid_Blackbill2.elf" @"objects.list"   -mcpu=cortex-m4 -T"E:\Senior2 Mechatronics\Graduation Project\Embedded\Workspace_Humanoid\Humanoid_Blackbill2\Humanoid_Blackbill2\STM32F401RCTX_FLASH.ld" --specs=nosys.specs -Wl,-Map="Humanoid_Blackbill2.map" -Wl,--gc-sections -static --specs=nano.specs -mfpu=fpv4-sp-d16 -mfloat-abi=hard -mthumb -Wl,--start-group -lc -lm -Wl,--end-group
Finished building target: Humanoid_Blackbill2.elf
 
arm-none-eabi-size  Humanoid_Blackbill2.elf 
arm-none-eabi-objdump -h -S Humanoid_Blackbill2.elf  > "Humanoid_Blackbill2.list"
arm-none-eabi-objcopy  -O ihex Humanoid_Blackbill2.elf  "Humanoid_Blackbill2.hex"
   text	   data	    bss	    dec	    hex	filename
  26300	     28	   2308	  28636	   6fdc	Humanoid_Blackbill2.elf
Finished building: default.size.stdout
 
arm-none-eabi-objcopy  -O binary Humanoid_Blackbill2.elf  "Humanoid_Blackbill2.bin"
Finished building: Humanoid_Blackbill2.hex
Finished building: Humanoid_Blackbill2.bin
 
 
Finished building: Humanoid_Blackbill2.list
 
