01:28:49 **** Incremental Build of configuration Debug for project Humanoid_Blackbill2 ****
make -j3 all 
arm-none-eabi-gcc "../Core/Src/MotorDriver.c" -mcpu=cortex-m4 -std=gnu11 -g3 -DDEBUG -DUSE_HAL_DRIVER -DSTM32F401xC -c -I../Core/Inc -I../Drivers/STM32F4xx_HAL_Driver/Inc -I../Drivers/STM32F4xx_HAL_Driver/Inc/Legacy -I../Drivers/CMSIS/Device/ST/STM32F4xx/Include -I../Drivers/CMSIS/Include -O0 -ffunction-sections -fdata-sections -Wall -fstack-usage -fcyclomatic-complexity -MMD -MP -MF"Core/Src/MotorDriver.d" -MT"Core/Src/MotorDriver.o" --specs=nano.specs -mfpu=fpv4-sp-d16 -mfloat-abi=hard -mthumb -o "Core/Src/MotorDriver.o"
arm-none-eabi-gcc "../Core/Src/main.c" -mcpu=cortex-m4 -std=gnu11 -g3 -DDEBUG -DUSE_HAL_DRIVER -DSTM32F401xC -c -I../Core/Inc -I../Drivers/STM32F4xx_HAL_Driver/Inc -I../Drivers/STM32F4xx_HAL_Driver/Inc/Legacy -I../Drivers/CMSIS/Device/ST/STM32F4xx/Include -I../Drivers/CMSIS/Include -O0 -ffunction-sections -fdata-sections -Wall -fstack-usage -fcyclomatic-complexity -MMD -MP -MF"Core/Src/main.d" -MT"Core/Src/main.o" --specs=nano.specs -mfpu=fpv4-sp-d16 -mfloat-abi=hard -mthumb -o "Core/Src/main.o"
../Core/Src/MotorDriver.c: In function 'MotorDriver_OpenHandandRelease':
../Core/Src/MotorDriver.c:47:27: warning: passing argument 1 of 'HAL_TIM_PWM_Start' from incompatible pointer type [-Wincompatible-pointer-types]
   47 |         HAL_TIM_PWM_Start(&(Motor->timer), Motor->channel);
      |                           ^~~~~~~~~~~~~~~
      |                           |
      |                           TIM_HandleTypeDef **
In file included from ../Core/Inc/stm32f4xx_hal_conf.h:407,
                 from ../Drivers/STM32F4xx_HAL_Driver/Inc/stm32f4xx_hal.h:29,
                 from ../Core/Inc/main.h:30,
                 from ../Core/Inc/MotorDriver.h:10,
                 from ../Core/Src/MotorDriver.c:10:
../Drivers/STM32F4xx_HAL_Driver/Inc/stm32f4xx_hal_tim.h:1940:56: note: expected 'TIM_HandleTypeDef *' but argument is of type 'TIM_HandleTypeDef **'
 1940 | HAL_StatusTypeDef HAL_TIM_PWM_Start(TIM_HandleTypeDef *htim, uint32_t Channel);
      |                                     ~~~~~~~~~~~~~~~~~~~^~~~
../Core/Src/MotorDriver.c: In function 'MotorDriver_ShakeHand':
../Core/Src/MotorDriver.c:113:27: warning: passing argument 1 of 'HAL_TIM_PWM_Start' from incompatible pointer type [-Wincompatible-pointer-types]
  113 |         HAL_TIM_PWM_Start(&(Motor->timer), Motor->channel);
      |                           ^~~~~~~~~~~~~~~
      |                           |
      |                           TIM_HandleTypeDef **
In file included from ../Core/Inc/stm32f4xx_hal_conf.h:407,
                 from ../Drivers/STM32F4xx_HAL_Driver/Inc/stm32f4xx_hal.h:29,
                 from ../Core/Inc/main.h:30,
                 from ../Core/Inc/MotorDriver.h:10,
                 from ../Core/Src/MotorDriver.c:10:
../Drivers/STM32F4xx_HAL_Driver/Inc/stm32f4xx_hal_tim.h:1940:56: note: expected 'TIM_HandleTypeDef *' but argument is of type 'TIM_HandleTypeDef **'
 1940 | HAL_StatusTypeDef HAL_TIM_PWM_Start(TIM_HandleTypeDef *htim, uint32_t Channel);
      |                                     ~~~~~~~~~~~~~~~~~~~^~~~
../Core/Src/MotorDriver.c: In function 'MotorDriver_HoldObject_OneHand':
../Core/Src/MotorDriver.c:154:43: warning: passing argument 1 of 'HAL_TIM_PWM_Start' from incompatible pointer type [-Wincompatible-pointer-types]
  154 |                         HAL_TIM_PWM_Start(&(Motor->timer), Motor->channel);
      |                                           ^~~~~~~~~~~~~~~
      |                                           |
      |                                           TIM_HandleTypeDef **
In file included from ../Core/Inc/stm32f4xx_hal_conf.h:407,
                 from ../Drivers/STM32F4xx_HAL_Driver/Inc/stm32f4xx_hal.h:29,
                 from ../Core/Inc/main.h:30,
                 from ../Core/Inc/MotorDriver.h:10,
                 from ../Core/Src/MotorDriver.c:10:
../Drivers/STM32F4xx_HAL_Driver/Inc/stm32f4xx_hal_tim.h:1940:56: note: expected 'TIM_HandleTypeDef *' but argument is of type 'TIM_HandleTypeDef **'
 1940 | HAL_StatusTypeDef HAL_TIM_PWM_Start(TIM_HandleTypeDef *htim, uint32_t Channel);
      |                                     ~~~~~~~~~~~~~~~~~~~^~~~
../Core/Src/MotorDriver.c: At top level:
../Core/Src/MotorDriver.c:185:2: warning: return type defaults to 'int' [-Wimplicit-int]
  185 |  MotorDriver_HoldObject_OneHand_Left(MotorConfig_t *Motor , uint16_t CCRX_Value )
      |  ^~~~~~~~~~~~~~~~~~~~~~~~~~~~~~~~~~~
../Core/Src/MotorDriver.c:185:2: warning: conflicting types for 'MotorDriver_HoldObject_OneHand_Left'
In file included from ../Core/Src/MotorDriver.c:10:
../Core/Inc/MotorDriver.h:63:7: note: previous declaration of 'MotorDriver_HoldObject_OneHand_Left' with type 'void(MotorConfig_t *, uint16_t)' {aka 'void(MotorConfig_t *, short unsigned int)'}
   63 | void  MotorDriver_HoldObject_OneHand_Left(MotorConfig_t *Motor , uint16_t CCRX_Value );
      |       ^~~~~~~~~~~~~~~~~~~~~~~~~~~~~~~~~~~
../Core/Src/MotorDriver.c: In function 'MotorDriver_HoldObject_OneHand_Left':
../Core/Src/MotorDriver.c:212:51: warning: passing argument 1 of 'HAL_TIM_PWM_Start' from incompatible pointer type [-Wincompatible-pointer-types]
  212 |                                 HAL_TIM_PWM_Start(&(Motor->timer), Motor->channel);
      |                                                   ^~~~~~~~~~~~~~~
      |                                                   |
      |                                                   TIM_HandleTypeDef **
In file included from ../Core/Inc/stm32f4xx_hal_conf.h:407,
                 from ../Drivers/STM32F4xx_HAL_Driver/Inc/stm32f4xx_hal.h:29,
                 from ../Core/Inc/main.h:30,
                 from ../Core/Inc/MotorDriver.h:10,
                 from ../Core/Src/MotorDriver.c:10:
../Drivers/STM32F4xx_HAL_Driver/Inc/stm32f4xx_hal_tim.h:1940:56: note: expected 'TIM_HandleTypeDef *' but argument is of type 'TIM_HandleTypeDef **'
 1940 | HAL_StatusTypeDef HAL_TIM_PWM_Start(TIM_HandleTypeDef *htim, uint32_t Channel);
      |                                     ~~~~~~~~~~~~~~~~~~~^~~~
../Core/Src/MotorDriver.c: In function 'MotorDriver_HoldObject_twoHand':
../Core/Src/MotorDriver.c:283:27: warning: passing argument 1 of 'HAL_TIM_PWM_Start' from incompatible pointer type [-Wincompatible-pointer-types]
  283 |         HAL_TIM_PWM_Start(&(Motor_Right->timer), Motor_Right->channel);
      |                           ^~~~~~~~~~~~~~~~~~~~~
      |                           |
      |                           TIM_HandleTypeDef **
In file included from ../Core/Inc/stm32f4xx_hal_conf.h:407,
                 from ../Drivers/STM32F4xx_HAL_Driver/Inc/stm32f4xx_hal.h:29,
                 from ../Core/Inc/main.h:30,
                 from ../Core/Inc/MotorDriver.h:10,
                 from ../Core/Src/MotorDriver.c:10:
../Drivers/STM32F4xx_HAL_Driver/Inc/stm32f4xx_hal_tim.h:1940:56: note: expected 'TIM_HandleTypeDef *' but argument is of type 'TIM_HandleTypeDef **'
 1940 | HAL_StatusTypeDef HAL_TIM_PWM_Start(TIM_HandleTypeDef *htim, uint32_t Channel);
      |                                     ~~~~~~~~~~~~~~~~~~~^~~~
../Core/Src/MotorDriver.c:296:27: warning: passing argument 1 of 'HAL_TIM_PWM_Start' from incompatible pointer type [-Wincompatible-pointer-types]
  296 |         HAL_TIM_PWM_Start(&(Motor_Left->timer), Motor_Left->channel);
      |                           ^~~~~~~~~~~~~~~~~~~~
      |                           |
      |                           TIM_HandleTypeDef **
In file included from ../Core/Inc/stm32f4xx_hal_conf.h:407,
                 from ../Drivers/STM32F4xx_HAL_Driver/Inc/stm32f4xx_hal.h:29,
                 from ../Core/Inc/main.h:30,
                 from ../Core/Inc/MotorDriver.h:10,
                 from ../Core/Src/MotorDriver.c:10:
../Drivers/STM32F4xx_HAL_Driver/Inc/stm32f4xx_hal_tim.h:1940:56: note: expected 'TIM_HandleTypeDef *' but argument is of type 'TIM_HandleTypeDef **'
 1940 | HAL_StatusTypeDef HAL_TIM_PWM_Start(TIM_HandleTypeDef *htim, uint32_t Channel);
      |                                     ~~~~~~~~~~~~~~~~~~~^~~~
../Core/Src/main.c: In function 'HAL_UART_RxCpltCallback':
../Core/Src/main.c:772:12: warning: suggest parentheses around assignment used as truth value [-Wparentheses]
  772 |         if(huart->Instance = USART1){
      |            ^~~~~
arm-none-eabi-gcc -o "Humanoid_Blackbill2.elf" @"objects.list"   -mcpu=cortex-m4 -T"E:\Senior2 Mechatronics\Graduation Project\Embedded\Workspace_Humanoid\Humanoid_Blackbill2\Humanoid_Blackbill2\STM32F401RCTX_FLASH.ld" --specs=nosys.specs -Wl,-Map="Humanoid_Blackbill2.map" -Wl,--gc-sections -static --specs=nano.specs -mfpu=fpv4-sp-d16 -mfloat-abi=hard -mthumb -Wl,--start-group -lc -lm -Wl,--end-group
Finished building target: Humanoid_Blackbill2.elf
 
arm-none-eabi-size  Humanoid_Blackbill2.elf 
arm-none-eabi-objdump -h -S Humanoid_Blackbill2.elf  > "Humanoid_Blackbill2.list"
   text	   data	    bss	    dec	    hex	filename
  26500	     28	   2308	  28836	   70a4	Humanoid_Blackbill2.elf
arm-none-eabi-objcopy  -O ihex Humanoid_Blackbill2.elf  "Humanoid_Blackbill2.hex"
Finished building: default.size.stdout
 
arm-none-eabi-objcopy  -O binary Humanoid_Blackbill2.elf  "Humanoid_Blackbill2.bin"
Finished building: Humanoid_Blackbill2.hex
 
Finished building: Humanoid_Blackbill2.list
Finished building: Humanoid_Blackbill2.bin
 
 

01:28:52 Build Finished. 0 errors, 9 warnings. (took 2s.825ms)

