../Core/Src/main.c:128:6:HAL_TIM_IC_CaptureCallback	16	static
../Core/Src/main.c:150:5:main	8	static
../Core/Src/main.c:220:6:SystemClock_Config	88	static
../Core/Src/main.c:267:13:MX_I2C1_Init	8	static
../Core/Src/main.c:301:13:MX_TIM1_Init	80	static
../Core/Src/main.c:370:13:MX_TIM2_Init	48	static
../Core/Src/main.c:423:13:MX_TIM3_Init	56	static
../Core/Src/main.c:472:13:MX_TIM4_Init	56	static
../Core/Src/main.c:521:13:MX_TIM5_Init	64	static
../Core/Src/main.c:588:13:MX_TIM9_Init	40	static
../Core/Src/main.c:630:13:MX_TIM10_Init	8	static
../Core/Src/main.c:661:13:MX_TIM11_Init	8	static
../Core/Src/main.c:692:13:MX_USART1_UART_Init	8	static
../Core/Src/main.c:725:13:MX_GPIO_Init	48	static
../Core/Src/main.c:765:6:HAL_UART_RxCpltCallback	16	static
../Core/Src/main.c:783:6:Error_Handler	4	static,ignoring_inline_asm
