../Core/Src/main.c:140:6:HAL_TIM_IC_CaptureCallback	16	static
../Core/Src/main.c:160:5:main	8	static
../Core/Src/main.c:305:6:SystemClock_Config	88	static
../Core/Src/main.c:352:13:MX_I2C1_Init	8	static
../Core/Src/main.c:386:13:MX_TIM1_Init	80	static
../Core/Src/main.c:455:13:MX_TIM2_Init	48	static
../Core/Src/main.c:508:13:MX_TIM3_Init	56	static
../Core/Src/main.c:557:13:MX_TIM4_Init	56	static
../Core/Src/main.c:606:13:MX_TIM5_Init	64	static
../Core/Src/main.c:673:13:MX_TIM9_Init	40	static
../Core/Src/main.c:715:13:MX_TIM10_Init	8	static
../Core/Src/main.c:746:13:MX_TIM11_Init	8	static
../Core/Src/main.c:777:13:MX_USART1_UART_Init	8	static
../Core/Src/main.c:811:13:MX_GPIO_Init	48	static
../Core/Src/main.c:851:6:HAL_UART_RxCpltCallback	16	static
../Core/Src/main.c:874:6:TAKE_OBJECT	8	static
../Core/Src/main.c:922:6:RELEASE_OBJECT	8	static
../Core/Src/main.c:958:6:SHAKE_HAND	8	static
../Core/Src/main.c:1013:6:Error_Handler	4	static,ignoring_inline_asm
