../Core/Src/main.c:134:6:HAL_TIM_IC_CaptureCallback	16	static
../Core/Src/main.c:154:5:main	8	static
../Core/Src/main.c:241:6:SystemClock_Config	88	static
../Core/Src/main.c:288:13:MX_I2C1_Init	8	static
../Core/Src/main.c:322:13:MX_TIM1_Init	80	static
../Core/Src/main.c:391:13:MX_TIM2_Init	48	static
../Core/Src/main.c:444:13:MX_TIM3_Init	56	static
../Core/Src/main.c:493:13:MX_TIM4_Init	56	static
../Core/Src/main.c:542:13:MX_TIM5_Init	64	static
../Core/Src/main.c:609:13:MX_TIM9_Init	40	static
../Core/Src/main.c:651:13:MX_TIM10_Init	8	static
../Core/Src/main.c:682:13:MX_TIM11_Init	8	static
../Core/Src/main.c:713:13:MX_USART1_UART_Init	8	static
../Core/Src/main.c:747:13:MX_GPIO_Init	48	static
../Core/Src/main.c:787:6:HAL_UART_RxCpltCallback	16	static
../Core/Src/main.c:811:6:TAKE_OBJECT	8	static
../Core/Src/main.c:859:6:RELEASE_OBJECT	8	static
../Core/Src/main.c:895:6:SHAKE_HAND	8	static
../Core/Src/main.c:950:6:Error_Handler	4	static,ignoring_inline_asm
